CreateFile(文件名、目录名或卷标语法不正确。123) : X:\disks\016\B.媒体文件\02.经咒仪轨-未去重\单人等多个文件\汉传梵呗等多个文件\汉传梵呗\其他\[讚佛偈]慢板+地鐘六字佛號轉四字佛號+追頂念佛+剎板。提供學員學習法器，唱誦，螢幕顯示法器板眼並明示每一步驟，方便學習。執法器.大磬_王淑月.鐘鼓_魏明戒.地鐘_魏明戒。王淑月.魏明戒恭誦。.mp4
CreateFile(文件名、目录名或卷标语法不正确。123) : X:\disks\016\B.媒体文件\02.经咒仪轨-未去重\单人等多个文件\汉传梵呗等多个文件\汉传梵呗\动物的苦难世界\观苦18 危险的邻居 畜生就是人 看到蛇好可怕 看到狗啧啧啧 因为我們始终把畜生当畜生 应该学着把畜生当人 它造业轮回 曾几何时你也是多苦 试着到草丛躺着 把身体绑着 学蛇在那里滚 学着找食物 因为没得吃 你会勉强吃 这就是畜生.mp4
CreateFile(文件名、目录名或卷标语法不正确。123) : X:\disks\016\B.媒体文件\02.经咒仪轨-未去重2\单人等多个文件\宏忍师梵唱录音--《净名兰若》\宏忍师淨名蘭若梵唱-客尘附文字版\4赞佛偈：阿弥陀佛身金色，相好光明无等伦，白毫宛转五须弥，绀目澄清四大海，光中化佛无数亿，化菩萨众亦无边，四十八愿度众生，九品咸令登彼岸.南无西方极乐世界，大慈大悲阿弥陀佛.mp3
CreateFile(文件名、目录名或卷标语法不正确。123) : X:\disks\016\B.媒体文件\02.经咒仪轨-未去重2\单人等多个文件\宏忍师梵唱录音--《净名兰若》(1)\宏忍师淨名蘭若梵唱-客尘附文字版\4赞佛偈：阿弥陀佛身金色，相好光明无等伦，白毫宛转五须弥，绀目澄清四大海，光中化佛无数亿，化菩萨众亦无边，四十八愿度众生，九品咸令登彼岸.南无西方极乐世界，大慈大悲阿弥陀佛.mp3

CreateFile(文件名、目录名或卷标语法不正确。123) : X:\disks\017\B.媒体文件\03.讲法音视频\宣化上人\合集1：宣化上人【64.16GB】\宣化上人图片629\大陆及香港时期——34\a31——59年农历七月，延请十方大德师僧，为虚老顶礼消灾延寿药师宝忏，延生普佛。农历十月十二日（农历九月十一日，下午一时四十五分）虚老圆寂于云居山真如禅寺。农历十月初四，遣薛果凤、马果仙两居士赴云居山，迎虚老舍利及灵骨供养。图为59年纪念虚公120岁
CreateFile(文件名、目录名或卷标语法不正确。123) : X:\disks\017\B.媒体文件\03.讲法音视频\宣化上人\合集1：宣化上人【64.16GB】\宣化上人图片629\美国60年代——28\b21b——68年暑期楞严班之后，一花开五叶——五位美国人在上人座下出家，至台湾基隆海会寺受具足戒，是美国始有僧相的记录.（68年春节时上人预言当年美国佛教会有五朵莲花出现，意当指此）.jpg
CreateFile(文件名、目录名或卷标语法不正确。123) : X:\disks\017\B.媒体文件\03.讲法音视频\宣化上人\合集1：宣化上人【64.16GB】\宣化上人图片629\美国70年代——70\b40——73年金山禅寺剃度仪式(六位新出家人分别是香港佛教讲堂的捐赠人恒夫、曾带着一把斧头拜访上人而被上人揭穿的恒斧、西班牙文弥陀经的翻译恒珍、打过72天饿七的恒空、三藩市一位商人的独子恒禄、来自南非的恒沈.jpg
CreateFile(文件名、目录名或卷标语法不正确。123) : X:\disks\017\B.媒体文件\03.讲法音视频\宣化上人\合集1：宣化上人【64.16GB】\宣化上人图片629\美国70年代——70\b46——74年美籍出家弟子恒具、恒由两行者，为祈世界和平，73年开始由三藩市三步一拜至西雅图金峰圣寺，创美国佛教史第一次三步一拜的先例，上人于三藩市庆祝从三藩市三步一拜拜到华盛顿以祈求世界和平的恒具比丘朝拜圆满.jpg
CreateFile(文件名、目录名或卷标语法不正确。123) : X:\disks\017\B.媒体文件\03.讲法音视频\宣化上人\合集1：宣化上人【64.16GB】\宣化上人图片629\美国70年代——70\b54——75年上人与慧僧法师在为大学生讲法（多年来上人曾在柏克莱加大、戴维斯加大、洛杉矶南加大、史旦福大学、威斯康辛大学、明尼苏达大学、汉堡大学、奥立岡大学、华盛顿大学、夏威夷大学、加拿大卑诗大学讲演佛法）.jpg
CreateFile(文件名、目录名或卷标语法不正确。123) : X:\disks\017\B.媒体文件\03.讲法音视频\宣化上人\合集1：宣化上人【64.16GB】\宣化上人图片629\美国70年代——70\b73——1978 年，宣化上人率领‘中美佛教总会暨万佛城法界大学亚洲访问团’莅马，在马全国各地宣讲 地藏经 。在四十二天的弘法及参观访问中，归依三宝者达六千余人，打破全马佛教弘法纪录。.jpg
CreateFile(文件名、目录名或卷标语法不正确。123) : X:\disks\017\B.媒体文件\03.讲法音视频\宣化上人\合集1：宣化上人【64.16GB】\宣化上人图片629\美国80年代——43\b116——87年应上人邀请包括明旸法师、真禅法师、妙善法师在内的中国佛教法务团来圣城举办水陆空大法会，这是中国佛教史上，人数最多，路途最远的一次法务活动，从海内外赴会者有数千人.jpg
CreateFile(文件名、目录名或卷标语法不正确。123) : X:\disks\017\B.媒体文件\03.讲法音视频\宣化上人\合集1：宣化上人【64.16GB】\宣化上人图片629\美国80年代——43\b118——88年、89年两次至加拿大卑诗大学讲演：大学要旨，儒教：做人的根本、如何在现代社会发扬中国传统美德、智能及和谐之追寻；我们对社会国家及世界之责任、科技之根本、如何以佛教观点掌握生命
CreateFile(文件名、目录名或卷标语法不正确。123) : X:\disks\017\B.媒体文件\03.讲法音视频\宣化上人\合集1：宣化上人【64.16GB】\宣化上人图片629\美国80年代——43\b118——88年、89年两次至加拿大卑诗大学讲演：大学要旨，儒教：做人的根本、如何在现代社会发扬中国传统美德、智能及和谐之追寻；我们对社会国家及世界之责任、科技之根本、如何以佛教观点掌握生命.jpg
CreateFile(文件名、目录名或卷标语法不正确。123) : X:\disks\017\B.媒体文件\03.讲法音视频\宣化上人\合集1：宣化上人【64.16GB】\宣化上人图片629\美国80年代——43\b129——89年10、11月上人率领法界佛教总会、法界佛教大学第四次国际弘法团赴台湾举行护国息灾法会，其间三藩市发生强烈地震，上人立即返美救灾（上人曾说他在三藩市一天就不允许三藩市地震）.jpg
CreateFile(文件名、目录名或卷标语法不正确。123) : X:\disks\017\B.媒体文件\03.讲法音视频\忏云法师\2. 齋戒學會開示\聲音檔-懺雲法師\B26. 齋戒學會(廿六)\0863 齋戒學會(廿六) 答問 念佛方法 出家度眾皆因緣 無我義 色如聚沫 受如水泡 想如陽燄 宗喀巴大師自畫像展笑問訊母親 天命謂之性 喜怒哀樂未發謂之中 發而皆中節謂之和 身口意三業心為主.mp3
CreateFile(文件名、目录名或卷标语法不正确。123) : X:\disks\017\B.媒体文件\03.讲法音视频\忏云法师\2. 齋戒學會開示\聲音檔-懺雲法師\B27. 齋戒學會(廿七)\0878 齋戒學會(廿七) 師29歲欲出家 初抵北平淨蓮寺掛單心神不安 恭誦普賢行願品安定身心 禮敬諸佛 稱讚如來 廣修供養 長庚醫院念佛堂 懺悔業障 請轉法輪 請佛住世 常隨佛學 恆順眾生 普皆回向.mp3
CreateFile(文件名、目录名或卷标语法不正确。123) : X:\disks\017\B.媒体文件\03.讲法音视频\忏云法师\2. 齋戒學會開示\聲音檔-懺雲法師\B27. 齋戒學會(廿七)\0911 齋戒學會(廿七) 慈誓攝心 深切信心 把握佛法大綱 背經使了解義理 結業典禮(遺教經講座) 齋戒會緣起 中興大學學生祈請求受八關齋戒 培育人才接棒 鼓勵背經 大乘起信論立義分 歷史公案啟示.mp3
CreateFile(文件名、目录名或卷标语法不正确。123) : X:\disks\017\B.媒体文件\03.讲法音视频\忏云法师\单人等多个文件\懺雲法師（150G)\2. 齋戒學會開示\聲音檔-懺雲法師\B26. 齋戒學會(廿六)\0863 齋戒學會(廿六) 答問 念佛方法 出家度眾皆因緣 無我義 色如聚沫 受如水泡 想如陽燄 宗喀巴大師自畫像展笑問訊母親 天命謂之性 喜怒哀樂未發謂之中 發而皆中節謂之和 身口意三業心為主.mp3
CreateFile(文件名、目录名或卷标语法不正确。123) : X:\disks\017\B.媒体文件\03.讲法音视频\忏云法师\单人等多个文件\懺雲法師（150G)\2. 齋戒學會開示\聲音檔-懺雲法師\B27. 齋戒學會(廿七)\0878 齋戒學會(廿七) 師29歲欲出家 初抵北平淨蓮寺掛單心神不安 恭誦普賢行願品安定身心 禮敬諸佛 稱讚如來 廣修供養 長庚醫院念佛堂 懺悔業障 請轉法輪 請佛住世 常隨佛學 恆順眾生 普皆回向.mp3
CreateFile(文件名、目录名或卷标语法不正确。123) : X:\disks\017\B.媒体文件\03.讲法音视频\忏云法师\单人等多个文件\懺雲法師（150G)\2. 齋戒學會開示\聲音檔-懺雲法師\B27. 齋戒學會(廿七)\0911 齋戒學會(廿七) 慈誓攝心 深切信心 把握佛法大綱 背經使了解義理 結業典禮(遺教經講座) 齋戒會緣起 中興大學學生祈請求受八關齋戒 培育人才接棒 鼓勵背經 大乘起信論立義分 歷史公案啟示.mp3
CreateFile(文件名、目录名或卷标语法不正确。123) : X:\disks\017\B.媒体文件\03.讲法音视频\忏云法师\单人等多个文件\懺雲法師（150G)(1)\2. 齋戒學會開示\聲音檔-懺雲法師\B26. 齋戒學會(廿六)\0863 齋戒學會(廿六) 答問 念佛方法 出家度眾皆因緣 無我義 色如聚沫 受如水泡 想如陽燄 宗喀巴大師自畫像展笑問訊母親 天命謂之性 喜怒哀樂未發謂之中 發而皆中節謂之和 身口意三業心為主.mp3
CreateFile(文件名、目录名或卷标语法不正确。123) : X:\disks\017\B.媒体文件\03.讲法音视频\忏云法师\单人等多个文件\懺雲法師（150G)(1)\2. 齋戒學會開示\聲音檔-懺雲法師\B27. 齋戒學會(廿七)\0878 齋戒學會(廿七) 師29歲欲出家 初抵北平淨蓮寺掛單心神不安 恭誦普賢行願品安定身心 禮敬諸佛 稱讚如來 廣修供養 長庚醫院念佛堂 懺悔業障 請轉法輪 請佛住世 常隨佛學 恆順眾生 普皆回向.mp3
CreateFile(文件名、目录名或卷标语法不正确。123) : X:\disks\017\B.媒体文件\03.讲法音视频\忏云法师\单人等多个文件\懺雲法師（150G)(1)\2. 齋戒學會開示\聲音檔-懺雲法師\B27. 齋戒學會(廿七)\0911 齋戒學會(廿七) 慈誓攝心 深切信心 把握佛法大綱 背經使了解義理 結業典禮(遺教經講座) 齋戒會緣起 中興大學學生祈請求受八關齋戒 培育人才接棒 鼓勵背經 大乘起信論立義分 歷史公案啟示.mp3

CreateFile(文件名、目录名或卷标语法不正确。123) : X:\disks\012\B.媒体文件\03.讲法音视频\净戒法师\单人等多个文件\净戒法师讲座\楞严经音频mp3\楞严经  157  大势至菩萨念佛圆通章释·3·香光庄严乙二、陈述念佛三昧的传承源流。我忆往昔恒河沙劫，有佛出世，名无量光，十二如来，相继一劫，其最后佛，名超日月光。彼佛教我念佛三昧。130721_001.MP3
CreateFile(文件名、目录名或卷标语法不正确。123) : X:\disks\012\B.媒体文件\03.讲法音视频\净戒法师\单人等多个文件\净戒法师讲座\楞严经音频mp3\楞严经  60  子二、开示無大小之义：阿难白佛言：世尊！若此见性，必我非余，我与如来观四天王胜藏宝殿，居日月宫，此见周圆，遍娑婆国；退归精舍，只见伽蓝，清心户堂，但瞻檐庑。130623_002.MP3
CreateFile(文件名、目录名或卷标语法不正确。123) : X:\disks\012\B.媒体文件\03.讲法音视频\净戒法师\单人等多个文件\净戒法师讲座\楞严经音频mp3\楞严经  99 辛四、阐明如来藏性即是風大之性：阿难！风性无体，动静不常。汝常整衣，入于大众，僧伽梨角，动及傍人，则有微风拂彼人面。此风为复出袈裟角？发于虚空？生彼人面？130703_003.MP3
CreateFile(文件名、目录名或卷标语法不正确。123) : X:\disks\012\B.媒体文件\03.讲法音视频\净戒法师\单人等多个文件\净戒法师讲座(2)\楞严经音频mp3\楞严经  157  大势至菩萨念佛圆通章释·3·香光庄严乙二、陈述念佛三昧的传承源流。我忆往昔恒河沙劫，有佛出世，名无量光，十二如来，相继一劫，其最后佛，名超日月光。彼佛教我念佛三昧。130721_001.MP3
CreateFile(文件名、目录名或卷标语法不正确。123) : X:\disks\012\B.媒体文件\03.讲法音视频\净戒法师\单人等多个文件\净戒法师讲座(2)\楞严经音频mp3\楞严经  60  子二、开示無大小之义：阿难白佛言：世尊！若此见性，必我非余，我与如来观四天王胜藏宝殿，居日月宫，此见周圆，遍娑婆国；退归精舍，只见伽蓝，清心户堂，但瞻檐庑。130623_002.MP3
CreateFile(文件名、目录名或卷标语法不正确。123) : X:\disks\012\B.媒体文件\03.讲法音视频\净戒法师\单人等多个文件\净戒法师讲座(2)\楞严经音频mp3\楞严经  99 辛四、阐明如来藏性即是風大之性：阿难！风性无体，动静不常。汝常整衣，入于大众，僧伽梨角，动及傍人，则有微风拂彼人面。此风为复出袈裟角？发于虚空？生彼人面？130703_003.MP3
CreateFile(文件名、目录名或卷标语法不正确。123) : X:\disks\012\B.媒体文件\03.讲法音视频\净戒法师\单人等多个文件\净戒法师讲座(3)\楞严经音频mp3\楞严经  157  大势至菩萨念佛圆通章释·3·香光庄严乙二、陈述念佛三昧的传承源流。我忆往昔恒河沙劫，有佛出世，名无量光，十二如来，相继一劫，其最后佛，名超日月光。彼佛教我念佛三昧。130721_001.MP3
CreateFile(文件名、目录名或卷标语法不正确。123) : X:\disks\012\B.媒体文件\03.讲法音视频\净戒法师\单人等多个文件\净戒法师讲座(3)\楞严经音频mp3\楞严经  60  子二、开示無大小之义：阿难白佛言：世尊！若此见性，必我非余，我与如来观四天王胜藏宝殿，居日月宫，此见周圆，遍娑婆国；退归精舍，只见伽蓝，清心户堂，但瞻檐庑。130623_002.MP3
CreateFile(文件名、目录名或卷标语法不正确。123) : X:\disks\012\B.媒体文件\03.讲法音视频\净戒法师\单人等多个文件\净戒法师讲座(3)\楞严经音频mp3\楞严经  99 辛四、阐明如来藏性即是風大之性：阿难！风性无体，动静不常。汝常整衣，入于大众，僧伽梨角，动及傍人，则有微风拂彼人面。此风为复出袈裟角？发于虚空？生彼人面？130703_003.MP3

CreateFile(文件名、目录名或卷标语法不正确。123) : X:\disks\030\B.媒体文件\03.讲法音视频\海贤和尚\淨空老法師講評 摘自 ○二｜○四二 無量壽經科註第四回學習班 第八三、八四、八六、九○集                              生 死 心 切   生  死  心  切     自了法師學習報告 「從海賢老和尚反省我們求往生的信願」.pdf

CreateFile(文件名、目录名或卷标语法不正确。123) : X:\disks\004\第二盘\7其他法师音视频1\兴德法师(60.6G)\摩诃止观\止觀·第050講 解释十章  大意-广解-C-感大果分二-1.1标牒；1.2解释分三-1.2.1证明分二-1.2.1.1果报，1.2.1.2明习果，1.2.2约广，1.2.3料简分二,1.2.3.1约修证门，1.2.3.2约习果答，D-裂大網分二-1.1标牒，1.2解释分二-1.1.1正明分二-1.1.1.1文通除自他疑網，1.1.1.2为利他裂他疑網.mp3
CreateFile(文件名、目录名或卷标语法不正确。123) : X:\disks\004\第二盘\7其他法师音视频1\兴德法师(60.6G)\摩诃止观\止觀·第051講 解释十章  大意-广解-E-歸大处分二-1.1标牒；1.2解释分二-1.2.1正明分二-1.2.1.1略解分五，1.2.1.1.1文总序旨歸来意，1.2.1.1.2释名，1.2.1.1.3举譬，1.2.1.1.4重譬密教，1.2.1.1.5约自行化他；1.2.1.2广解分三：1.2.1.2.1正释三德，1.2.1.2.2寄旨歸两字以释三德有二：1.2.1.2.2.1约可思议分二：.mp3
CreateFile(文件名、目录名或卷标语法不正确。123) : X:\disks\004\第二盘\7其他法师音视频1\兴德法师(60.6G)\摩诃止观\止觀·第052講 E-歸大处接51讲：1.2.1.2.2寄旨歸两字以释三德有二：1.2.1.2.2.1约可思议分二：1.2.1.2.2.1.1分二：1.2.1. 2.2.1.1.1总相旨歸分二：1.2.1. 2.2.1.1.1.1正明，1.2.1. 2.2.1.1.1.2引正 ；1.2.1. 2.2.1.1.2别相旨歸者；1.2.1.2.2.2约不思议者：三身，三智，三脱之名，法身，解脱，三障，三德，别於三惑，对於三德.mp3

CreateDirectory(文件名、目录名或卷标语法不正确。123) : X:\disks\005\佛典集成\[佛典]【善本佛典丛刊】\越南 国家图书馆藏，汉喃古籍网站公布43份\nlvnpf-0456《三經日誦》（《四十二章經（含頌）》《遺教經（含注）》《溈山警策》）（沙彌釋在在撰述）（越南明命十壹年歲在庚寅[1830]上福報國寺刊）（越南國家圖書館藏，漢喃古籍網站公佈）
CreateFile(系统找不到指定的路径。3) : X:\disks\005\佛典集成\[佛典]【善本佛典丛刊】\越南 国家图书馆藏，汉喃古籍网站公布43份\nlvnpf-0456《三經日誦》（《四十二章經（含頌）》《遺教經（含注）》《溈山警策》）（沙彌釋在在撰述）（越南明命十壹年歲在庚寅[1830]上福報國寺刊）（越南國家圖書館藏，漢喃古籍網站公佈）\607.html
CreateDirectory(系统找不到指定的路径。3) : X:\disks\005\佛典集成\[佛典]【善本佛典丛刊】\越南 国家图书馆藏，汉喃古籍网站公布43份\nlvnpf-0456《三經日誦》（《四十二章經（含頌）》《遺教經（含注）》《溈山警策》）（沙彌釋在在撰述）（越南明命十壹年歲在庚寅[1830]上福報國寺刊）（越南國家圖書館藏，漢喃古籍網站公佈）\01
CreateFile(系统找不到指定的路径。3) : X:\disks\005\佛典集成\[佛典]【善本佛典丛刊】\越南 国家图书馆藏，汉喃古籍网站公布43份\nlvnpf-0456《三經日誦》（《四十二章經（含頌）》《遺教經（含注）》《溈山警策》）（沙彌釋在在撰述）（越南明命十壹年歲在庚寅[1830]上福報國寺刊）（越南國家圖書館藏，漢喃古籍網站公佈）\01\001.jpg
CreateFile(系统找不到指定的路径。3) : X:\disks\005\佛典集成\[佛典]【善本佛典丛刊】\越南 国家图书馆藏，汉喃古籍网站公布43份\nlvnpf-0456《三經日誦》（《四十二章經（含頌）》《遺教經（含注）》《溈山警策》）（沙彌釋在在撰述）（越南明命十壹年歲在庚寅[1830]上福報國寺刊）（越南國家圖書館藏，漢喃古籍網站公佈）\01\002.jpg
CreateFile(系统找不到指定的路径。3) : X:\disks\005\佛典集成\[佛典]【善本佛典丛刊】\越南 国家图书馆藏，汉喃古籍网站公布43份\nlvnpf-0456《三經日誦》（《四十二章經（含頌）》《遺教經（含注）》《溈山警策》）（沙彌釋在在撰述）（越南明命十壹年歲在庚寅[1830]上福報國寺刊）（越南國家圖書館藏，漢喃古籍網站公佈）\01\003.jpg
CreateFile(系统找不到指定的路径。3) : X:\disks\005\佛典集成\[佛典]【善本佛典丛刊】\越南 国家图书馆藏，汉喃古籍网站公布43份\nlvnpf-0456《三經日誦》（《四十二章經（含頌）》《遺教經（含注）》《溈山警策》）（沙彌釋在在撰述）（越南明命十壹年歲在庚寅[1830]上福報國寺刊）（越南國家圖書館藏，漢喃古籍網站公佈）\01\004.jpg
CreateFile(系统找不到指定的路径。3) : X:\disks\005\佛典集成\[佛典]【善本佛典丛刊】\越南 国家图书馆藏，汉喃古籍网站公布43份\nlvnpf-0456《三經日誦》（《四十二章經（含頌）》《遺教經（含注）》《溈山警策》）（沙彌釋在在撰述）（越南明命十壹年歲在庚寅[1830]上福報國寺刊）（越南國家圖書館藏，漢喃古籍網站公佈）\01\005.jpg
CreateFile(系统找不到指定的路径。3) : X:\disks\005\佛典集成\[佛典]【善本佛典丛刊】\越南 国家图书馆藏，汉喃古籍网站公布43份\nlvnpf-0456《三經日誦》（《四十二章經（含頌）》《遺教經（含注）》《溈山警策》）（沙彌釋在在撰述）（越南明命十壹年歲在庚寅[1830]上福報國寺刊）（越南國家圖書館藏，漢喃古籍網站公佈）\01\006.jpg
CreateFile(系统找不到指定的路径。3) : X:\disks\005\佛典集成\[佛典]【善本佛典丛刊】\越南 国家图书馆藏，汉喃古籍网站公布43份\nlvnpf-0456《三經日誦》（《四十二章經（含頌）》《遺教經（含注）》《溈山警策》）（沙彌釋在在撰述）（越南明命十壹年歲在庚寅[1830]上福報國寺刊）（越南國家圖書館藏，漢喃古籍網站公佈）\01\007.jpg
CreateFile(系统找不到指定的路径。3) : X:\disks\005\佛典集成\[佛典]【善本佛典丛刊】\越南 国家图书馆藏，汉喃古籍网站公布43份\nlvnpf-0456《三經日誦》（《四十二章經（含頌）》《遺教經（含注）》《溈山警策》）（沙彌釋在在撰述）（越南明命十壹年歲在庚寅[1830]上福報國寺刊）（越南國家圖書館藏，漢喃古籍網站公佈）\01\008.jpg
CreateFile(系统找不到指定的路径。3) : X:\disks\005\佛典集成\[佛典]【善本佛典丛刊】\越南 国家图书馆藏，汉喃古籍网站公布43份\nlvnpf-0456《三經日誦》（《四十二章經（含頌）》《遺教經（含注）》《溈山警策》）（沙彌釋在在撰述）（越南明命十壹年歲在庚寅[1830]上福報國寺刊）（越南國家圖書館藏，漢喃古籍網站公佈）\01\009.jpg
CreateFile(系统找不到指定的路径。3) : X:\disks\005\佛典集成\[佛典]【善本佛典丛刊】\越南 国家图书馆藏，汉喃古籍网站公布43份\nlvnpf-0456《三經日誦》（《四十二章經（含頌）》《遺教經（含注）》《溈山警策》）（沙彌釋在在撰述）（越南明命十壹年歲在庚寅[1830]上福報國寺刊）（越南國家圖書館藏，漢喃古籍網站公佈）\01\010.jpg
CreateFile(系统找不到指定的路径。3) : X:\disks\005\佛典集成\[佛典]【善本佛典丛刊】\越南 国家图书馆藏，汉喃古籍网站公布43份\nlvnpf-0456《三經日誦》（《四十二章經（含頌）》《遺教經（含注）》《溈山警策》）（沙彌釋在在撰述）（越南明命十壹年歲在庚寅[1830]上福報國寺刊）（越南國家圖書館藏，漢喃古籍網站公佈）\01\011.jpg
CreateFile(系统找不到指定的路径。3) : X:\disks\005\佛典集成\[佛典]【善本佛典丛刊】\越南 国家图书馆藏，汉喃古籍网站公布43份\nlvnpf-0456《三經日誦》（《四十二章經（含頌）》《遺教經（含注）》《溈山警策》）（沙彌釋在在撰述）（越南明命十壹年歲在庚寅[1830]上福報國寺刊）（越南國家圖書館藏，漢喃古籍網站公佈）\01\012.jpg
CreateFile(系统找不到指定的路径。3) : X:\disks\005\佛典集成\[佛典]【善本佛典丛刊】\越南 国家图书馆藏，汉喃古籍网站公布43份\nlvnpf-0456《三經日誦》（《四十二章經（含頌）》《遺教經（含注）》《溈山警策》）（沙彌釋在在撰述）（越南明命十壹年歲在庚寅[1830]上福報國寺刊）（越南國家圖書館藏，漢喃古籍網站公佈）\01\013.jpg
CreateFile(系统找不到指定的路径。3) : X:\disks\005\佛典集成\[佛典]【善本佛典丛刊】\越南 国家图书馆藏，汉喃古籍网站公布43份\nlvnpf-0456《三經日誦》（《四十二章經（含頌）》《遺教經（含注）》《溈山警策》）（沙彌釋在在撰述）（越南明命十壹年歲在庚寅[1830]上福報國寺刊）（越南國家圖書館藏，漢喃古籍網站公佈）\01\014.jpg
CreateFile(系统找不到指定的路径。3) : X:\disks\005\佛典集成\[佛典]【善本佛典丛刊】\越南 国家图书馆藏，汉喃古籍网站公布43份\nlvnpf-0456《三經日誦》（《四十二章經（含頌）》《遺教經（含注）》《溈山警策》）（沙彌釋在在撰述）（越南明命十壹年歲在庚寅[1830]上福報國寺刊）（越南國家圖書館藏，漢喃古籍網站公佈）\01\015.jpg
CreateFile(系统找不到指定的路径。3) : X:\disks\005\佛典集成\[佛典]【善本佛典丛刊】\越南 国家图书馆藏，汉喃古籍网站公布43份\nlvnpf-0456《三經日誦》（《四十二章經（含頌）》《遺教經（含注）》《溈山警策》）（沙彌釋在在撰述）（越南明命十壹年歲在庚寅[1830]上福報國寺刊）（越南國家圖書館藏，漢喃古籍網站公佈）\01\016.jpg
CreateFile(系统找不到指定的路径。3) : X:\disks\005\佛典集成\[佛典]【善本佛典丛刊】\越南 国家图书馆藏，汉喃古籍网站公布43份\nlvnpf-0456《三經日誦》（《四十二章經（含頌）》《遺教經（含注）》《溈山警策》）（沙彌釋在在撰述）（越南明命十壹年歲在庚寅[1830]上福報國寺刊）（越南國家圖書館藏，漢喃古籍網站公佈）\01\017.jpg
CreateFile(系统找不到指定的路径。3) : X:\disks\005\佛典集成\[佛典]【善本佛典丛刊】\越南 国家图书馆藏，汉喃古籍网站公布43份\nlvnpf-0456《三經日誦》（《四十二章經（含頌）》《遺教經（含注）》《溈山警策》）（沙彌釋在在撰述）（越南明命十壹年歲在庚寅[1830]上福報國寺刊）（越南國家圖書館藏，漢喃古籍網站公佈）\01\018.jpg
CreateFile(系统找不到指定的路径。3) : X:\disks\005\佛典集成\[佛典]【善本佛典丛刊】\越南 国家图书馆藏，汉喃古籍网站公布43份\nlvnpf-0456《三經日誦》（《四十二章經（含頌）》《遺教經（含注）》《溈山警策》）（沙彌釋在在撰述）（越南明命十壹年歲在庚寅[1830]上福報國寺刊）（越南國家圖書館藏，漢喃古籍網站公佈）\01\019.jpg
CreateFile(系统找不到指定的路径。3) : X:\disks\005\佛典集成\[佛典]【善本佛典丛刊】\越南 国家图书馆藏，汉喃古籍网站公布43份\nlvnpf-0456《三經日誦》（《四十二章經（含頌）》《遺教經（含注）》《溈山警策》）（沙彌釋在在撰述）（越南明命十壹年歲在庚寅[1830]上福報國寺刊）（越南國家圖書館藏，漢喃古籍網站公佈）\01\020.jpg
CreateFile(系统找不到指定的路径。3) : X:\disks\005\佛典集成\[佛典]【善本佛典丛刊】\越南 国家图书馆藏，汉喃古籍网站公布43份\nlvnpf-0456《三經日誦》（《四十二章經（含頌）》《遺教經（含注）》《溈山警策》）（沙彌釋在在撰述）（越南明命十壹年歲在庚寅[1830]上福報國寺刊）（越南國家圖書館藏，漢喃古籍網站公佈）\01\021.jpg
CreateFile(系统找不到指定的路径。3) : X:\disks\005\佛典集成\[佛典]【善本佛典丛刊】\越南 国家图书馆藏，汉喃古籍网站公布43份\nlvnpf-0456《三經日誦》（《四十二章經（含頌）》《遺教經（含注）》《溈山警策》）（沙彌釋在在撰述）（越南明命十壹年歲在庚寅[1830]上福報國寺刊）（越南國家圖書館藏，漢喃古籍網站公佈）\01\022.jpg
CreateFile(系统找不到指定的路径。3) : X:\disks\005\佛典集成\[佛典]【善本佛典丛刊】\越南 国家图书馆藏，汉喃古籍网站公布43份\nlvnpf-0456《三經日誦》（《四十二章經（含頌）》《遺教經（含注）》《溈山警策》）（沙彌釋在在撰述）（越南明命十壹年歲在庚寅[1830]上福報國寺刊）（越南國家圖書館藏，漢喃古籍網站公佈）\01\023.jpg
CreateFile(系统找不到指定的路径。3) : X:\disks\005\佛典集成\[佛典]【善本佛典丛刊】\越南 国家图书馆藏，汉喃古籍网站公布43份\nlvnpf-0456《三經日誦》（《四十二章經（含頌）》《遺教經（含注）》《溈山警策》）（沙彌釋在在撰述）（越南明命十壹年歲在庚寅[1830]上福報國寺刊）（越南國家圖書館藏，漢喃古籍網站公佈）\01\024.jpg
CreateFile(系统找不到指定的路径。3) : X:\disks\005\佛典集成\[佛典]【善本佛典丛刊】\越南 国家图书馆藏，汉喃古籍网站公布43份\nlvnpf-0456《三經日誦》（《四十二章經（含頌）》《遺教經（含注）》《溈山警策》）（沙彌釋在在撰述）（越南明命十壹年歲在庚寅[1830]上福報國寺刊）（越南國家圖書館藏，漢喃古籍網站公佈）\01\025.jpg
CreateFile(系统找不到指定的路径。3) : X:\disks\005\佛典集成\[佛典]【善本佛典丛刊】\越南 国家图书馆藏，汉喃古籍网站公布43份\nlvnpf-0456《三經日誦》（《四十二章經（含頌）》《遺教經（含注）》《溈山警策》）（沙彌釋在在撰述）（越南明命十壹年歲在庚寅[1830]上福報國寺刊）（越南國家圖書館藏，漢喃古籍網站公佈）\01\026.jpg
CreateFile(系统找不到指定的路径。3) : X:\disks\005\佛典集成\[佛典]【善本佛典丛刊】\越南 国家图书馆藏，汉喃古籍网站公布43份\nlvnpf-0456《三經日誦》（《四十二章經（含頌）》《遺教經（含注）》《溈山警策》）（沙彌釋在在撰述）（越南明命十壹年歲在庚寅[1830]上福報國寺刊）（越南國家圖書館藏，漢喃古籍網站公佈）\01\027.jpg
CreateFile(系统找不到指定的路径。3) : X:\disks\005\佛典集成\[佛典]【善本佛典丛刊】\越南 国家图书馆藏，汉喃古籍网站公布43份\nlvnpf-0456《三經日誦》（《四十二章經（含頌）》《遺教經（含注）》《溈山警策》）（沙彌釋在在撰述）（越南明命十壹年歲在庚寅[1830]上福報國寺刊）（越南國家圖書館藏，漢喃古籍網站公佈）\01\028.jpg
CreateFile(系统找不到指定的路径。3) : X:\disks\005\佛典集成\[佛典]【善本佛典丛刊】\越南 国家图书馆藏，汉喃古籍网站公布43份\nlvnpf-0456《三經日誦》（《四十二章經（含頌）》《遺教經（含注）》《溈山警策》）（沙彌釋在在撰述）（越南明命十壹年歲在庚寅[1830]上福報國寺刊）（越南國家圖書館藏，漢喃古籍網站公佈）\01\029.jpg
CreateFile(系统找不到指定的路径。3) : X:\disks\005\佛典集成\[佛典]【善本佛典丛刊】\越南 国家图书馆藏，汉喃古籍网站公布43份\nlvnpf-0456《三經日誦》（《四十二章經（含頌）》《遺教經（含注）》《溈山警策》）（沙彌釋在在撰述）（越南明命十壹年歲在庚寅[1830]上福報國寺刊）（越南國家圖書館藏，漢喃古籍網站公佈）\01\030.jpg
CreateFile(系统找不到指定的路径。3) : X:\disks\005\佛典集成\[佛典]【善本佛典丛刊】\越南 国家图书馆藏，汉喃古籍网站公布43份\nlvnpf-0456《三經日誦》（《四十二章經（含頌）》《遺教經（含注）》《溈山警策》）（沙彌釋在在撰述）（越南明命十壹年歲在庚寅[1830]上福報國寺刊）（越南國家圖書館藏，漢喃古籍網站公佈）\01\031.jpg
CreateFile(系统找不到指定的路径。3) : X:\disks\005\佛典集成\[佛典]【善本佛典丛刊】\越南 国家图书馆藏，汉喃古籍网站公布43份\nlvnpf-0456《三經日誦》（《四十二章經（含頌）》《遺教經（含注）》《溈山警策》）（沙彌釋在在撰述）（越南明命十壹年歲在庚寅[1830]上福報國寺刊）（越南國家圖書館藏，漢喃古籍網站公佈）\01\032.jpg
CreateFile(系统找不到指定的路径。3) : X:\disks\005\佛典集成\[佛典]【善本佛典丛刊】\越南 国家图书馆藏，汉喃古籍网站公布43份\nlvnpf-0456《三經日誦》（《四十二章經（含頌）》《遺教經（含注）》《溈山警策》）（沙彌釋在在撰述）（越南明命十壹年歲在庚寅[1830]上福報國寺刊）（越南國家圖書館藏，漢喃古籍網站公佈）\01\033.jpg
CreateFile(系统找不到指定的路径。3) : X:\disks\005\佛典集成\[佛典]【善本佛典丛刊】\越南 国家图书馆藏，汉喃古籍网站公布43份\nlvnpf-0456《三經日誦》（《四十二章經（含頌）》《遺教經（含注）》《溈山警策》）（沙彌釋在在撰述）（越南明命十壹年歲在庚寅[1830]上福報國寺刊）（越南國家圖書館藏，漢喃古籍網站公佈）\01\034.jpg
CreateFile(系统找不到指定的路径。3) : X:\disks\005\佛典集成\[佛典]【善本佛典丛刊】\越南 国家图书馆藏，汉喃古籍网站公布43份\nlvnpf-0456《三經日誦》（《四十二章經（含頌）》《遺教經（含注）》《溈山警策》）（沙彌釋在在撰述）（越南明命十壹年歲在庚寅[1830]上福報國寺刊）（越南國家圖書館藏，漢喃古籍網站公佈）\01\035.jpg
CreateFile(系统找不到指定的路径。3) : X:\disks\005\佛典集成\[佛典]【善本佛典丛刊】\越南 国家图书馆藏，汉喃古籍网站公布43份\nlvnpf-0456《三經日誦》（《四十二章經（含頌）》《遺教經（含注）》《溈山警策》）（沙彌釋在在撰述）（越南明命十壹年歲在庚寅[1830]上福報國寺刊）（越南國家圖書館藏，漢喃古籍網站公佈）\01\036.jpg
CreateFile(系统找不到指定的路径。3) : X:\disks\005\佛典集成\[佛典]【善本佛典丛刊】\越南 国家图书馆藏，汉喃古籍网站公布43份\nlvnpf-0456《三經日誦》（《四十二章經（含頌）》《遺教經（含注）》《溈山警策》）（沙彌釋在在撰述）（越南明命十壹年歲在庚寅[1830]上福報國寺刊）（越南國家圖書館藏，漢喃古籍網站公佈）\01\037.jpg
CreateFile(系统找不到指定的路径。3) : X:\disks\005\佛典集成\[佛典]【善本佛典丛刊】\越南 国家图书馆藏，汉喃古籍网站公布43份\nlvnpf-0456《三經日誦》（《四十二章經（含頌）》《遺教經（含注）》《溈山警策》）（沙彌釋在在撰述）（越南明命十壹年歲在庚寅[1830]上福報國寺刊）（越南國家圖書館藏，漢喃古籍網站公佈）\01\038.jpg
CreateFile(系统找不到指定的路径。3) : X:\disks\005\佛典集成\[佛典]【善本佛典丛刊】\越南 国家图书馆藏，汉喃古籍网站公布43份\nlvnpf-0456《三經日誦》（《四十二章經（含頌）》《遺教經（含注）》《溈山警策》）（沙彌釋在在撰述）（越南明命十壹年歲在庚寅[1830]上福報國寺刊）（越南國家圖書館藏，漢喃古籍網站公佈）\01\039.jpg
CreateFile(系统找不到指定的路径。3) : X:\disks\005\佛典集成\[佛典]【善本佛典丛刊】\越南 国家图书馆藏，汉喃古籍网站公布43份\nlvnpf-0456《三經日誦》（《四十二章經（含頌）》《遺教經（含注）》《溈山警策》）（沙彌釋在在撰述）（越南明命十壹年歲在庚寅[1830]上福報國寺刊）（越南國家圖書館藏，漢喃古籍網站公佈）\01\040.jpg
CreateFile(系统找不到指定的路径。3) : X:\disks\005\佛典集成\[佛典]【善本佛典丛刊】\越南 国家图书馆藏，汉喃古籍网站公布43份\nlvnpf-0456《三經日誦》（《四十二章經（含頌）》《遺教經（含注）》《溈山警策》）（沙彌釋在在撰述）（越南明命十壹年歲在庚寅[1830]上福報國寺刊）（越南國家圖書館藏，漢喃古籍網站公佈）\01\041.jpg
CreateFile(系统找不到指定的路径。3) : X:\disks\005\佛典集成\[佛典]【善本佛典丛刊】\越南 国家图书馆藏，汉喃古籍网站公布43份\nlvnpf-0456《三經日誦》（《四十二章經（含頌）》《遺教經（含注）》《溈山警策》）（沙彌釋在在撰述）（越南明命十壹年歲在庚寅[1830]上福報國寺刊）（越南國家圖書館藏，漢喃古籍網站公佈）\01\042.jpg
CreateFile(系统找不到指定的路径。3) : X:\disks\005\佛典集成\[佛典]【善本佛典丛刊】\越南 国家图书馆藏，汉喃古籍网站公布43份\nlvnpf-0456《三經日誦》（《四十二章經（含頌）》《遺教經（含注）》《溈山警策》）（沙彌釋在在撰述）（越南明命十壹年歲在庚寅[1830]上福報國寺刊）（越南國家圖書館藏，漢喃古籍網站公佈）\01\043.jpg
CreateFile(系统找不到指定的路径。3) : X:\disks\005\佛典集成\[佛典]【善本佛典丛刊】\越南 国家图书馆藏，汉喃古籍网站公布43份\nlvnpf-0456《三經日誦》（《四十二章經（含頌）》《遺教經（含注）》《溈山警策》）（沙彌釋在在撰述）（越南明命十壹年歲在庚寅[1830]上福報國寺刊）（越南國家圖書館藏，漢喃古籍網站公佈）\01\044.jpg
CreateFile(系统找不到指定的路径。3) : X:\disks\005\佛典集成\[佛典]【善本佛典丛刊】\越南 国家图书馆藏，汉喃古籍网站公布43份\nlvnpf-0456《三經日誦》（《四十二章經（含頌）》《遺教經（含注）》《溈山警策》）（沙彌釋在在撰述）（越南明命十壹年歲在庚寅[1830]上福報國寺刊）（越南國家圖書館藏，漢喃古籍網站公佈）\01\045.jpg
CreateFile(系统找不到指定的路径。3) : X:\disks\005\佛典集成\[佛典]【善本佛典丛刊】\越南 国家图书馆藏，汉喃古籍网站公布43份\nlvnpf-0456《三經日誦》（《四十二章經（含頌）》《遺教經（含注）》《溈山警策》）（沙彌釋在在撰述）（越南明命十壹年歲在庚寅[1830]上福報國寺刊）（越南國家圖書館藏，漢喃古籍網站公佈）\01\046.jpg
CreateFile(系统找不到指定的路径。3) : X:\disks\005\佛典集成\[佛典]【善本佛典丛刊】\越南 国家图书馆藏，汉喃古籍网站公布43份\nlvnpf-0456《三經日誦》（《四十二章經（含頌）》《遺教經（含注）》《溈山警策》）（沙彌釋在在撰述）（越南明命十壹年歲在庚寅[1830]上福報國寺刊）（越南國家圖書館藏，漢喃古籍網站公佈）\01\047.jpg
CreateFile(系统找不到指定的路径。3) : X:\disks\005\佛典集成\[佛典]【善本佛典丛刊】\越南 国家图书馆藏，汉喃古籍网站公布43份\nlvnpf-0456《三經日誦》（《四十二章經（含頌）》《遺教經（含注）》《溈山警策》）（沙彌釋在在撰述）（越南明命十壹年歲在庚寅[1830]上福報國寺刊）（越南國家圖書館藏，漢喃古籍網站公佈）\01\048.jpg
CreateFile(系统找不到指定的路径。3) : X:\disks\005\佛典集成\[佛典]【善本佛典丛刊】\越南 国家图书馆藏，汉喃古籍网站公布43份\nlvnpf-0456《三經日誦》（《四十二章經（含頌）》《遺教經（含注）》《溈山警策》）（沙彌釋在在撰述）（越南明命十壹年歲在庚寅[1830]上福報國寺刊）（越南國家圖書館藏，漢喃古籍網站公佈）\01\049.jpg
CreateFile(系统找不到指定的路径。3) : X:\disks\005\佛典集成\[佛典]【善本佛典丛刊】\越南 国家图书馆藏，汉喃古籍网站公布43份\nlvnpf-0456《三經日誦》（《四十二章經（含頌）》《遺教經（含注）》《溈山警策》）（沙彌釋在在撰述）（越南明命十壹年歲在庚寅[1830]上福報國寺刊）（越南國家圖書館藏，漢喃古籍網站公佈）\01\050.jpg
CreateFile(系统找不到指定的路径。3) : X:\disks\005\佛典集成\[佛典]【善本佛典丛刊】\越南 国家图书馆藏，汉喃古籍网站公布43份\nlvnpf-0456《三經日誦》（《四十二章經（含頌）》《遺教經（含注）》《溈山警策》）（沙彌釋在在撰述）（越南明命十壹年歲在庚寅[1830]上福報國寺刊）（越南國家圖書館藏，漢喃古籍網站公佈）\01\051.jpg
CreateFile(系统找不到指定的路径。3) : X:\disks\005\佛典集成\[佛典]【善本佛典丛刊】\越南 国家图书馆藏，汉喃古籍网站公布43份\nlvnpf-0456《三經日誦》（《四十二章經（含頌）》《遺教經（含注）》《溈山警策》）（沙彌釋在在撰述）（越南明命十壹年歲在庚寅[1830]上福報國寺刊）（越南國家圖書館藏，漢喃古籍網站公佈）\01\052.jpg
CreateFile(系统找不到指定的路径。3) : X:\disks\005\佛典集成\[佛典]【善本佛典丛刊】\越南 国家图书馆藏，汉喃古籍网站公布43份\nlvnpf-0456《三經日誦》（《四十二章經（含頌）》《遺教經（含注）》《溈山警策》）（沙彌釋在在撰述）（越南明命十壹年歲在庚寅[1830]上福報國寺刊）（越南國家圖書館藏，漢喃古籍網站公佈）\01\053.jpg
CreateFile(系统找不到指定的路径。3) : X:\disks\005\佛典集成\[佛典]【善本佛典丛刊】\越南 国家图书馆藏，汉喃古籍网站公布43份\nlvnpf-0456《三經日誦》（《四十二章經（含頌）》《遺教經（含注）》《溈山警策》）（沙彌釋在在撰述）（越南明命十壹年歲在庚寅[1830]上福報國寺刊）（越南國家圖書館藏，漢喃古籍網站公佈）\01\054.jpg
CreateFile(系统找不到指定的路径。3) : X:\disks\005\佛典集成\[佛典]【善本佛典丛刊】\越南 国家图书馆藏，汉喃古籍网站公布43份\nlvnpf-0456《三經日誦》（《四十二章經（含頌）》《遺教經（含注）》《溈山警策》）（沙彌釋在在撰述）（越南明命十壹年歲在庚寅[1830]上福報國寺刊）（越南國家圖書館藏，漢喃古籍網站公佈）\01\055.jpg
CreateFile(系统找不到指定的路径。3) : X:\disks\005\佛典集成\[佛典]【善本佛典丛刊】\越南 国家图书馆藏，汉喃古籍网站公布43份\nlvnpf-0456《三經日誦》（《四十二章經（含頌）》《遺教經（含注）》《溈山警策》）（沙彌釋在在撰述）（越南明命十壹年歲在庚寅[1830]上福報國寺刊）（越南國家圖書館藏，漢喃古籍網站公佈）\01\056.jpg
CreateFile(系统找不到指定的路径。3) : X:\disks\005\佛典集成\[佛典]【善本佛典丛刊】\越南 国家图书馆藏，汉喃古籍网站公布43份\nlvnpf-0456《三經日誦》（《四十二章經（含頌）》《遺教經（含注）》《溈山警策》）（沙彌釋在在撰述）（越南明命十壹年歲在庚寅[1830]上福報國寺刊）（越南國家圖書館藏，漢喃古籍網站公佈）\01\057.jpg
CreateFile(系统找不到指定的路径。3) : X:\disks\005\佛典集成\[佛典]【善本佛典丛刊】\越南 国家图书馆藏，汉喃古籍网站公布43份\nlvnpf-0456《三經日誦》（《四十二章經（含頌）》《遺教經（含注）》《溈山警策》）（沙彌釋在在撰述）（越南明命十壹年歲在庚寅[1830]上福報國寺刊）（越南國家圖書館藏，漢喃古籍網站公佈）\01\058.jpg
CreateFile(系统找不到指定的路径。3) : X:\disks\005\佛典集成\[佛典]【善本佛典丛刊】\越南 国家图书馆藏，汉喃古籍网站公布43份\nlvnpf-0456《三經日誦》（《四十二章經（含頌）》《遺教經（含注）》《溈山警策》）（沙彌釋在在撰述）（越南明命十壹年歲在庚寅[1830]上福報國寺刊）（越南國家圖書館藏，漢喃古籍網站公佈）\01\059.jpg
CreateFile(系统找不到指定的路径。3) : X:\disks\005\佛典集成\[佛典]【善本佛典丛刊】\越南 国家图书馆藏，汉喃古籍网站公布43份\nlvnpf-0456《三經日誦》（《四十二章經（含頌）》《遺教經（含注）》《溈山警策》）（沙彌釋在在撰述）（越南明命十壹年歲在庚寅[1830]上福報國寺刊）（越南國家圖書館藏，漢喃古籍網站公佈）\01\060.jpg
CreateFile(系统找不到指定的路径。3) : X:\disks\005\佛典集成\[佛典]【善本佛典丛刊】\越南 国家图书馆藏，汉喃古籍网站公布43份\nlvnpf-0456《三經日誦》（《四十二章經（含頌）》《遺教經（含注）》《溈山警策》）（沙彌釋在在撰述）（越南明命十壹年歲在庚寅[1830]上福報國寺刊）（越南國家圖書館藏，漢喃古籍網站公佈）\01\061.jpg
CreateFile(系统找不到指定的路径。3) : X:\disks\005\佛典集成\[佛典]【善本佛典丛刊】\越南 国家图书馆藏，汉喃古籍网站公布43份\nlvnpf-0456《三經日誦》（《四十二章經（含頌）》《遺教經（含注）》《溈山警策》）（沙彌釋在在撰述）（越南明命十壹年歲在庚寅[1830]上福報國寺刊）（越南國家圖書館藏，漢喃古籍網站公佈）\01\062.jpg
CreateFile(系统找不到指定的路径。3) : X:\disks\005\佛典集成\[佛典]【善本佛典丛刊】\越南 国家图书馆藏，汉喃古籍网站公布43份\nlvnpf-0456《三經日誦》（《四十二章經（含頌）》《遺教經（含注）》《溈山警策》）（沙彌釋在在撰述）（越南明命十壹年歲在庚寅[1830]上福報國寺刊）（越南國家圖書館藏，漢喃古籍網站公佈）\01\063.jpg
CreateFile(系统找不到指定的路径。3) : X:\disks\005\佛典集成\[佛典]【善本佛典丛刊】\越南 国家图书馆藏，汉喃古籍网站公布43份\nlvnpf-0456《三經日誦》（《四十二章經（含頌）》《遺教經（含注）》《溈山警策》）（沙彌釋在在撰述）（越南明命十壹年歲在庚寅[1830]上福報國寺刊）（越南國家圖書館藏，漢喃古籍網站公佈）\01\064.jpg
CreateFile(系统找不到指定的路径。3) : X:\disks\005\佛典集成\[佛典]【善本佛典丛刊】\越南 国家图书馆藏，汉喃古籍网站公布43份\nlvnpf-0456《三經日誦》（《四十二章經（含頌）》《遺教經（含注）》《溈山警策》）（沙彌釋在在撰述）（越南明命十壹年歲在庚寅[1830]上福報國寺刊）（越南國家圖書館藏，漢喃古籍網站公佈）\01\065.jpg
CreateFile(系统找不到指定的路径。3) : X:\disks\005\佛典集成\[佛典]【善本佛典丛刊】\越南 国家图书馆藏，汉喃古籍网站公布43份\nlvnpf-0456《三經日誦》（《四十二章經（含頌）》《遺教經（含注）》《溈山警策》）（沙彌釋在在撰述）（越南明命十壹年歲在庚寅[1830]上福報國寺刊）（越南國家圖書館藏，漢喃古籍網站公佈）\01\066.jpg
CreateFile(系统找不到指定的路径。3) : X:\disks\005\佛典集成\[佛典]【善本佛典丛刊】\越南 国家图书馆藏，汉喃古籍网站公布43份\nlvnpf-0456《三經日誦》（《四十二章經（含頌）》《遺教經（含注）》《溈山警策》）（沙彌釋在在撰述）（越南明命十壹年歲在庚寅[1830]上福報國寺刊）（越南國家圖書館藏，漢喃古籍網站公佈）\01\067.jpg
CreateFile(系统找不到指定的路径。3) : X:\disks\005\佛典集成\[佛典]【善本佛典丛刊】\越南 国家图书馆藏，汉喃古籍网站公布43份\nlvnpf-0456《三經日誦》（《四十二章經（含頌）》《遺教經（含注）》《溈山警策》）（沙彌釋在在撰述）（越南明命十壹年歲在庚寅[1830]上福報國寺刊）（越南國家圖書館藏，漢喃古籍網站公佈）\01\068.jpg
CreateFile(系统找不到指定的路径。3) : X:\disks\005\佛典集成\[佛典]【善本佛典丛刊】\越南 国家图书馆藏，汉喃古籍网站公布43份\nlvnpf-0456《三經日誦》（《四十二章經（含頌）》《遺教經（含注）》《溈山警策》）（沙彌釋在在撰述）（越南明命十壹年歲在庚寅[1830]上福報國寺刊）（越南國家圖書館藏，漢喃古籍網站公佈）\01\069.jpg
CreateFile(系统找不到指定的路径。3) : X:\disks\005\佛典集成\[佛典]【善本佛典丛刊】\越南 国家图书馆藏，汉喃古籍网站公布43份\nlvnpf-0456《三經日誦》（《四十二章經（含頌）》《遺教經（含注）》《溈山警策》）（沙彌釋在在撰述）（越南明命十壹年歲在庚寅[1830]上福報國寺刊）（越南國家圖書館藏，漢喃古籍網站公佈）\01\070.jpg
CreateFile(系统找不到指定的路径。3) : X:\disks\005\佛典集成\[佛典]【善本佛典丛刊】\越南 国家图书馆藏，汉喃古籍网站公布43份\nlvnpf-0456《三經日誦》（《四十二章經（含頌）》《遺教經（含注）》《溈山警策》）（沙彌釋在在撰述）（越南明命十壹年歲在庚寅[1830]上福報國寺刊）（越南國家圖書館藏，漢喃古籍網站公佈）\01\071.jpg
CreateFile(系统找不到指定的路径。3) : X:\disks\005\佛典集成\[佛典]【善本佛典丛刊】\越南 国家图书馆藏，汉喃古籍网站公布43份\nlvnpf-0456《三經日誦》（《四十二章經（含頌）》《遺教經（含注）》《溈山警策》）（沙彌釋在在撰述）（越南明命十壹年歲在庚寅[1830]上福報國寺刊）（越南國家圖書館藏，漢喃古籍網站公佈）\01\072.jpg
CreateFile(系统找不到指定的路径。3) : X:\disks\005\佛典集成\[佛典]【善本佛典丛刊】\越南 国家图书馆藏，汉喃古籍网站公布43份\nlvnpf-0456《三經日誦》（《四十二章經（含頌）》《遺教經（含注）》《溈山警策》）（沙彌釋在在撰述）（越南明命十壹年歲在庚寅[1830]上福報國寺刊）（越南國家圖書館藏，漢喃古籍網站公佈）\01\073.jpg
CreateFile(系统找不到指定的路径。3) : X:\disks\005\佛典集成\[佛典]【善本佛典丛刊】\越南 国家图书馆藏，汉喃古籍网站公布43份\nlvnpf-0456《三經日誦》（《四十二章經（含頌）》《遺教經（含注）》《溈山警策》）（沙彌釋在在撰述）（越南明命十壹年歲在庚寅[1830]上福報國寺刊）（越南國家圖書館藏，漢喃古籍網站公佈）\01\074.jpg
CreateFile(系统找不到指定的路径。3) : X:\disks\005\佛典集成\[佛典]【善本佛典丛刊】\越南 国家图书馆藏，汉喃古籍网站公布43份\nlvnpf-0456《三經日誦》（《四十二章經（含頌）》《遺教經（含注）》《溈山警策》）（沙彌釋在在撰述）（越南明命十壹年歲在庚寅[1830]上福報國寺刊）（越南國家圖書館藏，漢喃古籍網站公佈）\01\075.jpg
CreateFile(系统找不到指定的路径。3) : X:\disks\005\佛典集成\[佛典]【善本佛典丛刊】\越南 国家图书馆藏，汉喃古籍网站公布43份\nlvnpf-0456《三經日誦》（《四十二章經（含頌）》《遺教經（含注）》《溈山警策》）（沙彌釋在在撰述）（越南明命十壹年歲在庚寅[1830]上福報國寺刊）（越南國家圖書館藏，漢喃古籍網站公佈）\01\076.jpg
CreateFile(系统找不到指定的路径。3) : X:\disks\005\佛典集成\[佛典]【善本佛典丛刊】\越南 国家图书馆藏，汉喃古籍网站公布43份\nlvnpf-0456《三經日誦》（《四十二章經（含頌）》《遺教經（含注）》《溈山警策》）（沙彌釋在在撰述）（越南明命十壹年歲在庚寅[1830]上福報國寺刊）（越南國家圖書館藏，漢喃古籍網站公佈）\01\077.jpg
CreateFile(系统找不到指定的路径。3) : X:\disks\005\佛典集成\[佛典]【善本佛典丛刊】\越南 国家图书馆藏，汉喃古籍网站公布43份\nlvnpf-0456《三經日誦》（《四十二章經（含頌）》《遺教經（含注）》《溈山警策》）（沙彌釋在在撰述）（越南明命十壹年歲在庚寅[1830]上福報國寺刊）（越南國家圖書館藏，漢喃古籍網站公佈）\01\078.jpg
CreateFile(系统找不到指定的路径。3) : X:\disks\005\佛典集成\[佛典]【善本佛典丛刊】\越南 国家图书馆藏，汉喃古籍网站公布43份\nlvnpf-0456《三經日誦》（《四十二章經（含頌）》《遺教經（含注）》《溈山警策》）（沙彌釋在在撰述）（越南明命十壹年歲在庚寅[1830]上福報國寺刊）（越南國家圖書館藏，漢喃古籍網站公佈）\01\079.jpg
CreateFile(系统找不到指定的路径。3) : X:\disks\005\佛典集成\[佛典]【善本佛典丛刊】\越南 国家图书馆藏，汉喃古籍网站公布43份\nlvnpf-0456《三經日誦》（《四十二章經（含頌）》《遺教經（含注）》《溈山警策》）（沙彌釋在在撰述）（越南明命十壹年歲在庚寅[1830]上福報國寺刊）（越南國家圖書館藏，漢喃古籍網站公佈）\01\080.jpg
CreateFile(系统找不到指定的路径。3) : X:\disks\005\佛典集成\[佛典]【善本佛典丛刊】\越南 国家图书馆藏，汉喃古籍网站公布43份\nlvnpf-0456《三經日誦》（《四十二章經（含頌）》《遺教經（含注）》《溈山警策》）（沙彌釋在在撰述）（越南明命十壹年歲在庚寅[1830]上福報國寺刊）（越南國家圖書館藏，漢喃古籍網站公佈）\01\081.jpg
CreateFile(系统找不到指定的路径。3) : X:\disks\005\佛典集成\[佛典]【善本佛典丛刊】\越南 国家图书馆藏，汉喃古籍网站公布43份\nlvnpf-0456《三經日誦》（《四十二章經（含頌）》《遺教經（含注）》《溈山警策》）（沙彌釋在在撰述）（越南明命十壹年歲在庚寅[1830]上福報國寺刊）（越南國家圖書館藏，漢喃古籍網站公佈）\01\082.jpg
CreateFile(系统找不到指定的路径。3) : X:\disks\005\佛典集成\[佛典]【善本佛典丛刊】\越南 国家图书馆藏，汉喃古籍网站公布43份\nlvnpf-0456《三經日誦》（《四十二章經（含頌）》《遺教經（含注）》《溈山警策》）（沙彌釋在在撰述）（越南明命十壹年歲在庚寅[1830]上福報國寺刊）（越南國家圖書館藏，漢喃古籍網站公佈）\01\083.jpg
CreateFile(系统找不到指定的路径。3) : X:\disks\005\佛典集成\[佛典]【善本佛典丛刊】\越南 国家图书馆藏，汉喃古籍网站公布43份\nlvnpf-0456《三經日誦》（《四十二章經（含頌）》《遺教經（含注）》《溈山警策》）（沙彌釋在在撰述）（越南明命十壹年歲在庚寅[1830]上福報國寺刊）（越南國家圖書館藏，漢喃古籍網站公佈）\01\084.jpg
CreateFile(系统找不到指定的路径。3) : X:\disks\005\佛典集成\[佛典]【善本佛典丛刊】\越南 国家图书馆藏，汉喃古籍网站公布43份\nlvnpf-0456《三經日誦》（《四十二章經（含頌）》《遺教經（含注）》《溈山警策》）（沙彌釋在在撰述）（越南明命十壹年歲在庚寅[1830]上福報國寺刊）（越南國家圖書館藏，漢喃古籍網站公佈）\01\085.jpg
CreateFile(系统找不到指定的路径。3) : X:\disks\005\佛典集成\[佛典]【善本佛典丛刊】\越南 国家图书馆藏，汉喃古籍网站公布43份\nlvnpf-0456《三經日誦》（《四十二章經（含頌）》《遺教經（含注）》《溈山警策》）（沙彌釋在在撰述）（越南明命十壹年歲在庚寅[1830]上福報國寺刊）（越南國家圖書館藏，漢喃古籍網站公佈）\01\086.jpg
CreateFile(系统找不到指定的路径。3) : X:\disks\005\佛典集成\[佛典]【善本佛典丛刊】\越南 国家图书馆藏，汉喃古籍网站公布43份\nlvnpf-0456《三經日誦》（《四十二章經（含頌）》《遺教經（含注）》《溈山警策》）（沙彌釋在在撰述）（越南明命十壹年歲在庚寅[1830]上福報國寺刊）（越南國家圖書館藏，漢喃古籍網站公佈）\01\087.jpg
CreateFile(系统找不到指定的路径。3) : X:\disks\005\佛典集成\[佛典]【善本佛典丛刊】\越南 国家图书馆藏，汉喃古籍网站公布43份\nlvnpf-0456《三經日誦》（《四十二章經（含頌）》《遺教經（含注）》《溈山警策》）（沙彌釋在在撰述）（越南明命十壹年歲在庚寅[1830]上福報國寺刊）（越南國家圖書館藏，漢喃古籍網站公佈）\01\088.jpg
CreateFile(系统找不到指定的路径。3) : X:\disks\005\佛典集成\[佛典]【善本佛典丛刊】\越南 国家图书馆藏，汉喃古籍网站公布43份\nlvnpf-0456《三經日誦》（《四十二章經（含頌）》《遺教經（含注）》《溈山警策》）（沙彌釋在在撰述）（越南明命十壹年歲在庚寅[1830]上福報國寺刊）（越南國家圖書館藏，漢喃古籍網站公佈）\01\089.jpg
CreateDirectory(文件名、目录名或卷标语法不正确。123) : X:\disks\005\佛典集成\[佛典]【善本佛典丛刊】\越南 国家图书馆藏，汉喃古籍网站公布43份\nlvnpf-1248《齊天破瘵諸品尊經（佛說破瘵經、佛說破邪經、佛說除瘟經、佛說消災經、佛說延壽經）》【真偽待考】（越南嗣德十四年歲次辛酉[1861]法達抄撰）（越南國家圖書館藏，漢喃古籍網站公佈）
CreateFile(系统找不到指定的路径。3) : X:\disks\005\佛典集成\[佛典]【善本佛典丛刊】\越南 国家图书馆藏，汉喃古籍网站公布43份\nlvnpf-1248《齊天破瘵諸品尊經（佛說破瘵經、佛說破邪經、佛說除瘟經、佛說消災經、佛說延壽經）》【真偽待考】（越南嗣德十四年歲次辛酉[1861]法達抄撰）（越南國家圖書館藏，漢喃古籍網站公佈）\1232.html
CreateDirectory(系统找不到指定的路径。3) : X:\disks\005\佛典集成\[佛典]【善本佛典丛刊】\越南 国家图书馆藏，汉喃古籍网站公布43份\nlvnpf-1248《齊天破瘵諸品尊經（佛說破瘵經、佛說破邪經、佛說除瘟經、佛說消災經、佛說延壽經）》【真偽待考】（越南嗣德十四年歲次辛酉[1861]法達抄撰）（越南國家圖書館藏，漢喃古籍網站公佈）\01
CreateFile(系统找不到指定的路径。3) : X:\disks\005\佛典集成\[佛典]【善本佛典丛刊】\越南 国家图书馆藏，汉喃古籍网站公布43份\nlvnpf-1248《齊天破瘵諸品尊經（佛說破瘵經、佛說破邪經、佛說除瘟經、佛說消災經、佛說延壽經）》【真偽待考】（越南嗣德十四年歲次辛酉[1861]法達抄撰）（越南國家圖書館藏，漢喃古籍網站公佈）\01\001.jpg
CreateFile(系统找不到指定的路径。3) : X:\disks\005\佛典集成\[佛典]【善本佛典丛刊】\越南 国家图书馆藏，汉喃古籍网站公布43份\nlvnpf-1248《齊天破瘵諸品尊經（佛說破瘵經、佛說破邪經、佛說除瘟經、佛說消災經、佛說延壽經）》【真偽待考】（越南嗣德十四年歲次辛酉[1861]法達抄撰）（越南國家圖書館藏，漢喃古籍網站公佈）\01\002.jpg
CreateFile(系统找不到指定的路径。3) : X:\disks\005\佛典集成\[佛典]【善本佛典丛刊】\越南 国家图书馆藏，汉喃古籍网站公布43份\nlvnpf-1248《齊天破瘵諸品尊經（佛說破瘵經、佛說破邪經、佛說除瘟經、佛說消災經、佛說延壽經）》【真偽待考】（越南嗣德十四年歲次辛酉[1861]法達抄撰）（越南國家圖書館藏，漢喃古籍網站公佈）\01\003.jpg
CreateFile(系统找不到指定的路径。3) : X:\disks\005\佛典集成\[佛典]【善本佛典丛刊】\越南 国家图书馆藏，汉喃古籍网站公布43份\nlvnpf-1248《齊天破瘵諸品尊經（佛說破瘵經、佛說破邪經、佛說除瘟經、佛說消災經、佛說延壽經）》【真偽待考】（越南嗣德十四年歲次辛酉[1861]法達抄撰）（越南國家圖書館藏，漢喃古籍網站公佈）\01\004.jpg
CreateFile(系统找不到指定的路径。3) : X:\disks\005\佛典集成\[佛典]【善本佛典丛刊】\越南 国家图书馆藏，汉喃古籍网站公布43份\nlvnpf-1248《齊天破瘵諸品尊經（佛說破瘵經、佛說破邪經、佛說除瘟經、佛說消災經、佛說延壽經）》【真偽待考】（越南嗣德十四年歲次辛酉[1861]法達抄撰）（越南國家圖書館藏，漢喃古籍網站公佈）\01\005.jpg
CreateFile(系统找不到指定的路径。3) : X:\disks\005\佛典集成\[佛典]【善本佛典丛刊】\越南 国家图书馆藏，汉喃古籍网站公布43份\nlvnpf-1248《齊天破瘵諸品尊經（佛說破瘵經、佛說破邪經、佛說除瘟經、佛說消災經、佛說延壽經）》【真偽待考】（越南嗣德十四年歲次辛酉[1861]法達抄撰）（越南國家圖書館藏，漢喃古籍網站公佈）\01\006.jpg
CreateFile(系统找不到指定的路径。3) : X:\disks\005\佛典集成\[佛典]【善本佛典丛刊】\越南 国家图书馆藏，汉喃古籍网站公布43份\nlvnpf-1248《齊天破瘵諸品尊經（佛說破瘵經、佛說破邪經、佛說除瘟經、佛說消災經、佛說延壽經）》【真偽待考】（越南嗣德十四年歲次辛酉[1861]法達抄撰）（越南國家圖書館藏，漢喃古籍網站公佈）\01\007.jpg
CreateFile(系统找不到指定的路径。3) : X:\disks\005\佛典集成\[佛典]【善本佛典丛刊】\越南 国家图书馆藏，汉喃古籍网站公布43份\nlvnpf-1248《齊天破瘵諸品尊經（佛說破瘵經、佛說破邪經、佛說除瘟經、佛說消災經、佛說延壽經）》【真偽待考】（越南嗣德十四年歲次辛酉[1861]法達抄撰）（越南國家圖書館藏，漢喃古籍網站公佈）\01\008.jpg
CreateFile(系统找不到指定的路径。3) : X:\disks\005\佛典集成\[佛典]【善本佛典丛刊】\越南 国家图书馆藏，汉喃古籍网站公布43份\nlvnpf-1248《齊天破瘵諸品尊經（佛說破瘵經、佛說破邪經、佛說除瘟經、佛說消災經、佛說延壽經）》【真偽待考】（越南嗣德十四年歲次辛酉[1861]法達抄撰）（越南國家圖書館藏，漢喃古籍網站公佈）\01\009.jpg
CreateFile(系统找不到指定的路径。3) : X:\disks\005\佛典集成\[佛典]【善本佛典丛刊】\越南 国家图书馆藏，汉喃古籍网站公布43份\nlvnpf-1248《齊天破瘵諸品尊經（佛說破瘵經、佛說破邪經、佛說除瘟經、佛說消災經、佛說延壽經）》【真偽待考】（越南嗣德十四年歲次辛酉[1861]法達抄撰）（越南國家圖書館藏，漢喃古籍網站公佈）\01\010.jpg
CreateFile(系统找不到指定的路径。3) : X:\disks\005\佛典集成\[佛典]【善本佛典丛刊】\越南 国家图书馆藏，汉喃古籍网站公布43份\nlvnpf-1248《齊天破瘵諸品尊經（佛說破瘵經、佛說破邪經、佛說除瘟經、佛說消災經、佛說延壽經）》【真偽待考】（越南嗣德十四年歲次辛酉[1861]法達抄撰）（越南國家圖書館藏，漢喃古籍網站公佈）\01\011.jpg
CreateFile(系统找不到指定的路径。3) : X:\disks\005\佛典集成\[佛典]【善本佛典丛刊】\越南 国家图书馆藏，汉喃古籍网站公布43份\nlvnpf-1248《齊天破瘵諸品尊經（佛說破瘵經、佛說破邪經、佛說除瘟經、佛說消災經、佛說延壽經）》【真偽待考】（越南嗣德十四年歲次辛酉[1861]法達抄撰）（越南國家圖書館藏，漢喃古籍網站公佈）\01\012.jpg
CreateFile(系统找不到指定的路径。3) : X:\disks\005\佛典集成\[佛典]【善本佛典丛刊】\越南 国家图书馆藏，汉喃古籍网站公布43份\nlvnpf-1248《齊天破瘵諸品尊經（佛說破瘵經、佛說破邪經、佛說除瘟經、佛說消災經、佛說延壽經）》【真偽待考】（越南嗣德十四年歲次辛酉[1861]法達抄撰）（越南國家圖書館藏，漢喃古籍網站公佈）\01\013.jpg
CreateFile(系统找不到指定的路径。3) : X:\disks\005\佛典集成\[佛典]【善本佛典丛刊】\越南 国家图书馆藏，汉喃古籍网站公布43份\nlvnpf-1248《齊天破瘵諸品尊經（佛說破瘵經、佛說破邪經、佛說除瘟經、佛說消災經、佛說延壽經）》【真偽待考】（越南嗣德十四年歲次辛酉[1861]法達抄撰）（越南國家圖書館藏，漢喃古籍網站公佈）\01\014.jpg
CreateFile(系统找不到指定的路径。3) : X:\disks\005\佛典集成\[佛典]【善本佛典丛刊】\越南 国家图书馆藏，汉喃古籍网站公布43份\nlvnpf-1248《齊天破瘵諸品尊經（佛說破瘵經、佛說破邪經、佛說除瘟經、佛說消災經、佛說延壽經）》【真偽待考】（越南嗣德十四年歲次辛酉[1861]法達抄撰）（越南國家圖書館藏，漢喃古籍網站公佈）\01\015.jpg
CreateFile(系统找不到指定的路径。3) : X:\disks\005\佛典集成\[佛典]【善本佛典丛刊】\越南 国家图书馆藏，汉喃古籍网站公布43份\nlvnpf-1248《齊天破瘵諸品尊經（佛說破瘵經、佛說破邪經、佛說除瘟經、佛說消災經、佛說延壽經）》【真偽待考】（越南嗣德十四年歲次辛酉[1861]法達抄撰）（越南國家圖書館藏，漢喃古籍網站公佈）\01\016.jpg
CreateFile(系统找不到指定的路径。3) : X:\disks\005\佛典集成\[佛典]【善本佛典丛刊】\越南 国家图书馆藏，汉喃古籍网站公布43份\nlvnpf-1248《齊天破瘵諸品尊經（佛說破瘵經、佛說破邪經、佛說除瘟經、佛說消災經、佛說延壽經）》【真偽待考】（越南嗣德十四年歲次辛酉[1861]法達抄撰）（越南國家圖書館藏，漢喃古籍網站公佈）\01\017.jpg
CreateFile(系统找不到指定的路径。3) : X:\disks\005\佛典集成\[佛典]【善本佛典丛刊】\越南 国家图书馆藏，汉喃古籍网站公布43份\nlvnpf-1248《齊天破瘵諸品尊經（佛說破瘵經、佛說破邪經、佛說除瘟經、佛說消災經、佛說延壽經）》【真偽待考】（越南嗣德十四年歲次辛酉[1861]法達抄撰）（越南國家圖書館藏，漢喃古籍網站公佈）\01\018.jpg
CreateFile(系统找不到指定的路径。3) : X:\disks\005\佛典集成\[佛典]【善本佛典丛刊】\越南 国家图书馆藏，汉喃古籍网站公布43份\nlvnpf-1248《齊天破瘵諸品尊經（佛說破瘵經、佛說破邪經、佛說除瘟經、佛說消災經、佛說延壽經）》【真偽待考】（越南嗣德十四年歲次辛酉[1861]法達抄撰）（越南國家圖書館藏，漢喃古籍網站公佈）\01\019.jpg
CreateFile(系统找不到指定的路径。3) : X:\disks\005\佛典集成\[佛典]【善本佛典丛刊】\越南 国家图书馆藏，汉喃古籍网站公布43份\nlvnpf-1248《齊天破瘵諸品尊經（佛說破瘵經、佛說破邪經、佛說除瘟經、佛說消災經、佛說延壽經）》【真偽待考】（越南嗣德十四年歲次辛酉[1861]法達抄撰）（越南國家圖書館藏，漢喃古籍網站公佈）\01\020.jpg
CreateFile(系统找不到指定的路径。3) : X:\disks\005\佛典集成\[佛典]【善本佛典丛刊】\越南 国家图书馆藏，汉喃古籍网站公布43份\nlvnpf-1248《齊天破瘵諸品尊經（佛說破瘵經、佛說破邪經、佛說除瘟經、佛說消災經、佛說延壽經）》【真偽待考】（越南嗣德十四年歲次辛酉[1861]法達抄撰）（越南國家圖書館藏，漢喃古籍網站公佈）\01\021.jpg
CreateFile(系统找不到指定的路径。3) : X:\disks\005\佛典集成\[佛典]【善本佛典丛刊】\越南 国家图书馆藏，汉喃古籍网站公布43份\nlvnpf-1248《齊天破瘵諸品尊經（佛說破瘵經、佛說破邪經、佛說除瘟經、佛說消災經、佛說延壽經）》【真偽待考】（越南嗣德十四年歲次辛酉[1861]法達抄撰）（越南國家圖書館藏，漢喃古籍網站公佈）\01\022.jpg
CreateFile(系统找不到指定的路径。3) : X:\disks\005\佛典集成\[佛典]【善本佛典丛刊】\越南 国家图书馆藏，汉喃古籍网站公布43份\nlvnpf-1248《齊天破瘵諸品尊經（佛說破瘵經、佛說破邪經、佛說除瘟經、佛說消災經、佛說延壽經）》【真偽待考】（越南嗣德十四年歲次辛酉[1861]法達抄撰）（越南國家圖書館藏，漢喃古籍網站公佈）\01\023.jpg
CreateFile(系统找不到指定的路径。3) : X:\disks\005\佛典集成\[佛典]【善本佛典丛刊】\越南 国家图书馆藏，汉喃古籍网站公布43份\nlvnpf-1248《齊天破瘵諸品尊經（佛說破瘵經、佛說破邪經、佛說除瘟經、佛說消災經、佛說延壽經）》【真偽待考】（越南嗣德十四年歲次辛酉[1861]法達抄撰）（越南國家圖書館藏，漢喃古籍網站公佈）\01\024.jpg
CreateFile(系统找不到指定的路径。3) : X:\disks\005\佛典集成\[佛典]【善本佛典丛刊】\越南 国家图书馆藏，汉喃古籍网站公布43份\nlvnpf-1248《齊天破瘵諸品尊經（佛說破瘵經、佛說破邪經、佛說除瘟經、佛說消災經、佛說延壽經）》【真偽待考】（越南嗣德十四年歲次辛酉[1861]法達抄撰）（越南國家圖書館藏，漢喃古籍網站公佈）\01\025.jpg
CreateFile(系统找不到指定的路径。3) : X:\disks\005\佛典集成\[佛典]【善本佛典丛刊】\越南 国家图书馆藏，汉喃古籍网站公布43份\nlvnpf-1248《齊天破瘵諸品尊經（佛說破瘵經、佛說破邪經、佛說除瘟經、佛說消災經、佛說延壽經）》【真偽待考】（越南嗣德十四年歲次辛酉[1861]法達抄撰）（越南國家圖書館藏，漢喃古籍網站公佈）\01\026.jpg
CreateFile(系统找不到指定的路径。3) : X:\disks\005\佛典集成\[佛典]【善本佛典丛刊】\越南 国家图书馆藏，汉喃古籍网站公布43份\nlvnpf-1248《齊天破瘵諸品尊經（佛說破瘵經、佛說破邪經、佛說除瘟經、佛說消災經、佛說延壽經）》【真偽待考】（越南嗣德十四年歲次辛酉[1861]法達抄撰）（越南國家圖書館藏，漢喃古籍網站公佈）\01\027.jpg
CreateFile(系统找不到指定的路径。3) : X:\disks\005\佛典集成\[佛典]【善本佛典丛刊】\越南 国家图书馆藏，汉喃古籍网站公布43份\nlvnpf-1248《齊天破瘵諸品尊經（佛說破瘵經、佛說破邪經、佛說除瘟經、佛說消災經、佛說延壽經）》【真偽待考】（越南嗣德十四年歲次辛酉[1861]法達抄撰）（越南國家圖書館藏，漢喃古籍網站公佈）\01\028.jpg
CreateFile(系统找不到指定的路径。3) : X:\disks\005\佛典集成\[佛典]【善本佛典丛刊】\越南 国家图书馆藏，汉喃古籍网站公布43份\nlvnpf-1248《齊天破瘵諸品尊經（佛說破瘵經、佛說破邪經、佛說除瘟經、佛說消災經、佛說延壽經）》【真偽待考】（越南嗣德十四年歲次辛酉[1861]法達抄撰）（越南國家圖書館藏，漢喃古籍網站公佈）\01\029.jpg
CreateFile(系统找不到指定的路径。3) : X:\disks\005\佛典集成\[佛典]【善本佛典丛刊】\越南 国家图书馆藏，汉喃古籍网站公布43份\nlvnpf-1248《齊天破瘵諸品尊經（佛說破瘵經、佛說破邪經、佛說除瘟經、佛說消災經、佛說延壽經）》【真偽待考】（越南嗣德十四年歲次辛酉[1861]法達抄撰）（越南國家圖書館藏，漢喃古籍網站公佈）\01\030.jpg
CreateFile(系统找不到指定的路径。3) : X:\disks\005\佛典集成\[佛典]【善本佛典丛刊】\越南 国家图书馆藏，汉喃古籍网站公布43份\nlvnpf-1248《齊天破瘵諸品尊經（佛說破瘵經、佛說破邪經、佛說除瘟經、佛說消災經、佛說延壽經）》【真偽待考】（越南嗣德十四年歲次辛酉[1861]法達抄撰）（越南國家圖書館藏，漢喃古籍網站公佈）\01\031.jpg
CreateFile(系统找不到指定的路径。3) : X:\disks\005\佛典集成\[佛典]【善本佛典丛刊】\越南 国家图书馆藏，汉喃古籍网站公布43份\nlvnpf-1248《齊天破瘵諸品尊經（佛說破瘵經、佛說破邪經、佛說除瘟經、佛說消災經、佛說延壽經）》【真偽待考】（越南嗣德十四年歲次辛酉[1861]法達抄撰）（越南國家圖書館藏，漢喃古籍網站公佈）\01\032.jpg
CreateFile(系统找不到指定的路径。3) : X:\disks\005\佛典集成\[佛典]【善本佛典丛刊】\越南 国家图书馆藏，汉喃古籍网站公布43份\nlvnpf-1248《齊天破瘵諸品尊經（佛說破瘵經、佛說破邪經、佛說除瘟經、佛說消災經、佛說延壽經）》【真偽待考】（越南嗣德十四年歲次辛酉[1861]法達抄撰）（越南國家圖書館藏，漢喃古籍網站公佈）\01\033.jpg
CreateFile(系统找不到指定的路径。3) : X:\disks\005\佛典集成\[佛典]【善本佛典丛刊】\越南 国家图书馆藏，汉喃古籍网站公布43份\nlvnpf-1248《齊天破瘵諸品尊經（佛說破瘵經、佛說破邪經、佛說除瘟經、佛說消災經、佛說延壽經）》【真偽待考】（越南嗣德十四年歲次辛酉[1861]法達抄撰）（越南國家圖書館藏，漢喃古籍網站公佈）\01\034.jpg
CreateFile(系统找不到指定的路径。3) : X:\disks\005\佛典集成\[佛典]【善本佛典丛刊】\越南 国家图书馆藏，汉喃古籍网站公布43份\nlvnpf-1248《齊天破瘵諸品尊經（佛說破瘵經、佛說破邪經、佛說除瘟經、佛說消災經、佛說延壽經）》【真偽待考】（越南嗣德十四年歲次辛酉[1861]法達抄撰）（越南國家圖書館藏，漢喃古籍網站公佈）\01\035.jpg
CreateFile(系统找不到指定的路径。3) : X:\disks\005\佛典集成\[佛典]【善本佛典丛刊】\越南 国家图书馆藏，汉喃古籍网站公布43份\nlvnpf-1248《齊天破瘵諸品尊經（佛說破瘵經、佛說破邪經、佛說除瘟經、佛說消災經、佛說延壽經）》【真偽待考】（越南嗣德十四年歲次辛酉[1861]法達抄撰）（越南國家圖書館藏，漢喃古籍網站公佈）\01\036.jpg
CreateFile(系统找不到指定的路径。3) : X:\disks\005\佛典集成\[佛典]【善本佛典丛刊】\越南 国家图书馆藏，汉喃古籍网站公布43份\nlvnpf-1248《齊天破瘵諸品尊經（佛說破瘵經、佛說破邪經、佛說除瘟經、佛說消災經、佛說延壽經）》【真偽待考】（越南嗣德十四年歲次辛酉[1861]法達抄撰）（越南國家圖書館藏，漢喃古籍網站公佈）\01\037.jpg
CreateFile(系统找不到指定的路径。3) : X:\disks\005\佛典集成\[佛典]【善本佛典丛刊】\越南 国家图书馆藏，汉喃古籍网站公布43份\nlvnpf-1248《齊天破瘵諸品尊經（佛說破瘵經、佛說破邪經、佛說除瘟經、佛說消災經、佛說延壽經）》【真偽待考】（越南嗣德十四年歲次辛酉[1861]法達抄撰）（越南國家圖書館藏，漢喃古籍網站公佈）\01\038.jpg
CreateDirectory(文件名、目录名或卷标语法不正确。123) : X:\disks\005\佛典集成\[佛典]【善本佛典丛刊】\韩国 中央图书馆网站\1漢文佛教舊書2141份\3論類986份\《金剛經》注解51份\CNTS-00047983630《金剛經疏論纂要刊定記會編（帶序，前附十八住階位圖說、二十七疑脈絡圖說）》（10卷5冊）（鳩摩羅什譯，宗密疏，子璿記，行策編）（朝鮮1686年金華山澄光寺木板本）｛17頁壞｝
CreateFile(系统找不到指定的路径。3) : X:\disks\005\佛典集成\[佛典]【善本佛典丛刊】\韩国 中央图书馆网站\1漢文佛教舊書2141份\3論類986份\《金剛經》注解51份\CNTS-00047983630《金剛經疏論纂要刊定記會編（帶序，前附十八住階位圖說、二十七疑脈絡圖說）》（10卷5冊）（鳩摩羅什譯，宗密疏，子璿記，行策編）（朝鮮1686年金華山澄光寺木板本）｛17頁壞｝\CNTS-00047983630-1.pdf
CreateFile(系统找不到指定的路径。3) : X:\disks\005\佛典集成\[佛典]【善本佛典丛刊】\韩国 中央图书馆网站\1漢文佛教舊書2141份\3論類986份\《金剛經》注解51份\CNTS-00047983630《金剛經疏論纂要刊定記會編（帶序，前附十八住階位圖說、二十七疑脈絡圖說）》（10卷5冊）（鳩摩羅什譯，宗密疏，子璿記，行策編）（朝鮮1686年金華山澄光寺木板本）｛17頁壞｝\CNTS-00047983630-2{p32壞}.pdf
CreateFile(系统找不到指定的路径。3) : X:\disks\005\佛典集成\[佛典]【善本佛典丛刊】\韩国 中央图书馆网站\1漢文佛教舊書2141份\3論類986份\《金剛經》注解51份\CNTS-00047983630《金剛經疏論纂要刊定記會編（帶序，前附十八住階位圖說、二十七疑脈絡圖說）》（10卷5冊）（鳩摩羅什譯，宗密疏，子璿記，行策編）（朝鮮1686年金華山澄光寺木板本）｛17頁壞｝\CNTS-00047983630-3.pdf
CreateFile(系统找不到指定的路径。3) : X:\disks\005\佛典集成\[佛典]【善本佛典丛刊】\韩国 中央图书馆网站\1漢文佛教舊書2141份\3論類986份\《金剛經》注解51份\CNTS-00047983630《金剛經疏論纂要刊定記會編（帶序，前附十八住階位圖說、二十七疑脈絡圖說）》（10卷5冊）（鳩摩羅什譯，宗密疏，子璿記，行策編）（朝鮮1686年金華山澄光寺木板本）｛17頁壞｝\CNTS-00047983630-4{p85、95、110壞}.pdf
CreateFile(系统找不到指定的路径。3) : X:\disks\005\佛典集成\[佛典]【善本佛典丛刊】\韩国 中央图书馆网站\1漢文佛教舊書2141份\3論類986份\《金剛經》注解51份\CNTS-00047983630《金剛經疏論纂要刊定記會編（帶序，前附十八住階位圖說、二十七疑脈絡圖說）》（10卷5冊）（鳩摩羅什譯，宗密疏，子璿記，行策編）（朝鮮1686年金華山澄光寺木板本）｛17頁壞｝\CNTS-00047983630-5{13頁壞}.pdf
CreateFile(系统找不到指定的路径。3) : X:\disks\005\佛典集成\[佛典]【善本佛典丛刊】\韩国 中央图书馆网站\1漢文佛教舊書2141份\3論類986份\《金剛經》注解51份\CNTS-00047983630《金剛經疏論纂要刊定記會編（帶序，前附十八住階位圖說、二十七疑脈絡圖說）》（10卷5冊）（鳩摩羅什譯，宗密疏，子璿記，行策編）（朝鮮1686年金華山澄光寺木板本）｛17頁壞｝\CNTS-00047983630書目信息.doc
CreateDirectory(文件名、目录名或卷标语法不正确。123) : X:\disks\005\佛典集成\[佛典]【善本佛典丛刊】\韩国 中央图书馆网站\1漢文佛教舊書2141份\3論類986份\多論合刊55份\CNTS-00047967966《誡初心學人文；發心修行章；野雲自警；正凝禪師示蒙山法語；東山崇藏主送子行脚法語；夢山和尚示眾；古潭和尙法語；晦堂禪師法語》（[高麗]知訥著；[新羅]元曉著；永即仙人等作）（朝鮮九月山月精寺1574年木板本）{2頁壞}
CreateFile(系统找不到指定的路径。3) : X:\disks\005\佛典集成\[佛典]【善本佛典丛刊】\韩国 中央图书馆网站\1漢文佛教舊書2141份\3論類986份\多論合刊55份\CNTS-00047967966《誡初心學人文；發心修行章；野雲自警；正凝禪師示蒙山法語；東山崇藏主送子行脚法語；夢山和尚示眾；古潭和尙法語；晦堂禪師法語》（[高麗]知訥著；[新羅]元曉著；永即仙人等作）（朝鮮九月山月精寺1574年木板本）{2頁壞}\CNTS-00047967966-1{p3、16壞}.pdf
CreateFile(系统找不到指定的路径。3) : X:\disks\005\佛典集成\[佛典]【善本佛典丛刊】\韩国 中央图书馆网站\1漢文佛教舊書2141份\3論類986份\多論合刊55份\CNTS-00047967966《誡初心學人文；發心修行章；野雲自警；正凝禪師示蒙山法語；東山崇藏主送子行脚法語；夢山和尚示眾；古潭和尙法語；晦堂禪師法語》（[高麗]知訥著；[新羅]元曉著；永即仙人等作）（朝鮮九月山月精寺1574年木板本）{2頁壞}\CNTS-00047967966書目信息.doc
CreateDirectory(文件名、目录名或卷标语法不正确。123) : X:\disks\005\佛典集成\[佛典]【善本佛典丛刊】\韩国 中央图书馆网站\1漢文佛教舊書2141份\3論類986份\多論合刊55份\CNTS-00047976388《諸經會要：大摠相法門圖，愚法小乘五位位總相圖，十本經論二障體說，空有迭彰句對不同圖，遣拂客塵通別義圖說，小乘十二部，佛祖宗派圖，默庵子纂要華嚴八十卷疏科判圖等等》（不明年代木板本）
CreateFile(系统找不到指定的路径。3) : X:\disks\005\佛典集成\[佛典]【善本佛典丛刊】\韩国 中央图书馆网站\1漢文佛教舊書2141份\3論類986份\多論合刊55份\CNTS-00047976388《諸經會要：大摠相法門圖，愚法小乘五位位總相圖，十本經論二障體說，空有迭彰句對不同圖，遣拂客塵通別義圖說，小乘十二部，佛祖宗派圖，默庵子纂要華嚴八十卷疏科判圖等等》（不明年代木板本）\CNTS-00047976388-1.pdf
CreateFile(系统找不到指定的路径。3) : X:\disks\005\佛典集成\[佛典]【善本佛典丛刊】\韩国 中央图书馆网站\1漢文佛教舊書2141份\3論類986份\多論合刊55份\CNTS-00047976388《諸經會要：大摠相法門圖，愚法小乘五位位總相圖，十本經論二障體說，空有迭彰句對不同圖，遣拂客塵通別義圖說，小乘十二部，佛祖宗派圖，默庵子纂要華嚴八十卷疏科判圖等等》（不明年代木板本）\CNTS-00047976388書目信息.doc
CreateDirectory(文件名、目录名或卷标语法不正确。123) : X:\disks\005\佛典集成\[佛典]【善本佛典丛刊】\韩国 中央图书馆网站\1漢文佛教舊書2141份\3論類986份\多論合刊55份\CNTS-00047979369《初心正眼：誡初心學人文，發心修行章，野雲自警序，皖山正凝禪師示蒙山法語，東山崇藏主送子行腳法語，蒙山和尚示眾，古潭和尚法語，示覺悟禪人法語，晦堂禪師法語，無字十節目，休休庵主坐禪文，》（不明年代寫本，底本為1574年木板本）
CreateFile(系统找不到指定的路径。3) : X:\disks\005\佛典集成\[佛典]【善本佛典丛刊】\韩国 中央图书馆网站\1漢文佛教舊書2141份\3論類986份\多論合刊55份\CNTS-00047979369《初心正眼：誡初心學人文，發心修行章，野雲自警序，皖山正凝禪師示蒙山法語，東山崇藏主送子行腳法語，蒙山和尚示眾，古潭和尚法語，示覺悟禪人法語，晦堂禪師法語，無字十節目，休休庵主坐禪文，》（不明年代寫本，底本為1574年木板本）\CNTS-00047979369-1.pdf
CreateFile(系统找不到指定的路径。3) : X:\disks\005\佛典集成\[佛典]【善本佛典丛刊】\韩国 中央图书馆网站\1漢文佛教舊書2141份\3論類986份\多論合刊55份\CNTS-00047979369《初心正眼：誡初心學人文，發心修行章，野雲自警序，皖山正凝禪師示蒙山法語，東山崇藏主送子行腳法語，蒙山和尚示眾，古潭和尚法語，示覺悟禪人法語，晦堂禪師法語，無字十節目，休休庵主坐禪文，》（不明年代寫本，底本為1574年木板本）\CNTS-00047979369書目信息.doc
CreateDirectory(文件名、目录名或卷标语法不正确。123) : X:\disks\005\佛典集成\[佛典]【善本佛典丛刊】\韩国 中央图书馆网站\1漢文佛教舊書2141份\3論類986份\多論合刊55份\CNTS-00047983514《誡初心學人文，發心修行章，皖山正凝禪師示蒙山法語，東山崇藏主送子行腳法語，蒙山和尚示眾，古潭和尚法語，示覺悟禪人法語，蒙山和尚法語略錄》（朝鮮1634年龍腹寺木板本）{1頁壞}
CreateFile(系统找不到指定的路径。3) : X:\disks\005\佛典集成\[佛典]【善本佛典丛刊】\韩国 中央图书馆网站\1漢文佛教舊書2141份\3論類986份\多論合刊55份\CNTS-00047983514《誡初心學人文，發心修行章，皖山正凝禪師示蒙山法語，東山崇藏主送子行腳法語，蒙山和尚示眾，古潭和尚法語，示覺悟禪人法語，蒙山和尚法語略錄》（朝鮮1634年龍腹寺木板本）{1頁壞}\CNTS-00047983514-1{p21壞}.pdf
CreateFile(系统找不到指定的路径。3) : X:\disks\005\佛典集成\[佛典]【善本佛典丛刊】\韩国 中央图书馆网站\1漢文佛教舊書2141份\3論類986份\多論合刊55份\CNTS-00047983514《誡初心學人文，發心修行章，皖山正凝禪師示蒙山法語，東山崇藏主送子行腳法語，蒙山和尚示眾，古潭和尚法語，示覺悟禪人法語，蒙山和尚法語略錄》（朝鮮1634年龍腹寺木板本）{1頁壞}\CNTS-00047983514書目信息.doc
CreateDirectory(文件名、目录名或卷标语法不正确。123) : X:\disks\005\佛典集成\[佛典]【善本佛典丛刊】\韩国 中央图书馆网站\1漢文佛教舊書2141份\3論類986份\多論合刊55份\CNTS-00047996174《誡初心學人文，發心修行章，野雲自警序，皖山正凝禪師示蒙山法語，東山崇藏主送子行脚迲語，蒙山和尙示衆，古潭和尙法語，示覺悟禪人法語,蒙山和尙法語略錄》（朝鮮1536年木板本）
CreateFile(系统找不到指定的路径。3) : X:\disks\005\佛典集成\[佛典]【善本佛典丛刊】\韩国 中央图书馆网站\1漢文佛教舊書2141份\3論類986份\多論合刊55份\CNTS-00047996174《誡初心學人文，發心修行章，野雲自警序，皖山正凝禪師示蒙山法語，東山崇藏主送子行脚迲語，蒙山和尙示衆，古潭和尙法語，示覺悟禪人法語,蒙山和尙法語略錄》（朝鮮1536年木板本）\CNTS-00047996174-1.pdf
CreateFile(系统找不到指定的路径。3) : X:\disks\005\佛典集成\[佛典]【善本佛典丛刊】\韩国 中央图书馆网站\1漢文佛教舊書2141份\3論類986份\多論合刊55份\CNTS-00047996174《誡初心學人文，發心修行章，野雲自警序，皖山正凝禪師示蒙山法語，東山崇藏主送子行脚迲語，蒙山和尙示衆，古潭和尙法語，示覺悟禪人法語,蒙山和尙法語略錄》（朝鮮1536年木板本）\CNTS-00047996174書目信息.doc
CreateDirectory(文件名、目录名或卷标语法不正确。123) : X:\disks\005\佛典集成\[佛典]【善本佛典丛刊】\韩国 中央图书馆网站\1漢文佛教舊書2141份\6叢書合集210份\《成簣堂叢書》2份\CNTS-00047695801《成簣堂叢書（含白隱和尙垂示、淮海挐音、目江和尙錄、大梅夜話解說、一絲和尙行狀、佛頂國師年譜、南浦文之和尙、江湖風月集等等》（24冊）（德富猪一郞編）（日本1913年民友社木板本）{1頁壞}
CreateFile(系统找不到指定的路径。3) : X:\disks\005\佛典集成\[佛典]【善本佛典丛刊】\韩国 中央图书馆网站\1漢文佛教舊書2141份\6叢書合集210份\《成簣堂叢書》2份\CNTS-00047695801《成簣堂叢書（含白隱和尙垂示、淮海挐音、目江和尙錄、大梅夜話解說、一絲和尙行狀、佛頂國師年譜、南浦文之和尙、江湖風月集等等》（24冊）（德富猪一郞編）（日本1913年民友社木板本）{1頁壞}\CNTS-00047695801-1.pdf
CreateFile(系统找不到指定的路径。3) : X:\disks\005\佛典集成\[佛典]【善本佛典丛刊】\韩国 中央图书馆网站\1漢文佛教舊書2141份\6叢書合集210份\《成簣堂叢書》2份\CNTS-00047695801《成簣堂叢書（含白隱和尙垂示、淮海挐音、目江和尙錄、大梅夜話解說、一絲和尙行狀、佛頂國師年譜、南浦文之和尙、江湖風月集等等》（24冊）（德富猪一郞編）（日本1913年民友社木板本）{1頁壞}\CNTS-00047695801-10.pdf
CreateFile(系统找不到指定的路径。3) : X:\disks\005\佛典集成\[佛典]【善本佛典丛刊】\韩国 中央图书馆网站\1漢文佛教舊書2141份\6叢書合集210份\《成簣堂叢書》2份\CNTS-00047695801《成簣堂叢書（含白隱和尙垂示、淮海挐音、目江和尙錄、大梅夜話解說、一絲和尙行狀、佛頂國師年譜、南浦文之和尙、江湖風月集等等》（24冊）（德富猪一郞編）（日本1913年民友社木板本）{1頁壞}\CNTS-00047695801-11.pdf
CreateFile(系统找不到指定的路径。3) : X:\disks\005\佛典集成\[佛典]【善本佛典丛刊】\韩国 中央图书馆网站\1漢文佛教舊書2141份\6叢書合集210份\《成簣堂叢書》2份\CNTS-00047695801《成簣堂叢書（含白隱和尙垂示、淮海挐音、目江和尙錄、大梅夜話解說、一絲和尙行狀、佛頂國師年譜、南浦文之和尙、江湖風月集等等》（24冊）（德富猪一郞編）（日本1913年民友社木板本）{1頁壞}\CNTS-00047695801-12.pdf
CreateFile(系统找不到指定的路径。3) : X:\disks\005\佛典集成\[佛典]【善本佛典丛刊】\韩国 中央图书馆网站\1漢文佛教舊書2141份\6叢書合集210份\《成簣堂叢書》2份\CNTS-00047695801《成簣堂叢書（含白隱和尙垂示、淮海挐音、目江和尙錄、大梅夜話解說、一絲和尙行狀、佛頂國師年譜、南浦文之和尙、江湖風月集等等》（24冊）（德富猪一郞編）（日本1913年民友社木板本）{1頁壞}\CNTS-00047695801-13.pdf
CreateFile(系统找不到指定的路径。3) : X:\disks\005\佛典集成\[佛典]【善本佛典丛刊】\韩国 中央图书馆网站\1漢文佛教舊書2141份\6叢書合集210份\《成簣堂叢書》2份\CNTS-00047695801《成簣堂叢書（含白隱和尙垂示、淮海挐音、目江和尙錄、大梅夜話解說、一絲和尙行狀、佛頂國師年譜、南浦文之和尙、江湖風月集等等》（24冊）（德富猪一郞編）（日本1913年民友社木板本）{1頁壞}\CNTS-00047695801-14.pdf
CreateFile(系统找不到指定的路径。3) : X:\disks\005\佛典集成\[佛典]【善本佛典丛刊】\韩国 中央图书馆网站\1漢文佛教舊書2141份\6叢書合集210份\《成簣堂叢書》2份\CNTS-00047695801《成簣堂叢書（含白隱和尙垂示、淮海挐音、目江和尙錄、大梅夜話解說、一絲和尙行狀、佛頂國師年譜、南浦文之和尙、江湖風月集等等》（24冊）（德富猪一郞編）（日本1913年民友社木板本）{1頁壞}\CNTS-00047695801-15.pdf
CreateFile(系统找不到指定的路径。3) : X:\disks\005\佛典集成\[佛典]【善本佛典丛刊】\韩国 中央图书馆网站\1漢文佛教舊書2141份\6叢書合集210份\《成簣堂叢書》2份\CNTS-00047695801《成簣堂叢書（含白隱和尙垂示、淮海挐音、目江和尙錄、大梅夜話解說、一絲和尙行狀、佛頂國師年譜、南浦文之和尙、江湖風月集等等》（24冊）（德富猪一郞編）（日本1913年民友社木板本）{1頁壞}\CNTS-00047695801-16.pdf
CreateFile(系统找不到指定的路径。3) : X:\disks\005\佛典集成\[佛典]【善本佛典丛刊】\韩国 中央图书馆网站\1漢文佛教舊書2141份\6叢書合集210份\《成簣堂叢書》2份\CNTS-00047695801《成簣堂叢書（含白隱和尙垂示、淮海挐音、目江和尙錄、大梅夜話解說、一絲和尙行狀、佛頂國師年譜、南浦文之和尙、江湖風月集等等》（24冊）（德富猪一郞編）（日本1913年民友社木板本）{1頁壞}\CNTS-00047695801-17.pdf
CreateFile(系统找不到指定的路径。3) : X:\disks\005\佛典集成\[佛典]【善本佛典丛刊】\韩国 中央图书馆网站\1漢文佛教舊書2141份\6叢書合集210份\《成簣堂叢書》2份\CNTS-00047695801《成簣堂叢書（含白隱和尙垂示、淮海挐音、目江和尙錄、大梅夜話解說、一絲和尙行狀、佛頂國師年譜、南浦文之和尙、江湖風月集等等》（24冊）（德富猪一郞編）（日本1913年民友社木板本）{1頁壞}\CNTS-00047695801-18.pdf
CreateFile(系统找不到指定的路径。3) : X:\disks\005\佛典集成\[佛典]【善本佛典丛刊】\韩国 中央图书馆网站\1漢文佛教舊書2141份\6叢書合集210份\《成簣堂叢書》2份\CNTS-00047695801《成簣堂叢書（含白隱和尙垂示、淮海挐音、目江和尙錄、大梅夜話解說、一絲和尙行狀、佛頂國師年譜、南浦文之和尙、江湖風月集等等》（24冊）（德富猪一郞編）（日本1913年民友社木板本）{1頁壞}\CNTS-00047695801-19.pdf
CreateFile(系统找不到指定的路径。3) : X:\disks\005\佛典集成\[佛典]【善本佛典丛刊】\韩国 中央图书馆网站\1漢文佛教舊書2141份\6叢書合集210份\《成簣堂叢書》2份\CNTS-00047695801《成簣堂叢書（含白隱和尙垂示、淮海挐音、目江和尙錄、大梅夜話解說、一絲和尙行狀、佛頂國師年譜、南浦文之和尙、江湖風月集等等》（24冊）（德富猪一郞編）（日本1913年民友社木板本）{1頁壞}\CNTS-00047695801-2.pdf
CreateFile(系统找不到指定的路径。3) : X:\disks\005\佛典集成\[佛典]【善本佛典丛刊】\韩国 中央图书馆网站\1漢文佛教舊書2141份\6叢書合集210份\《成簣堂叢書》2份\CNTS-00047695801《成簣堂叢書（含白隱和尙垂示、淮海挐音、目江和尙錄、大梅夜話解說、一絲和尙行狀、佛頂國師年譜、南浦文之和尙、江湖風月集等等》（24冊）（德富猪一郞編）（日本1913年民友社木板本）{1頁壞}\CNTS-00047695801-20.pdf
CreateFile(系统找不到指定的路径。3) : X:\disks\005\佛典集成\[佛典]【善本佛典丛刊】\韩国 中央图书馆网站\1漢文佛教舊書2141份\6叢書合集210份\《成簣堂叢書》2份\CNTS-00047695801《成簣堂叢書（含白隱和尙垂示、淮海挐音、目江和尙錄、大梅夜話解說、一絲和尙行狀、佛頂國師年譜、南浦文之和尙、江湖風月集等等》（24冊）（德富猪一郞編）（日本1913年民友社木板本）{1頁壞}\CNTS-00047695801-21.pdf
CreateFile(系统找不到指定的路径。3) : X:\disks\005\佛典集成\[佛典]【善本佛典丛刊】\韩国 中央图书馆网站\1漢文佛教舊書2141份\6叢書合集210份\《成簣堂叢書》2份\CNTS-00047695801《成簣堂叢書（含白隱和尙垂示、淮海挐音、目江和尙錄、大梅夜話解說、一絲和尙行狀、佛頂國師年譜、南浦文之和尙、江湖風月集等等》（24冊）（德富猪一郞編）（日本1913年民友社木板本）{1頁壞}\CNTS-00047695801-22.pdf
CreateFile(系统找不到指定的路径。3) : X:\disks\005\佛典集成\[佛典]【善本佛典丛刊】\韩国 中央图书馆网站\1漢文佛教舊書2141份\6叢書合集210份\《成簣堂叢書》2份\CNTS-00047695801《成簣堂叢書（含白隱和尙垂示、淮海挐音、目江和尙錄、大梅夜話解說、一絲和尙行狀、佛頂國師年譜、南浦文之和尙、江湖風月集等等》（24冊）（德富猪一郞編）（日本1913年民友社木板本）{1頁壞}\CNTS-00047695801-23{p46壞}.pdf
CreateFile(系统找不到指定的路径。3) : X:\disks\005\佛典集成\[佛典]【善本佛典丛刊】\韩国 中央图书馆网站\1漢文佛教舊書2141份\6叢書合集210份\《成簣堂叢書》2份\CNTS-00047695801《成簣堂叢書（含白隱和尙垂示、淮海挐音、目江和尙錄、大梅夜話解說、一絲和尙行狀、佛頂國師年譜、南浦文之和尙、江湖風月集等等》（24冊）（德富猪一郞編）（日本1913年民友社木板本）{1頁壞}\CNTS-00047695801-24.pdf
CreateFile(系统找不到指定的路径。3) : X:\disks\005\佛典集成\[佛典]【善本佛典丛刊】\韩国 中央图书馆网站\1漢文佛教舊書2141份\6叢書合集210份\《成簣堂叢書》2份\CNTS-00047695801《成簣堂叢書（含白隱和尙垂示、淮海挐音、目江和尙錄、大梅夜話解說、一絲和尙行狀、佛頂國師年譜、南浦文之和尙、江湖風月集等等》（24冊）（德富猪一郞編）（日本1913年民友社木板本）{1頁壞}\CNTS-00047695801-3.pdf
CreateFile(系统找不到指定的路径。3) : X:\disks\005\佛典集成\[佛典]【善本佛典丛刊】\韩国 中央图书馆网站\1漢文佛教舊書2141份\6叢書合集210份\《成簣堂叢書》2份\CNTS-00047695801《成簣堂叢書（含白隱和尙垂示、淮海挐音、目江和尙錄、大梅夜話解說、一絲和尙行狀、佛頂國師年譜、南浦文之和尙、江湖風月集等等》（24冊）（德富猪一郞編）（日本1913年民友社木板本）{1頁壞}\CNTS-00047695801-4.pdf
CreateFile(系统找不到指定的路径。3) : X:\disks\005\佛典集成\[佛典]【善本佛典丛刊】\韩国 中央图书馆网站\1漢文佛教舊書2141份\6叢書合集210份\《成簣堂叢書》2份\CNTS-00047695801《成簣堂叢書（含白隱和尙垂示、淮海挐音、目江和尙錄、大梅夜話解說、一絲和尙行狀、佛頂國師年譜、南浦文之和尙、江湖風月集等等》（24冊）（德富猪一郞編）（日本1913年民友社木板本）{1頁壞}\CNTS-00047695801-5.pdf
CreateFile(系统找不到指定的路径。3) : X:\disks\005\佛典集成\[佛典]【善本佛典丛刊】\韩国 中央图书馆网站\1漢文佛教舊書2141份\6叢書合集210份\《成簣堂叢書》2份\CNTS-00047695801《成簣堂叢書（含白隱和尙垂示、淮海挐音、目江和尙錄、大梅夜話解說、一絲和尙行狀、佛頂國師年譜、南浦文之和尙、江湖風月集等等》（24冊）（德富猪一郞編）（日本1913年民友社木板本）{1頁壞}\CNTS-00047695801-6.pdf
CreateFile(系统找不到指定的路径。3) : X:\disks\005\佛典集成\[佛典]【善本佛典丛刊】\韩国 中央图书馆网站\1漢文佛教舊書2141份\6叢書合集210份\《成簣堂叢書》2份\CNTS-00047695801《成簣堂叢書（含白隱和尙垂示、淮海挐音、目江和尙錄、大梅夜話解說、一絲和尙行狀、佛頂國師年譜、南浦文之和尙、江湖風月集等等》（24冊）（德富猪一郞編）（日本1913年民友社木板本）{1頁壞}\CNTS-00047695801-7.pdf
CreateFile(系统找不到指定的路径。3) : X:\disks\005\佛典集成\[佛典]【善本佛典丛刊】\韩国 中央图书馆网站\1漢文佛教舊書2141份\6叢書合集210份\《成簣堂叢書》2份\CNTS-00047695801《成簣堂叢書（含白隱和尙垂示、淮海挐音、目江和尙錄、大梅夜話解說、一絲和尙行狀、佛頂國師年譜、南浦文之和尙、江湖風月集等等》（24冊）（德富猪一郞編）（日本1913年民友社木板本）{1頁壞}\CNTS-00047695801-8.pdf
CreateFile(系统找不到指定的路径。3) : X:\disks\005\佛典集成\[佛典]【善本佛典丛刊】\韩国 中央图书馆网站\1漢文佛教舊書2141份\6叢書合集210份\《成簣堂叢書》2份\CNTS-00047695801《成簣堂叢書（含白隱和尙垂示、淮海挐音、目江和尙錄、大梅夜話解說、一絲和尙行狀、佛頂國師年譜、南浦文之和尙、江湖風月集等等》（24冊）（德富猪一郞編）（日本1913年民友社木板本）{1頁壞}\CNTS-00047695801-9.pdf
CreateFile(系统找不到指定的路径。3) : X:\disks\005\佛典集成\[佛典]【善本佛典丛刊】\韩国 中央图书馆网站\1漢文佛教舊書2141份\6叢書合集210份\《成簣堂叢書》2份\CNTS-00047695801《成簣堂叢書（含白隱和尙垂示、淮海挐音、目江和尙錄、大梅夜話解說、一絲和尙行狀、佛頂國師年譜、南浦文之和尙、江湖風月集等等》（24冊）（德富猪一郞編）（日本1913年民友社木板本）{1頁壞}\CNTS-00047695801書目信息.doc
CreateDirectory(文件名、目录名或卷标语法不正确。123) : X:\disks\005\佛典集成\[佛典]【善本佛典丛刊】\韩国 中央图书馆网站\1漢文佛教舊書2141份\6叢書合集210份\單叢80份\CNTS-00047820059《解深密經疏，占察經玄義，盂蘭盆經疏新記，盂蘭盆經疏會古通今記，盂蘭盆經新疏，盂蘭盆經疏折中疏，盂蘭盆經略疏，藥師經古迹，藥師經直解，地藏經綸貫，地藏經科註，彌勒經遊意，彌勒上生經宗要，觀彌勒上生經疏，彌勒上生經疏，彌勒上生經瑞應鈔》（寶蓮閣1980年刊）{1頁壞}
CreateFile(系统找不到指定的路径。3) : X:\disks\005\佛典集成\[佛典]【善本佛典丛刊】\韩国 中央图书馆网站\1漢文佛教舊書2141份\6叢書合集210份\單叢80份\CNTS-00047820059《解深密經疏，占察經玄義，盂蘭盆經疏新記，盂蘭盆經疏會古通今記，盂蘭盆經新疏，盂蘭盆經疏折中疏，盂蘭盆經略疏，藥師經古迹，藥師經直解，地藏經綸貫，地藏經科註，彌勒經遊意，彌勒上生經宗要，觀彌勒上生經疏，彌勒上生經疏，彌勒上生經瑞應鈔》（寶蓮閣1980年刊）{1頁壞}\CNTS-00047...p723壞}.pdf
CreateFile(系统找不到指定的路径。3) : X:\disks\005\佛典集成\[佛典]【善本佛典丛刊】\韩国 中央图书馆网站\1漢文佛教舊書2141份\6叢書合集210份\單叢80份\CNTS-00047820059《解深密經疏，占察經玄義，盂蘭盆經疏新記，盂蘭盆經疏會古通今記，盂蘭盆經新疏，盂蘭盆經疏折中疏，盂蘭盆經略疏，藥師經古迹，藥師經直解，地藏經綸貫，地藏經科註，彌勒經遊意，彌勒上生經宗要，觀彌勒上生經疏，彌勒上生經疏，彌勒上生經瑞應鈔》（寶蓮閣1980年刊）{1頁壞}\CNTS-00047820059書目信息.doc
CreateDirectory(文件名、目录名或卷标语法不正确。123) : X:\disks\005\佛典集成\[佛典]【善本佛典丛刊】\韩国 中央图书馆网站\1漢文佛教舊書2141份\6叢書合集210份\單叢80份\CNTS-00047976340《諸經序（楞嚴經要解序，起信論序，金剛經序，圭峰密禪師疏論纂要序，圓覺經略鈔序，清涼國師碑銘，拈頌序，都序敘文，節要序，佛陀經序，禪要序，緇門序，華嚴經隨疏演義鈔序，宗鏡提頌綱要序，金刚经疏記會編序）》（1929年寫本）{1頁壞}
CreateFile(系统找不到指定的路径。3) : X:\disks\005\佛典集成\[佛典]【善本佛典丛刊】\韩国 中央图书馆网站\1漢文佛教舊書2141份\6叢書合集210份\單叢80份\CNTS-00047976340《諸經序（楞嚴經要解序，起信論序，金剛經序，圭峰密禪師疏論纂要序，圓覺經略鈔序，清涼國師碑銘，拈頌序，都序敘文，節要序，佛陀經序，禪要序，緇門序，華嚴經隨疏演義鈔序，宗鏡提頌綱要序，金刚经疏記會編序）》（1929年寫本）{1頁壞}\CNTS-00047976340-1{p11壞}.pdf
CreateFile(系统找不到指定的路径。3) : X:\disks\005\佛典集成\[佛典]【善本佛典丛刊】\韩国 中央图书馆网站\1漢文佛教舊書2141份\6叢書合集210份\單叢80份\CNTS-00047976340《諸經序（楞嚴經要解序，起信論序，金剛經序，圭峰密禪師疏論纂要序，圓覺經略鈔序，清涼國師碑銘，拈頌序，都序敘文，節要序，佛陀經序，禪要序，緇門序，華嚴經隨疏演義鈔序，宗鏡提頌綱要序，金刚经疏記會編序）》（1929年寫本）{1頁壞}\CNTS-00047976340書目信息.doc
CreateDirectory(文件名、目录名或卷标语法不正确。123) : X:\disks\005\佛典集成\[佛典]【善本佛典丛刊】\韩国 中央图书馆网站\1漢文佛教舊書2141份\6叢書合集210份\單叢80份\CNTS-00047979349《高麗版零葉集：十門和諍論、起信論疏、起信抄、持犯宗要、華嚴疏、華嚴孔目章、華嚴隨疏演義抄、起信論筆削記、佛說上天王天帝釋請命長生經、華嚴經如來出現品、修西方淨業儀》（高麗木板本，韓國海印寺1943年後刷）
CreateFile(系统找不到指定的路径。3) : X:\disks\005\佛典集成\[佛典]【善本佛典丛刊】\韩国 中央图书馆网站\1漢文佛教舊書2141份\6叢書合集210份\單叢80份\CNTS-00047979349《高麗版零葉集：十門和諍論、起信論疏、起信抄、持犯宗要、華嚴疏、華嚴孔目章、華嚴隨疏演義抄、起信論筆削記、佛說上天王天帝釋請命長生經、華嚴經如來出現品、修西方淨業儀》（高麗木板本，韓國海印寺1943年後刷）\CNTS-00047979349-1.pdf
CreateFile(系统找不到指定的路径。3) : X:\disks\005\佛典集成\[佛典]【善本佛典丛刊】\韩国 中央图书馆网站\1漢文佛教舊書2141份\6叢書合集210份\單叢80份\CNTS-00047979349《高麗版零葉集：十門和諍論、起信論疏、起信抄、持犯宗要、華嚴疏、華嚴孔目章、華嚴隨疏演義抄、起信論筆削記、佛說上天王天帝釋請命長生經、華嚴經如來出現品、修西方淨業儀》（高麗木板本，韓國海印寺1943年後刷）\CNTS-00047979349書目信息.doc
CreateDirectory(文件名、目录名或卷标语法不正确。123) : X:\disks\005\佛典集成\[佛典]【善本佛典丛刊】\韩国 中央图书馆网站\1漢文佛教舊書2141份\6叢書合集210份\單叢80份\CNTS-00047983662《（解厄吉昌）佛寶遺集（道場淸淨誦經法、會中施食誦經法等，度厄經，三災經，橫煞經，牛馬長生經，佛說眼目淸淨經，佛說金神七煞經》（金大震編）（慶北經卜組合1937年鉛活字本）｛漢韓文對照｝
CreateFile(系统找不到指定的路径。3) : X:\disks\005\佛典集成\[佛典]【善本佛典丛刊】\韩国 中央图书馆网站\1漢文佛教舊書2141份\6叢書合集210份\單叢80份\CNTS-00047983662《（解厄吉昌）佛寶遺集（道場淸淨誦經法、會中施食誦經法等，度厄經，三災經，橫煞經，牛馬長生經，佛說眼目淸淨經，佛說金神七煞經》（金大震編）（慶北經卜組合1937年鉛活字本）｛漢韓文對照｝\CNTS-00047983662-1.pdf
CreateFile(系统找不到指定的路径。3) : X:\disks\005\佛典集成\[佛典]【善本佛典丛刊】\韩国 中央图书馆网站\1漢文佛教舊書2141份\6叢書合集210份\單叢80份\CNTS-00047983662《（解厄吉昌）佛寶遺集（道場淸淨誦經法、會中施食誦經法等，度厄經，三災經，橫煞經，牛馬長生經，佛說眼目淸淨經，佛說金神七煞經》（金大震編）（慶北經卜組合1937年鉛活字本）｛漢韓文對照｝\CNTS-00047983662書目信息.doc
CreateDirectory(文件名、目录名或卷标语法不正确。123) : X:\disks\005\佛典集成\[佛典]【善本佛典丛刊】\韩国 中央图书馆网站\1漢文佛教舊書2141份\6叢書合集210份\單叢80份\CNTS-00061062004《佛說廣本大歲經；地心陀羅尼經（帶序）；天地八陽神咒經（帶序）；竈王經；歡喜竈王經；安宅神咒經；百煞神咒經；金神七煞經；龍王三昧經；敗目神咒經；度厄經；五姓反支經；堗堀經；明堂神經；救護身命經；牛馬長生經；三災消滅經；重眼神經》（龍藏寺1635年木板本）
CreateFile(系统找不到指定的路径。3) : X:\disks\005\佛典集成\[佛典]【善本佛典丛刊】\韩国 中央图书馆网站\1漢文佛教舊書2141份\6叢書合集210份\單叢80份\CNTS-00061062004《佛說廣本大歲經；地心陀羅尼經（帶序）；天地八陽神咒經（帶序）；竈王經；歡喜竈王經；安宅神咒經；百煞神咒經；金神七煞經；龍王三昧經；敗目神咒經；度厄經；五姓反支經；堗堀經；明堂神經；救護身命經；牛馬長生經；三災消滅經；重眼神經》（龍藏寺1635年木板本）\CNTS-00061062004-1.pdf
CreateFile(系统找不到指定的路径。3) : X:\disks\005\佛典集成\[佛典]【善本佛典丛刊】\韩国 中央图书馆网站\1漢文佛教舊書2141份\6叢書合集210份\單叢80份\CNTS-00061062004《佛說廣本大歲經；地心陀羅尼經（帶序）；天地八陽神咒經（帶序）；竈王經；歡喜竈王經；安宅神咒經；百煞神咒經；金神七煞經；龍王三昧經；敗目神咒經；度厄經；五姓反支經；堗堀經；明堂神經；救護身命經；牛馬長生經；三災消滅經；重眼神經》（龍藏寺1635年木板本）\CNTS-00061062004書目信息.doc


ReadFile(数据错误(循环冗余检查)。23) : K:\自己收藏\01 显宗\01 大乘\01慧律法师\03 高级\03 佛说阿弥陀经要解讲义\20120404D11-2.mp4
ReadFile(数据错误(循环冗余检查)。23) : K:\自己收藏\01 显宗\01 大乘\01慧律法师\03 高级\03 佛说阿弥陀经要解讲义\20120404D12-1.mp4
ReadFile(数据错误(循环冗余检查)。23) : K:\自己收藏\01 显宗\01 大乘\01慧律法师\03 高级\04 楞伽经全集 慧律法师\04 楞伽经(一)\20120620D06-4.rmvb


CreateDirectory(文件名、目录名或卷标语法不正确。123) : X:\disks\028\A.非媒体文件1.0-disk2\07.其他专题\佛教古籍\韩国中央图书馆网站【214.81GB】9891\1、汉文佛教旧书2141份\3、论类986份\《金刚经》注解51份\CNTS-00047983630《金刚经疏论纂要刊定记会编（带序，前附十八住阶位图说、二十七疑脉络图说）》（10卷5册）（鸠摩罗什译，宗密疏，子璿记，行策编）（朝鲜1686年金华山澄光寺木板本）｛17页坏｝
CreateFile(系统找不到指定的路径。3) : X:\disks\028\A.非媒体文件1.0-disk2\07.其他专题\佛教古籍\韩国中央图书馆网站【214.81GB】9891\1、汉文佛教旧书2141份\3、论类986份\《金刚经》注解51份\CNTS-00047983630《金刚经疏论纂要刊定记会编（带序，前附十八住阶位图说、二十七疑脉络图说）》（10卷5册）（鸠摩罗什译，宗密疏，子璿记，行策编）（朝鲜1686年金华山澄光寺木板本）｛17页坏｝\CNTS-00047983630-1.pdf
CreateFile(系统找不到指定的路径。3) : X:\disks\028\A.非媒体文件1.0-disk2\07.其他专题\佛教古籍\韩国中央图书馆网站【214.81GB】9891\1、汉文佛教旧书2141份\3、论类986份\《金刚经》注解51份\CNTS-00047983630《金刚经疏论纂要刊定记会编（带序，前附十八住阶位图说、二十七疑脉络图说）》（10卷5册）（鸠摩罗什译，宗密疏，子璿记，行策编）（朝鲜1686年金华山澄光寺木板本）｛17页坏｝\CNTS-00047983630-2{p32坏}.pdf
CreateFile(系统找不到指定的路径。3) : X:\disks\028\A.非媒体文件1.0-disk2\07.其他专题\佛教古籍\韩国中央图书馆网站【214.81GB】9891\1、汉文佛教旧书2141份\3、论类986份\《金刚经》注解51份\CNTS-00047983630《金刚经疏论纂要刊定记会编（带序，前附十八住阶位图说、二十七疑脉络图说）》（10卷5册）（鸠摩罗什译，宗密疏，子璿记，行策编）（朝鲜1686年金华山澄光寺木板本）｛17页坏｝\CNTS-00047983630-3.pdf
CreateFile(系统找不到指定的路径。3) : X:\disks\028\A.非媒体文件1.0-disk2\07.其他专题\佛教古籍\韩国中央图书馆网站【214.81GB】9891\1、汉文佛教旧书2141份\3、论类986份\《金刚经》注解51份\CNTS-00047983630《金刚经疏论纂要刊定记会编（带序，前附十八住阶位图说、二十七疑脉络图说）》（10卷5册）（鸠摩罗什译，宗密疏，子璿记，行策编）（朝鲜1686年金华山澄光寺木板本）｛17页坏｝\CNTS-00047983630-4{p85、95、110坏}.pdf
CreateFile(系统找不到指定的路径。3) : X:\disks\028\A.非媒体文件1.0-disk2\07.其他专题\佛教古籍\韩国中央图书馆网站【214.81GB】9891\1、汉文佛教旧书2141份\3、论类986份\《金刚经》注解51份\CNTS-00047983630《金刚经疏论纂要刊定记会编（带序，前附十八住阶位图说、二十七疑脉络图说）》（10卷5册）（鸠摩罗什译，宗密疏，子璿记，行策编）（朝鲜1686年金华山澄光寺木板本）｛17页坏｝\CNTS-00047983630-5{13页坏}.pdf
CreateFile(系统找不到指定的路径。3) : X:\disks\028\A.非媒体文件1.0-disk2\07.其他专题\佛教古籍\韩国中央图书馆网站【214.81GB】9891\1、汉文佛教旧书2141份\3、论类986份\《金刚经》注解51份\CNTS-00047983630《金刚经疏论纂要刊定记会编（带序，前附十八住阶位图说、二十七疑脉络图说）》（10卷5册）（鸠摩罗什译，宗密疏，子璿记，行策编）（朝鲜1686年金华山澄光寺木板本）｛17页坏｝\CNTS-00047983630书目信息.doc
CreateDirectory(文件名、目录名或卷标语法不正确。123) : X:\disks\028\A.非媒体文件1.0-disk2\07.其他专题\佛教古籍\韩国中央图书馆网站【214.81GB】9891\1、汉文佛教旧书2141份\3、论类986份\多论合刊55份\CNTS-00047967966《诫初心学人文；发心修行章；野云自警；正凝禅师示蒙山法语；东山崇藏主送子行脚法语；梦山和尚示众；古潭和尙法语；晦堂禅师法语》（[高丽]知讷着；[新罗]元晓着；永即仙人等作）（朝鲜九月山月精寺1574年木板本）{2页坏}
CreateFile(系统找不到指定的路径。3) : X:\disks\028\A.非媒体文件1.0-disk2\07.其他专题\佛教古籍\韩国中央图书馆网站【214.81GB】9891\1、汉文佛教旧书2141份\3、论类986份\多论合刊55份\CNTS-00047967966《诫初心学人文；发心修行章；野云自警；正凝禅师示蒙山法语；东山崇藏主送子行脚法语；梦山和尚示众；古潭和尙法语；晦堂禅师法语》（[高丽]知讷着；[新罗]元晓着；永即仙人等作）（朝鲜九月山月精寺1574年木板本）{2页坏}\CNTS-00047967966-1{p3、16坏}.pdf
CreateFile(系统找不到指定的路径。3) : X:\disks\028\A.非媒体文件1.0-disk2\07.其他专题\佛教古籍\韩国中央图书馆网站【214.81GB】9891\1、汉文佛教旧书2141份\3、论类986份\多论合刊55份\CNTS-00047967966《诫初心学人文；发心修行章；野云自警；正凝禅师示蒙山法语；东山崇藏主送子行脚法语；梦山和尚示众；古潭和尙法语；晦堂禅师法语》（[高丽]知讷着；[新罗]元晓着；永即仙人等作）（朝鲜九月山月精寺1574年木板本）{2页坏}\CNTS-00047967966书目信息.doc
CreateDirectory(文件名、目录名或卷标语法不正确。123) : X:\disks\028\A.非媒体文件1.0-disk2\07.其他专题\佛教古籍\韩国中央图书馆网站【214.81GB】9891\1、汉文佛教旧书2141份\3、论类986份\多论合刊55份\CNTS-00047976388《诸经会要：大摠相法门图，愚法小乘五位位总相图，十本经论二障体说，空有迭彰句对不同图，遣拂客尘通别义图说，小乘十二部，佛祖宗派图，默庵子纂要华严八十卷疏科判图等等》（不明年代木板本）
CreateFile(系统找不到指定的路径。3) : X:\disks\028\A.非媒体文件1.0-disk2\07.其他专题\佛教古籍\韩国中央图书馆网站【214.81GB】9891\1、汉文佛教旧书2141份\3、论类986份\多论合刊55份\CNTS-00047976388《诸经会要：大摠相法门图，愚法小乘五位位总相图，十本经论二障体说，空有迭彰句对不同图，遣拂客尘通别义图说，小乘十二部，佛祖宗派图，默庵子纂要华严八十卷疏科判图等等》（不明年代木板本）\CNTS-00047976388-1.pdf
CreateFile(系统找不到指定的路径。3) : X:\disks\028\A.非媒体文件1.0-disk2\07.其他专题\佛教古籍\韩国中央图书馆网站【214.81GB】9891\1、汉文佛教旧书2141份\3、论类986份\多论合刊55份\CNTS-00047976388《诸经会要：大摠相法门图，愚法小乘五位位总相图，十本经论二障体说，空有迭彰句对不同图，遣拂客尘通别义图说，小乘十二部，佛祖宗派图，默庵子纂要华严八十卷疏科判图等等》（不明年代木板本）\CNTS-00047976388书目信息.doc
CreateDirectory(文件名、目录名或卷标语法不正确。123) : X:\disks\028\A.非媒体文件1.0-disk2\07.其他专题\佛教古籍\韩国中央图书馆网站【214.81GB】9891\1、汉文佛教旧书2141份\3、论类986份\多论合刊55份\CNTS-00047979369《初心正眼：诫初心学人文，发心修行章，野云自警序，皖山正凝禅师示蒙山法语，东山崇藏主送子行脚法语，蒙山和尚示众，古潭和尚法语，示觉悟禅人法语，晦堂禅师法语，无字十节目，休休庵主坐禅文，》（不明年代写本，底本为1574年木板本）
CreateFile(系统找不到指定的路径。3) : X:\disks\028\A.非媒体文件1.0-disk2\07.其他专题\佛教古籍\韩国中央图书馆网站【214.81GB】9891\1、汉文佛教旧书2141份\3、论类986份\多论合刊55份\CNTS-00047979369《初心正眼：诫初心学人文，发心修行章，野云自警序，皖山正凝禅师示蒙山法语，东山崇藏主送子行脚法语，蒙山和尚示众，古潭和尚法语，示觉悟禅人法语，晦堂禅师法语，无字十节目，休休庵主坐禅文，》（不明年代写本，底本为1574年木板本）\CNTS-00047979369-1.pdf
CreateFile(系统找不到指定的路径。3) : X:\disks\028\A.非媒体文件1.0-disk2\07.其他专题\佛教古籍\韩国中央图书馆网站【214.81GB】9891\1、汉文佛教旧书2141份\3、论类986份\多论合刊55份\CNTS-00047979369《初心正眼：诫初心学人文，发心修行章，野云自警序，皖山正凝禅师示蒙山法语，东山崇藏主送子行脚法语，蒙山和尚示众，古潭和尚法语，示觉悟禅人法语，晦堂禅师法语，无字十节目，休休庵主坐禅文，》（不明年代写本，底本为1574年木板本）\CNTS-00047979369书目信息.doc
CreateDirectory(文件名、目录名或卷标语法不正确。123) : X:\disks\028\A.非媒体文件1.0-disk2\07.其他专题\佛教古籍\韩国中央图书馆网站【214.81GB】9891\1、汉文佛教旧书2141份\3、论类986份\多论合刊55份\CNTS-00047983514《诫初心学人文，发心修行章，皖山正凝禅师示蒙山法语，东山崇藏主送子行脚法语，蒙山和尚示众，古潭和尚法语，示觉悟禅人法语，蒙山和尚法语略录》（朝鲜1634年龙腹寺木板本）{1页坏}
CreateFile(系统找不到指定的路径。3) : X:\disks\028\A.非媒体文件1.0-disk2\07.其他专题\佛教古籍\韩国中央图书馆网站【214.81GB】9891\1、汉文佛教旧书2141份\3、论类986份\多论合刊55份\CNTS-00047983514《诫初心学人文，发心修行章，皖山正凝禅师示蒙山法语，东山崇藏主送子行脚法语，蒙山和尚示众，古潭和尚法语，示觉悟禅人法语，蒙山和尚法语略录》（朝鲜1634年龙腹寺木板本）{1页坏}\CNTS-00047983514-1{p21坏}.pdf
CreateFile(系统找不到指定的路径。3) : X:\disks\028\A.非媒体文件1.0-disk2\07.其他专题\佛教古籍\韩国中央图书馆网站【214.81GB】9891\1、汉文佛教旧书2141份\3、论类986份\多论合刊55份\CNTS-00047983514《诫初心学人文，发心修行章，皖山正凝禅师示蒙山法语，东山崇藏主送子行脚法语，蒙山和尚示众，古潭和尚法语，示觉悟禅人法语，蒙山和尚法语略录》（朝鲜1634年龙腹寺木板本）{1页坏}\CNTS-00047983514书目信息.doc
CreateDirectory(文件名、目录名或卷标语法不正确。123) : X:\disks\028\A.非媒体文件1.0-disk2\07.其他专题\佛教古籍\韩国中央图书馆网站【214.81GB】9891\1、汉文佛教旧书2141份\3、论类986份\多论合刊55份\CNTS-00047996174《诫初心学人文，发心修行章，野云自警序，皖山正凝禅师示蒙山法语，东山崇藏主送子行脚迲语，蒙山和尙示衆，古潭和尙法语，示觉悟禅人法语,蒙山和尙法语略录》（朝鲜1536年木板本）
CreateFile(系统找不到指定的路径。3) : X:\disks\028\A.非媒体文件1.0-disk2\07.其他专题\佛教古籍\韩国中央图书馆网站【214.81GB】9891\1、汉文佛教旧书2141份\3、论类986份\多论合刊55份\CNTS-00047996174《诫初心学人文，发心修行章，野云自警序，皖山正凝禅师示蒙山法语，东山崇藏主送子行脚迲语，蒙山和尙示衆，古潭和尙法语，示觉悟禅人法语,蒙山和尙法语略录》（朝鲜1536年木板本）\CNTS-00047996174-1.pdf
CreateFile(系统找不到指定的路径。3) : X:\disks\028\A.非媒体文件1.0-disk2\07.其他专题\佛教古籍\韩国中央图书馆网站【214.81GB】9891\1、汉文佛教旧书2141份\3、论类986份\多论合刊55份\CNTS-00047996174《诫初心学人文，发心修行章，野云自警序，皖山正凝禅师示蒙山法语，东山崇藏主送子行脚迲语，蒙山和尙示衆，古潭和尙法语，示觉悟禅人法语,蒙山和尙法语略录》（朝鲜1536年木板本）\CNTS-00047996174书目信息.doc
CreateDirectory(文件名、目录名或卷标语法不正确。123) : X:\disks\028\A.非媒体文件1.0-disk2\07.其他专题\佛教古籍\韩国中央图书馆网站【214.81GB】9891\1、汉文佛教旧书2141份\6、丛书合集210份\《成篑堂丛书》2份\CNTS-00047695801《成篑堂丛书（含白隐和尙垂示、淮海挐音、目江和尙录、大梅夜话解说、一丝和尙行状、佛顶国师年谱、南浦文之和尙、江湖风月集等等》（24册）（德富猪一郞编）（日本1913年民友社木板本）{1页坏}
CreateFile(系统找不到指定的路径。3) : X:\disks\028\A.非媒体文件1.0-disk2\07.其他专题\佛教古籍\韩国中央图书馆网站【214.81GB】9891\1、汉文佛教旧书2141份\6、丛书合集210份\《成篑堂丛书》2份\CNTS-00047695801《成篑堂丛书（含白隐和尙垂示、淮海挐音、目江和尙录、大梅夜话解说、一丝和尙行状、佛顶国师年谱、南浦文之和尙、江湖风月集等等》（24册）（德富猪一郞编）（日本1913年民友社木板本）{1页坏}\CNTS-00047695801-1.pdf
CreateFile(系统找不到指定的路径。3) : X:\disks\028\A.非媒体文件1.0-disk2\07.其他专题\佛教古籍\韩国中央图书馆网站【214.81GB】9891\1、汉文佛教旧书2141份\6、丛书合集210份\《成篑堂丛书》2份\CNTS-00047695801《成篑堂丛书（含白隐和尙垂示、淮海挐音、目江和尙录、大梅夜话解说、一丝和尙行状、佛顶国师年谱、南浦文之和尙、江湖风月集等等》（24册）（德富猪一郞编）（日本1913年民友社木板本）{1页坏}\CNTS-00047695801-10.pdf
CreateFile(系统找不到指定的路径。3) : X:\disks\028\A.非媒体文件1.0-disk2\07.其他专题\佛教古籍\韩国中央图书馆网站【214.81GB】9891\1、汉文佛教旧书2141份\6、丛书合集210份\《成篑堂丛书》2份\CNTS-00047695801《成篑堂丛书（含白隐和尙垂示、淮海挐音、目江和尙录、大梅夜话解说、一丝和尙行状、佛顶国师年谱、南浦文之和尙、江湖风月集等等》（24册）（德富猪一郞编）（日本1913年民友社木板本）{1页坏}\CNTS-00047695801-11.pdf
CreateFile(系统找不到指定的路径。3) : X:\disks\028\A.非媒体文件1.0-disk2\07.其他专题\佛教古籍\韩国中央图书馆网站【214.81GB】9891\1、汉文佛教旧书2141份\6、丛书合集210份\《成篑堂丛书》2份\CNTS-00047695801《成篑堂丛书（含白隐和尙垂示、淮海挐音、目江和尙录、大梅夜话解说、一丝和尙行状、佛顶国师年谱、南浦文之和尙、江湖风月集等等》（24册）（德富猪一郞编）（日本1913年民友社木板本）{1页坏}\CNTS-00047695801-12.pdf
CreateFile(系统找不到指定的路径。3) : X:\disks\028\A.非媒体文件1.0-disk2\07.其他专题\佛教古籍\韩国中央图书馆网站【214.81GB】9891\1、汉文佛教旧书2141份\6、丛书合集210份\《成篑堂丛书》2份\CNTS-00047695801《成篑堂丛书（含白隐和尙垂示、淮海挐音、目江和尙录、大梅夜话解说、一丝和尙行状、佛顶国师年谱、南浦文之和尙、江湖风月集等等》（24册）（德富猪一郞编）（日本1913年民友社木板本）{1页坏}\CNTS-00047695801-13.pdf
CreateFile(系统找不到指定的路径。3) : X:\disks\028\A.非媒体文件1.0-disk2\07.其他专题\佛教古籍\韩国中央图书馆网站【214.81GB】9891\1、汉文佛教旧书2141份\6、丛书合集210份\《成篑堂丛书》2份\CNTS-00047695801《成篑堂丛书（含白隐和尙垂示、淮海挐音、目江和尙录、大梅夜话解说、一丝和尙行状、佛顶国师年谱、南浦文之和尙、江湖风月集等等》（24册）（德富猪一郞编）（日本1913年民友社木板本）{1页坏}\CNTS-00047695801-14.pdf
CreateFile(系统找不到指定的路径。3) : X:\disks\028\A.非媒体文件1.0-disk2\07.其他专题\佛教古籍\韩国中央图书馆网站【214.81GB】9891\1、汉文佛教旧书2141份\6、丛书合集210份\《成篑堂丛书》2份\CNTS-00047695801《成篑堂丛书（含白隐和尙垂示、淮海挐音、目江和尙录、大梅夜话解说、一丝和尙行状、佛顶国师年谱、南浦文之和尙、江湖风月集等等》（24册）（德富猪一郞编）（日本1913年民友社木板本）{1页坏}\CNTS-00047695801-15.pdf
CreateFile(系统找不到指定的路径。3) : X:\disks\028\A.非媒体文件1.0-disk2\07.其他专题\佛教古籍\韩国中央图书馆网站【214.81GB】9891\1、汉文佛教旧书2141份\6、丛书合集210份\《成篑堂丛书》2份\CNTS-00047695801《成篑堂丛书（含白隐和尙垂示、淮海挐音、目江和尙录、大梅夜话解说、一丝和尙行状、佛顶国师年谱、南浦文之和尙、江湖风月集等等》（24册）（德富猪一郞编）（日本1913年民友社木板本）{1页坏}\CNTS-00047695801-16.pdf
CreateFile(系统找不到指定的路径。3) : X:\disks\028\A.非媒体文件1.0-disk2\07.其他专题\佛教古籍\韩国中央图书馆网站【214.81GB】9891\1、汉文佛教旧书2141份\6、丛书合集210份\《成篑堂丛书》2份\CNTS-00047695801《成篑堂丛书（含白隐和尙垂示、淮海挐音、目江和尙录、大梅夜话解说、一丝和尙行状、佛顶国师年谱、南浦文之和尙、江湖风月集等等》（24册）（德富猪一郞编）（日本1913年民友社木板本）{1页坏}\CNTS-00047695801-17.pdf
CreateFile(系统找不到指定的路径。3) : X:\disks\028\A.非媒体文件1.0-disk2\07.其他专题\佛教古籍\韩国中央图书馆网站【214.81GB】9891\1、汉文佛教旧书2141份\6、丛书合集210份\《成篑堂丛书》2份\CNTS-00047695801《成篑堂丛书（含白隐和尙垂示、淮海挐音、目江和尙录、大梅夜话解说、一丝和尙行状、佛顶国师年谱、南浦文之和尙、江湖风月集等等》（24册）（德富猪一郞编）（日本1913年民友社木板本）{1页坏}\CNTS-00047695801-18.pdf
CreateFile(系统找不到指定的路径。3) : X:\disks\028\A.非媒体文件1.0-disk2\07.其他专题\佛教古籍\韩国中央图书馆网站【214.81GB】9891\1、汉文佛教旧书2141份\6、丛书合集210份\《成篑堂丛书》2份\CNTS-00047695801《成篑堂丛书（含白隐和尙垂示、淮海挐音、目江和尙录、大梅夜话解说、一丝和尙行状、佛顶国师年谱、南浦文之和尙、江湖风月集等等》（24册）（德富猪一郞编）（日本1913年民友社木板本）{1页坏}\CNTS-00047695801-19.pdf
CreateFile(系统找不到指定的路径。3) : X:\disks\028\A.非媒体文件1.0-disk2\07.其他专题\佛教古籍\韩国中央图书馆网站【214.81GB】9891\1、汉文佛教旧书2141份\6、丛书合集210份\《成篑堂丛书》2份\CNTS-00047695801《成篑堂丛书（含白隐和尙垂示、淮海挐音、目江和尙录、大梅夜话解说、一丝和尙行状、佛顶国师年谱、南浦文之和尙、江湖风月集等等》（24册）（德富猪一郞编）（日本1913年民友社木板本）{1页坏}\CNTS-00047695801-2.pdf
CreateFile(系统找不到指定的路径。3) : X:\disks\028\A.非媒体文件1.0-disk2\07.其他专题\佛教古籍\韩国中央图书馆网站【214.81GB】9891\1、汉文佛教旧书2141份\6、丛书合集210份\《成篑堂丛书》2份\CNTS-00047695801《成篑堂丛书（含白隐和尙垂示、淮海挐音、目江和尙录、大梅夜话解说、一丝和尙行状、佛顶国师年谱、南浦文之和尙、江湖风月集等等》（24册）（德富猪一郞编）（日本1913年民友社木板本）{1页坏}\CNTS-00047695801-20.pdf
CreateFile(系统找不到指定的路径。3) : X:\disks\028\A.非媒体文件1.0-disk2\07.其他专题\佛教古籍\韩国中央图书馆网站【214.81GB】9891\1、汉文佛教旧书2141份\6、丛书合集210份\《成篑堂丛书》2份\CNTS-00047695801《成篑堂丛书（含白隐和尙垂示、淮海挐音、目江和尙录、大梅夜话解说、一丝和尙行状、佛顶国师年谱、南浦文之和尙、江湖风月集等等》（24册）（德富猪一郞编）（日本1913年民友社木板本）{1页坏}\CNTS-00047695801-21.pdf
CreateFile(系统找不到指定的路径。3) : X:\disks\028\A.非媒体文件1.0-disk2\07.其他专题\佛教古籍\韩国中央图书馆网站【214.81GB】9891\1、汉文佛教旧书2141份\6、丛书合集210份\《成篑堂丛书》2份\CNTS-00047695801《成篑堂丛书（含白隐和尙垂示、淮海挐音、目江和尙录、大梅夜话解说、一丝和尙行状、佛顶国师年谱、南浦文之和尙、江湖风月集等等》（24册）（德富猪一郞编）（日本1913年民友社木板本）{1页坏}\CNTS-00047695801-22.pdf
CreateFile(系统找不到指定的路径。3) : X:\disks\028\A.非媒体文件1.0-disk2\07.其他专题\佛教古籍\韩国中央图书馆网站【214.81GB】9891\1、汉文佛教旧书2141份\6、丛书合集210份\《成篑堂丛书》2份\CNTS-00047695801《成篑堂丛书（含白隐和尙垂示、淮海挐音、目江和尙录、大梅夜话解说、一丝和尙行状、佛顶国师年谱、南浦文之和尙、江湖风月集等等》（24册）（德富猪一郞编）（日本1913年民友社木板本）{1页坏}\CNTS-00047695801-23{p46坏}.pdf
CreateFile(系统找不到指定的路径。3) : X:\disks\028\A.非媒体文件1.0-disk2\07.其他专题\佛教古籍\韩国中央图书馆网站【214.81GB】9891\1、汉文佛教旧书2141份\6、丛书合集210份\《成篑堂丛书》2份\CNTS-00047695801《成篑堂丛书（含白隐和尙垂示、淮海挐音、目江和尙录、大梅夜话解说、一丝和尙行状、佛顶国师年谱、南浦文之和尙、江湖风月集等等》（24册）（德富猪一郞编）（日本1913年民友社木板本）{1页坏}\CNTS-00047695801-24.pdf
CreateFile(系统找不到指定的路径。3) : X:\disks\028\A.非媒体文件1.0-disk2\07.其他专题\佛教古籍\韩国中央图书馆网站【214.81GB】9891\1、汉文佛教旧书2141份\6、丛书合集210份\《成篑堂丛书》2份\CNTS-00047695801《成篑堂丛书（含白隐和尙垂示、淮海挐音、目江和尙录、大梅夜话解说、一丝和尙行状、佛顶国师年谱、南浦文之和尙、江湖风月集等等》（24册）（德富猪一郞编）（日本1913年民友社木板本）{1页坏}\CNTS-00047695801-3.pdf
CreateFile(系统找不到指定的路径。3) : X:\disks\028\A.非媒体文件1.0-disk2\07.其他专题\佛教古籍\韩国中央图书馆网站【214.81GB】9891\1、汉文佛教旧书2141份\6、丛书合集210份\《成篑堂丛书》2份\CNTS-00047695801《成篑堂丛书（含白隐和尙垂示、淮海挐音、目江和尙录、大梅夜话解说、一丝和尙行状、佛顶国师年谱、南浦文之和尙、江湖风月集等等》（24册）（德富猪一郞编）（日本1913年民友社木板本）{1页坏}\CNTS-00047695801-4.pdf
CreateFile(系统找不到指定的路径。3) : X:\disks\028\A.非媒体文件1.0-disk2\07.其他专题\佛教古籍\韩国中央图书馆网站【214.81GB】9891\1、汉文佛教旧书2141份\6、丛书合集210份\《成篑堂丛书》2份\CNTS-00047695801《成篑堂丛书（含白隐和尙垂示、淮海挐音、目江和尙录、大梅夜话解说、一丝和尙行状、佛顶国师年谱、南浦文之和尙、江湖风月集等等》（24册）（德富猪一郞编）（日本1913年民友社木板本）{1页坏}\CNTS-00047695801-5.pdf
CreateFile(系统找不到指定的路径。3) : X:\disks\028\A.非媒体文件1.0-disk2\07.其他专题\佛教古籍\韩国中央图书馆网站【214.81GB】9891\1、汉文佛教旧书2141份\6、丛书合集210份\《成篑堂丛书》2份\CNTS-00047695801《成篑堂丛书（含白隐和尙垂示、淮海挐音、目江和尙录、大梅夜话解说、一丝和尙行状、佛顶国师年谱、南浦文之和尙、江湖风月集等等》（24册）（德富猪一郞编）（日本1913年民友社木板本）{1页坏}\CNTS-00047695801-6.pdf
CreateFile(系统找不到指定的路径。3) : X:\disks\028\A.非媒体文件1.0-disk2\07.其他专题\佛教古籍\韩国中央图书馆网站【214.81GB】9891\1、汉文佛教旧书2141份\6、丛书合集210份\《成篑堂丛书》2份\CNTS-00047695801《成篑堂丛书（含白隐和尙垂示、淮海挐音、目江和尙录、大梅夜话解说、一丝和尙行状、佛顶国师年谱、南浦文之和尙、江湖风月集等等》（24册）（德富猪一郞编）（日本1913年民友社木板本）{1页坏}\CNTS-00047695801-7.pdf
CreateFile(系统找不到指定的路径。3) : X:\disks\028\A.非媒体文件1.0-disk2\07.其他专题\佛教古籍\韩国中央图书馆网站【214.81GB】9891\1、汉文佛教旧书2141份\6、丛书合集210份\《成篑堂丛书》2份\CNTS-00047695801《成篑堂丛书（含白隐和尙垂示、淮海挐音、目江和尙录、大梅夜话解说、一丝和尙行状、佛顶国师年谱、南浦文之和尙、江湖风月集等等》（24册）（德富猪一郞编）（日本1913年民友社木板本）{1页坏}\CNTS-00047695801-8.pdf
CreateFile(系统找不到指定的路径。3) : X:\disks\028\A.非媒体文件1.0-disk2\07.其他专题\佛教古籍\韩国中央图书馆网站【214.81GB】9891\1、汉文佛教旧书2141份\6、丛书合集210份\《成篑堂丛书》2份\CNTS-00047695801《成篑堂丛书（含白隐和尙垂示、淮海挐音、目江和尙录、大梅夜话解说、一丝和尙行状、佛顶国师年谱、南浦文之和尙、江湖风月集等等》（24册）（德富猪一郞编）（日本1913年民友社木板本）{1页坏}\CNTS-00047695801-9.pdf
CreateFile(系统找不到指定的路径。3) : X:\disks\028\A.非媒体文件1.0-disk2\07.其他专题\佛教古籍\韩国中央图书馆网站【214.81GB】9891\1、汉文佛教旧书2141份\6、丛书合集210份\《成篑堂丛书》2份\CNTS-00047695801《成篑堂丛书（含白隐和尙垂示、淮海挐音、目江和尙录、大梅夜话解说、一丝和尙行状、佛顶国师年谱、南浦文之和尙、江湖风月集等等》（24册）（德富猪一郞编）（日本1913年民友社木板本）{1页坏}\CNTS-00047695801书目信息.doc
CreateDirectory(文件名、目录名或卷标语法不正确。123) : X:\disks\028\A.非媒体文件1.0-disk2\07.其他专题\佛教古籍\韩国中央图书馆网站【214.81GB】9891\1、汉文佛教旧书2141份\6、丛书合集210份\单丛80份\CNTS-00047820059《解深密经疏，占察经玄义，盂兰盆经疏新记，盂兰盆经疏会古通今记，盂兰盆经新疏，盂兰盆经疏折中疏，盂兰盆经略疏，药师经古迹，药师经直解，地藏经纶贯，地藏经科注，弥勒经游意，弥勒上生经宗要，观弥勒上生经疏，弥勒上生经疏，弥勒上生经瑞应钞》（宝莲阁1980年刊）{1页坏}
CreateFile(系统找不到指定的路径。3) : X:\disks\028\A.非媒体文件1.0-disk2\07.其他专题\佛教古籍\韩国中央图书馆网站【214.81GB】9891\1、汉文佛教旧书2141份\6、丛书合集210份\单丛80份\CNTS-00047820059《解深密经疏，占察经玄义，盂兰盆经疏新记，盂兰盆经疏会古通今记，盂兰盆经新疏，盂兰盆经疏折中疏，盂兰盆经略疏，药师经古迹，药师经直解，地藏经纶贯，地藏经科注，弥勒经游意，弥勒上生经宗要，观弥勒上生经疏，弥勒上生经疏，弥勒上生经瑞应钞》（宝莲阁1980年刊）{1页坏}\CNTS-00047...p723坏}.pdf
CreateFile(系统找不到指定的路径。3) : X:\disks\028\A.非媒体文件1.0-disk2\07.其他专题\佛教古籍\韩国中央图书馆网站【214.81GB】9891\1、汉文佛教旧书2141份\6、丛书合集210份\单丛80份\CNTS-00047820059《解深密经疏，占察经玄义，盂兰盆经疏新记，盂兰盆经疏会古通今记，盂兰盆经新疏，盂兰盆经疏折中疏，盂兰盆经略疏，药师经古迹，药师经直解，地藏经纶贯，地藏经科注，弥勒经游意，弥勒上生经宗要，观弥勒上生经疏，弥勒上生经疏，弥勒上生经瑞应钞》（宝莲阁1980年刊）{1页坏}\CNTS-00047820059书目信息.doc
CreateDirectory(文件名、目录名或卷标语法不正确。123) : X:\disks\028\A.非媒体文件1.0-disk2\07.其他专题\佛教古籍\韩国中央图书馆网站【214.81GB】9891\1、汉文佛教旧书2141份\6、丛书合集210份\单丛80份\CNTS-00047976340《诸经序（楞严经要解序，起信论序，金刚经序，圭峰密禅师疏论纂要序，圆觉经略钞序，清凉国师碑铭，拈颂序，都序叙文，节要序，佛陀经序，禅要序，缁门序，华严经随疏演义钞序，宗镜提颂纲要序，金刚经疏记会编序）》（1929年写本）{1页坏}
CreateFile(系统找不到指定的路径。3) : X:\disks\028\A.非媒体文件1.0-disk2\07.其他专题\佛教古籍\韩国中央图书馆网站【214.81GB】9891\1、汉文佛教旧书2141份\6、丛书合集210份\单丛80份\CNTS-00047976340《诸经序（楞严经要解序，起信论序，金刚经序，圭峰密禅师疏论纂要序，圆觉经略钞序，清凉国师碑铭，拈颂序，都序叙文，节要序，佛陀经序，禅要序，缁门序，华严经随疏演义钞序，宗镜提颂纲要序，金刚经疏记会编序）》（1929年写本）{1页坏}\CNTS-00047976340-1{p11坏}.pdf
CreateFile(系统找不到指定的路径。3) : X:\disks\028\A.非媒体文件1.0-disk2\07.其他专题\佛教古籍\韩国中央图书馆网站【214.81GB】9891\1、汉文佛教旧书2141份\6、丛书合集210份\单丛80份\CNTS-00047976340《诸经序（楞严经要解序，起信论序，金刚经序，圭峰密禅师疏论纂要序，圆觉经略钞序，清凉国师碑铭，拈颂序，都序叙文，节要序，佛陀经序，禅要序，缁门序，华严经随疏演义钞序，宗镜提颂纲要序，金刚经疏记会编序）》（1929年写本）{1页坏}\CNTS-00047976340书目信息.doc
CreateDirectory(文件名、目录名或卷标语法不正确。123) : X:\disks\028\A.非媒体文件1.0-disk2\07.其他专题\佛教古籍\韩国中央图书馆网站【214.81GB】9891\1、汉文佛教旧书2141份\6、丛书合集210份\单丛80份\CNTS-00047979349《高丽版零叶集：十门和诤论、起信论疏、起信抄、持犯宗要、华严疏、华严孔目章、华严随疏演义抄、起信论笔削记、佛说上天王天帝释请命长生经、华严经如来出现品、修西方净业仪》（高丽木板本，韩国海印寺1943年後刷）
CreateFile(系统找不到指定的路径。3) : X:\disks\028\A.非媒体文件1.0-disk2\07.其他专题\佛教古籍\韩国中央图书馆网站【214.81GB】9891\1、汉文佛教旧书2141份\6、丛书合集210份\单丛80份\CNTS-00047979349《高丽版零叶集：十门和诤论、起信论疏、起信抄、持犯宗要、华严疏、华严孔目章、华严随疏演义抄、起信论笔削记、佛说上天王天帝释请命长生经、华严经如来出现品、修西方净业仪》（高丽木板本，韩国海印寺1943年後刷）\CNTS-00047979349-1.pdf
CreateFile(系统找不到指定的路径。3) : X:\disks\028\A.非媒体文件1.0-disk2\07.其他专题\佛教古籍\韩国中央图书馆网站【214.81GB】9891\1、汉文佛教旧书2141份\6、丛书合集210份\单丛80份\CNTS-00047979349《高丽版零叶集：十门和诤论、起信论疏、起信抄、持犯宗要、华严疏、华严孔目章、华严随疏演义抄、起信论笔削记、佛说上天王天帝释请命长生经、华严经如来出现品、修西方净业仪》（高丽木板本，韩国海印寺1943年後刷）\CNTS-00047979349书目信息.doc
CreateDirectory(文件名、目录名或卷标语法不正确。123) : X:\disks\028\A.非媒体文件1.0-disk2\07.其他专题\佛教古籍\韩国中央图书馆网站【214.81GB】9891\1、汉文佛教旧书2141份\6、丛书合集210份\单丛80份\CNTS-00047983662《（解厄吉昌）佛宝遗集（道场淸净诵经法、会中施食诵经法等，度厄经，三灾经，横煞经，牛马长生经，佛说眼目淸净经，佛说金神七煞经》（金大震编）（庆北经卜组合1937年铅活字本）｛汉韩文对照｝
CreateFile(系统找不到指定的路径。3) : X:\disks\028\A.非媒体文件1.0-disk2\07.其他专题\佛教古籍\韩国中央图书馆网站【214.81GB】9891\1、汉文佛教旧书2141份\6、丛书合集210份\单丛80份\CNTS-00047983662《（解厄吉昌）佛宝遗集（道场淸净诵经法、会中施食诵经法等，度厄经，三灾经，横煞经，牛马长生经，佛说眼目淸净经，佛说金神七煞经》（金大震编）（庆北经卜组合1937年铅活字本）｛汉韩文对照｝\CNTS-00047983662-1.pdf
CreateFile(系统找不到指定的路径。3) : X:\disks\028\A.非媒体文件1.0-disk2\07.其他专题\佛教古籍\韩国中央图书馆网站【214.81GB】9891\1、汉文佛教旧书2141份\6、丛书合集210份\单丛80份\CNTS-00047983662《（解厄吉昌）佛宝遗集（道场淸净诵经法、会中施食诵经法等，度厄经，三灾经，横煞经，牛马长生经，佛说眼目淸净经，佛说金神七煞经》（金大震编）（庆北经卜组合1937年铅活字本）｛汉韩文对照｝\CNTS-00047983662书目信息.doc
CreateDirectory(文件名、目录名或卷标语法不正确。123) : X:\disks\028\A.非媒体文件1.0-disk2\07.其他专题\佛教古籍\韩国中央图书馆网站【214.81GB】9891\1、汉文佛教旧书2141份\6、丛书合集210份\单丛80份\CNTS-00061062004《佛说广本大岁经；地心陀罗尼经（带序）；天地八阳神咒经（带序）；竈王经；欢喜竈王经；安宅神咒经；百煞神咒经；金神七煞经；龙王三昧经；败目神咒经；度厄经；五姓反支经；堗堀经；明堂神经；救护身命经；牛马长生经；三灾消灭经；重眼神经》（龙藏寺1635年木板本）
CreateFile(系统找不到指定的路径。3) : X:\disks\028\A.非媒体文件1.0-disk2\07.其他专题\佛教古籍\韩国中央图书馆网站【214.81GB】9891\1、汉文佛教旧书2141份\6、丛书合集210份\单丛80份\CNTS-00061062004《佛说广本大岁经；地心陀罗尼经（带序）；天地八阳神咒经（带序）；竈王经；欢喜竈王经；安宅神咒经；百煞神咒经；金神七煞经；龙王三昧经；败目神咒经；度厄经；五姓反支经；堗堀经；明堂神经；救护身命经；牛马长生经；三灾消灭经；重眼神经》（龙藏寺1635年木板本）\CNTS-00061062004-1.pdf
CreateFile(系统找不到指定的路径。3) : X:\disks\028\A.非媒体文件1.0-disk2\07.其他专题\佛教古籍\韩国中央图书馆网站【214.81GB】9891\1、汉文佛教旧书2141份\6、丛书合集210份\单丛80份\CNTS-00061062004《佛说广本大岁经；地心陀罗尼经（带序）；天地八阳神咒经（带序）；竈王经；欢喜竈王经；安宅神咒经；百煞神咒经；金神七煞经；龙王三昧经；败目神咒经；度厄经；五姓反支经；堗堀经；明堂神经；救护身命经；牛马长生经；三灾消灭经；重眼神经》（龙藏寺1635年木板本）\CNTS-00061062004书目信息.doc
CreateFile(文件名、目录名或卷标语法不正确。123) : X:\disks\028\A.非媒体文件1.0-disk2\07.其他专题\佛教古籍\龍泉寺圖書館舊書和結緣書掃描\舊書和結緣書（一）\古籍影印整理本\《大乘起信論等八種合刊》（疏•沙門法藏述，疏記會本•梁•三藏真諦譯，義記別記•沙門法藏述，纂註•梁•三藏真諦譯，直解•明•德清述，裂綱疏•明•智旭述，會譯•梁•三藏真諦譯）（台灣新文豐出版公司1989、2002年影印）.pdf
CreateFile(文件名、目录名或卷标语法不正确。123) : X:\disks\028\A.非媒体文件1.0-disk2\07.其他专题\佛教古籍\龍泉寺圖書館舊書和結緣書掃描\舊書和結緣書（二）\《經律異相因果録、過去現在因果經（合一冊）》（[梁]旻寶撰，[清]古崑（戀西道人)録，[清]1864年古崑序，1884年後學宏峻記録；[宋]求那跋陀羅譯）（台灣新文豐出版公司1974年第一版、1993年第二版影印）.pdf
CreateFile(文件名、目录名或卷标语法不正确。123) : X:\disks\028\A.非媒体文件1.0-disk2\07.其他专题\佛教古籍\龍泉寺圖書館舊書和結緣書掃描\舊書和結緣書（四）（戒律類）\《四分律拾要鈔》（釋智諭編審；釋聖空、釋慧觀執行編輯；釋慧空、釋慧洵、釋慧觀、釋慧經、釋慧甫、釋慧翔編輯）（西蓮淨苑出版）（1987年初版、1989年再版、1990年三版、1991年四版宗學社文化事業有限公司承印）.pdf
CreateFile(文件名、目录名或卷标语法不正确。123) : X:\disks\028\A.非媒体文件1.0-disk2\07.其他专题\佛教古籍\龍泉寺圖書館舊書和結緣書掃描\舊書和結緣書（四）（戒律類）\《四分律比丘尼戒相表記》（1944年慈舟大師敘；1943年比丘尼勝雨序；1957年比丘尼通顯再版序；四分律比丘尼戒本出曇無德部，[姚秦]三藏佛陀耶舍共竺佛 念譯；[明]讀體律師依藏重刻）（2010年臺灣信利印製有限公司印）.pdf
CreateFile(文件名、目录名或卷标语法不正确。123) : X:\disks\028\A.非媒体文件1.0-disk2\07.其他专题\佛教古籍\龍泉寺圖書館舊書和結緣書掃描\舊書和結緣書（四）（戒律類）\《弥勒三经》（佛说观弥勒菩萨上生兜率天经[宋]士沮渠京声 译；佛说弥勒下生经[西晋]竺发护 译；佛说弥勒大成佛经[姚秦]鸠摩罗什 译）（河北省佛教协会虚云印经功德藏中国佛教网——印经部出版）（南宫印刷责任有限公司印刷）.pdf
CreateFile(文件名、目录名或卷标语法不正确。123) : X:\disks\028\A.非媒体文件1.0-disk2\07.其他专题\佛教古籍\龍泉寺圖書館舊書和結緣書掃描\舊書和結緣書（四）（戒律類）\《淨心誡觀法》（[唐]道宣律師著；[宋]允堪律師科；校注冠科本；1045年允堪序；[宋]沙門元照序；校著者：釋法藏）（法妙印經會倡印）（1999年初版、2008年出版三刷影響力廣告有限公司承印）.pdf
CreateFile(文件名、目录名或卷标语法不正确。123) : X:\disks\028\A.非媒体文件1.0-disk2\07.其他专题\佛教古籍\龍泉寺圖書館舊書和結緣書掃描\舊書和結緣書（四）（戒律類）\《菩薩戒本記、菩薩戒本宗要、菩薩戒羯磨記、攝大乘義章、百法明門論疏、藥師經古跡、梵網經古跡》（[唐]遁倫、太賢、道基、義忠、撰，1919~1921年北京刻經處刊）（1977年第一版、1995年第二版臺灣新文豐出版有限公司）.pdf
CreateFile(文件名、目录名或卷标语法不正确。123) : X:\disks\028\A.非媒体文件1.0-disk2\07.其他专题\佛教艺术\00汇集\世界佛教美术史图录\11 世界佛教美術圖說大辭典.雕塑2-P594-佛頭像-四至五世紀-黏土-高40公分-烏茲別克斯坦蘇爾漢河州鐵爾梅茲達維爾津丘佛寺遺址出土-烏茲別克斯坦塔什干 烏茲別克斯坦藝術研究院美術科學研究所藏.jpg
CreateFile(文件名、目录名或卷标语法不正确。123) : X:\disks\028\A.非媒体文件1.0-disk2\07.其他专题\佛教艺术\00汇集2\世界佛教美术史图录\11 世界佛教美術圖說大辭典.雕塑2-P594-佛頭像-四至五世紀-黏土-高40公分-烏茲別克斯坦蘇爾漢河州鐵爾梅茲達維爾津丘佛寺遺址出土-烏茲別克斯坦塔什干 烏茲別克斯坦藝術研究院美術科學研究所藏.jpg
CreateFile(文件名、目录名或卷标语法不正确。123) : X:\disks\028\A.非媒体文件1.0-disk2\07.其他专题\电子图书\Z.零散书05\清代诗文集汇编（800册全）\1-100\清代诗文集汇编  98  蔚菴嫁衣集  六松堂集  愿学堂登高倡和诗  燕峰诗钞  张亟斋遗集  始学斋远游草  始学斋后远游草  观物草庐焚余稿  十笏草堂诗选  十笏草堂辛甲集  十笏草堂上浮集_13053535.uvz
CreateFile(文件名、目录名或卷标语法不正确。123) : X:\disks\028\A.非媒体文件1.0-disk2\07.其他专题\电子图书\Z.零散书05\清代诗文集汇编（800册全）\101-200\清代诗文集汇编  155  业碧山房诗初集  业碧山房诗二集  业碧山房诗三集  业碧山房诗四集  业碧山房诗五集  业碧山房文集  业碧山房杂著  黄叶邨庄诗集  黄叶邨庄诗续集  黄叶邨庄诗后集_13053604.uvz
CreateFile(文件名、目录名或卷标语法不正确。123) : X:\disks\028\A.非媒体文件1.0-disk2\07.其他专题\电子图书\Z.零散书05\清代诗文集汇编（800册全）\101-200\清代诗文集汇编  181  峣山集  峣山诗集  旭华堂诗集  旭华堂文集  忆雪楼诗  參衡游草  并乡集  还庚集  少作偶存  蜀装庥  纪萝述哀诗  写优集  蕉鹿吟  后写优集  芦中吟  磵上草  秋山吟  笛渔小稿_13053636.uvz
CreateFile(文件名、目录名或卷标语法不正确。123) : X:\disks\028\A.非媒体文件1.0-disk2\07.其他专题\电子图书\Z.零散书05\清代诗文集汇编（800册全）\201-300\清代诗文集汇编  289  雪仗山人诗集  静便斋集  安舟遗稿  吹万阁集  吹万阁遗集  二如菴词钞  吹万阁文钞  缓堂文钞  缓堂诗话  缓堂文述  存吾春轩集  望奎楼古文集  四书制义文  望奎楼诗集_13053769.uvz
CreateFile(文件名、目录名或卷标语法不正确。123) : X:\disks\028\A.非媒体文件1.0-disk2\07.其他专题\电子图书\Z.零散书05\清代诗文集汇编（800册全）\201-300\清代诗文集汇编  294  岣嵝仿古  岣嵝删余诗草  岣嵝删余文草  岣嵝杂著  岣嵝时艺  文木山房集  诗存  玉山诗钞  玉山文钞  斯馨堂古文初集  斯馨堂诗集  傅砚斋诗质  东游纪略  汾沁纪游_13053774.uvz
CreateFile(文件名、目录名或卷标语法不正确。123) : X:\disks\028\A.非媒体文件1.0-disk2\07.其他专题\电子图书\Z.零散书05\清代诗文集汇编（800册全）\301-400\清代诗文集汇编  317  春星草堂诗稿  筠园稿  筠园删稿  谿音  冬隰吟  粤吟  靡吟  梦墨堂稿  梦墨堂续稿  紫琼岩诗钞  紫琼岩诗钞续刻  （干干火）虚大师遗集  黄竹山房诗钞  黄竹山房诗钞补_13070979.uvz
CreateFile(文件名、目录名或卷标语法不正确。123) : X:\disks\028\A.非媒体文件1.0-disk2\07.其他专题\电子图书\Z.零散书05\清代诗文集汇编（800册全）\401-500\清代诗文集汇编  427  潛虚文钞  潛虚诗钞  南来集  娄东诗草  彭门诗草  木兰堂吟草  三至彭门诗草  四至金阊诗草  两至袁江吟草  金陵吟草  习静轩文集  习静轩制艺  师竹斋集  永报堂诗集  瞻衮堂文集_13071096.uvz
CreateFile(文件名、目录名或卷标语法不正确。123) : X:\disks\028\A.非媒体文件1.0-disk2\07.其他专题\电子图书\Z.零散书05\清代诗文集汇编（800册全）\401-500\清代诗文集汇编  450  红杏山房诗钞  红杏山房试诗  红杏山房试贴诗  汉书摘咏  后汉书摘咏  同馆赋钞  不易居斋集  丰湖漫草  丰湖续草  咏史擬古乐府  麻田诗草  麻田诗草补编  实事求是斋遗稿  实事求是斋遗稿续集  采声堂诗集  白水堂诗集.uvz
CreateFile(文件名、目录名或卷标语法不正确。123) : X:\disks\028\A.非媒体文件1.0-disk2\07.其他专题\电子图书\Z.零散书05\清代诗文集汇编（800册全）\401-500\清代诗文集汇编  469  二娱小庐诗钞  二娱小庐诗钞补编  二娱小庐词钞  红蕙山房吟稿  尚絅堂诗集  尚絅堂文集  尚絅堂词集  玉山草堂集  晋斋诗存  红椒山馆诗钞  远春试体赋钞  远春词_13078579.uvz
CreateFile(文件名、目录名或卷标语法不正确。123) : X:\disks\028\A.非媒体文件1.0-disk2\07.其他专题\电子图书\Z.零散书05\清代诗文集汇编（800册全）\401-500\清代诗文集汇编  470  白鹄山房诗钞  风鸥集  前溪风土词  六花词  白鹄山房诗选  白鹄山房诗续选  白鹄山房骈体文钞  白鹄山房骈体文续钞  白鹄山房文钞  应试诗赋钞  茗香堂诗集  茗香堂诗补遗  茗香堂外集  铁桥漫稿  水西闲馆诗_13078582.uvz
CreateFile(文件名、目录名或卷标语法不正确。123) : X:\disks\028\A.非媒体文件1.0-disk2\07.其他专题\电子图书\Z.零散书05\清代诗文集汇编（800册全）\401-500\清代诗文集汇编  495  小万卷斋文稿  小万卷斋诗稿  小万卷斋诗续稿  小万卷斋经进稿（二）密斋文集  密斋诗存  赐锦堂诗钞  赐锦堂文钞  此君书楼诗钞  湖阴草堂遗稿  证向斋诗集  思补斋诗集  有真意斋文集_13078607.uvz
CreateFile(文件名、目录名或卷标语法不正确。123) : X:\disks\028\A.非媒体文件1.0-disk2\07.其他专题\电子图书\Z.零散书05\清代诗文集汇编（800册全）\401-500\清代诗文集汇编  500  双白燕堂诗集  双白燕堂唐诗  双白燕堂文集  双白燕堂外集  萋香轩吟  樊学斋诗集  清艳堂近稿  眺松亭赋钞  草檐即山集  枣窗文稿  沈居集咏  东行吟钞  枣窗文续稿_13078612.uvz
CreateFile(文件名、目录名或卷标语法不正确。123) : X:\disks\028\A.非媒体文件1.0-disk2\08.其他\【01】比较杂乱的资料2\01我的资源\文档\龍泉寺圖書館舊書和結緣書掃描\舊書和結緣書（四）（戒律類）\《四分律拾要鈔》（釋智諭編審；釋聖空、釋慧觀執行編輯；釋慧空、釋慧洵、釋慧觀、釋慧經、釋慧甫、釋慧翔編輯）（西蓮淨苑出版）（1987年初版、1989年再版、1990年三版、1991年四版宗學社文化事業有限公司承印）.pdf
CreateFile(文件名、目录名或卷标语法不正确。123) : X:\disks\028\A.非媒体文件1.0-disk2\08.其他\【01】比较杂乱的资料2\01我的资源\文档\龍泉寺圖書館舊書和結緣書掃描\舊書和結緣書（四）（戒律類）\《四分律比丘尼戒相表記》（1944年慈舟大師敘；1943年比丘尼勝雨序；1957年比丘尼通顯再版序；四分律比丘尼戒本出曇無德部，[姚秦]三藏佛陀耶舍共竺佛 念譯；[明]讀體律師依藏重刻）（2010年臺灣信利印製有限公司印）.pdf
CreateFile(文件名、目录名或卷标语法不正确。123) : X:\disks\028\A.非媒体文件1.0-disk2\08.其他\【01】比较杂乱的资料2\01我的资源\文档\龍泉寺圖書館舊書和結緣書掃描\舊書和結緣書（四）（戒律類）\《弥勒三经》（佛说观弥勒菩萨上生兜率天经[宋]士沮渠京声 译；佛说弥勒下生经[西晋]竺发护 译；佛说弥勒大成佛经[姚秦]鸠摩罗什 译）（河北省佛教协会虚云印经功德藏中国佛教网——印经部出版）（南宫印刷责任有限公司印刷）.pdf
CreateFile(文件名、目录名或卷标语法不正确。123) : X:\disks\028\A.非媒体文件1.0-disk2\08.其他\【01】比较杂乱的资料2\01我的资源\文档\龍泉寺圖書館舊書和結緣書掃描\舊書和結緣書（四）（戒律類）\《淨心誡觀法》（[唐]道宣律師著；[宋]允堪律師科；校注冠科本；1045年允堪序；[宋]沙門元照序；校著者：釋法藏）（法妙印經會倡印）（1999年初版、2008年出版三刷影響力廣告有限公司承印）.pdf
CreateFile(文件名、目录名或卷标语法不正确。123) : X:\disks\028\A.非媒体文件1.0-disk2\08.其他\【01】比较杂乱的资料2\01我的资源\文档\龍泉寺圖書館舊書和結緣書掃描\舊書和結緣書（四）（戒律類）\《菩薩戒本記、菩薩戒本宗要、菩薩戒羯磨記、攝大乘義章、百法明門論疏、藥師經古跡、梵網經古跡》（[唐]遁倫、太賢、道基、義忠、撰，1919~1921年北京刻經處刊）（1977年第一版、1995年第二版臺灣新文豐出版有限公司）.pdf
CreateFile(文件名、目录名或卷标语法不正确。123) : X:\disks\028\A.非媒体文件1.0-disk2\08.其他\【01】比较杂乱的资料2\三学藏收集的“大藏经”清单（仅清单类目）\02汉文佛经研究\51佛经翻译\音韵学丛书\请问释迦文佛是释迦牟尼佛吗-地藏论坛-地藏论坛是佛教综合性论坛,大家交流的网络平台,并包括佛教站点导航,交流心得体会,网络共修,佛教资讯,学习经典,素食放生,佛教音乐,放生供养,佛教用品信息,各地同城佛友活动等 - Powered by Discuz!.mht
CreateFile(文件名、目录名或卷标语法不正确。123) : X:\disks\028\A.非媒体文件1.0-disk2\08.其他\【01】比较杂乱的资料2\三学藏收集的“大藏经”清单（仅清单类目）\02汉文佛经研究\99古代文献遗失\关于大乘佛法的源头与集结（欢迎各位师兄添加材料）-地藏论坛-地藏论坛是佛教综合性论坛,大家交流的网络平台,并包括佛教站点导航,交流心得体会,网络共修,佛教资讯,学习经典,素食放生,佛教音乐,放生供养,佛教用品信息,各地同城佛友活动等 - Powered by Discuz!.htm


CreateFile(文件名、目录名或卷标语法不正确。123) : X:\disks\006\02丛书\日本國際佛教學大學院大學（佛教現代學術研究8份）\《On Ancient Japanese Manuscript Copies of the Dīrghanakhaparipṛcchā sūtra 長爪梵志請問經》（[日本]落合俊典撰）（2012-03-31《国際仏教学大学院大学研究紀要》第16期）（日本國際佛教學大學院大學網站公佈）.pdf
CreateFile(文件名、目录名或卷标语法不正确。123) : X:\disks\006\03专辑\92陈泉州\至诚顶礼大恩满一上师 满一上师的功德和传承简介 大圆满之奥义和修行次第 最后的求证 《圣道指归》简介 - 诸行无常 诸受是苦 诸法无我 出离心 菩提心 空性慧 智悲双运 上师相应 大圆满 - 去执无道易 - 和讯博客.htm
CreateFile(文件名、目录名或卷标语法不正确。123) : X:\disks\006\03专辑\（1935-）谈锡永\bb\秋英多杰仁波切在中国藏语高级佛学院就藏传密宗与该院院长教授作的经验交流纪要（一） 2000年5月2日，秋英多杰仁波切受中国藏语高级佛学院的邀请，来到北京与该院诸位院长教授等人，进行了有关藏传密宗方面的经验交流和探讨。.htm
CreateFile(文件名、目录名或卷标语法不正确。123) : X:\disks\006\04专题\佛菩萨\10释迦牟尼佛\佛舍利\斯里兰卡至尊国宝，释迦牟尼佛发舍利（瞻礼得福）-地藏论坛-地藏论坛是佛教综合性论坛,大家交流的网络平台,并包括佛教站点导航,交流心得体会,网络共修,佛教资讯,学习经典,素食放生,佛教音乐,放生供养,佛教用品信息,各地同城佛友活动等 - Powered by Discuz!.mht
CreateFile(文件名、目录名或卷标语法不正确。123) : X:\disks\006\04专题\佛菩萨\21地藏菩萨\敦煌西夏文《地藏菩萨本愿经》\敦煌西夏文《地藏菩萨本愿经》《占查善恶业报经》实物影印图片-地藏论坛-地藏论坛是佛教综合性论坛,大家交流的网络平台,并包括佛教站点导航,交流心得体会,网络共修,佛教资讯,学习经典,素食放生,佛教音乐,放生供养,佛教用品信息,各地同城佛友活动等 - Powered by Discuz!.htm
CreateFile(文件名、目录名或卷标语法不正确。123) : X:\disks\006\04专题\佛菩萨\21地藏菩萨\敦煌西夏文《地藏菩萨本愿经》\敦煌西夏文《地藏菩萨本愿经》《占查善恶业报经》实物影印图片-地藏论坛-地藏论坛是佛教综合性论坛,大家交流的网络平台,并包括佛教站点导航,交流心得体会,网络共修,佛教资讯,学习经典,素食放生,佛教音乐,放生供养,佛教用品信息,各地同城佛友活动等 - Powered by Discuz!.mht
CreateDirectory(文件名、目录名或卷标语法不正确。123) : X:\disks\006\04专题\佛菩萨\21地藏菩萨\敦煌西夏文《地藏菩萨本愿经》\敦煌西夏文《地藏菩萨本愿经》《占查善恶业报经》实物影印图片-地藏论坛-地藏论坛是佛教综合性论坛,大家交流的网络平台,并包括佛教站点导航,交流心得体会,网络共修,佛教资讯,学习经典,素食放生,佛教音乐,放生供养,佛教用品信息,各地同城佛友活动等 - Powered by Discuz!_files
CreateFile(文件名、目录名或卷标语法不正确。123) : X:\disks\006\04专题\佛菩萨\21弥勒菩萨\南无当来下生弥勒尊佛经变图（1）-地藏论坛-地藏论坛是佛教综合性论坛,大家交流的网络平台,并包括佛教站点导航,交流心得体会,网络共修,佛教资讯,学习经典,素食放生,佛教音乐,放生供养,佛教用品信息,各地同城佛友活动等 - Powered by Discuz!.mht
CreateFile(文件名、目录名或卷标语法不正确。123) : X:\disks\006\04专题\咒语\43佛顶尊胜陀罗尼经\佛家圣物 唐 奉皇帝敬愿立的经幢(对佛教历史和书法研究意义重大) - 古刻造像 - 古玩古董收藏鉴定估价-中国古玩论坛 chineseantiques瓷器玉器书画青铜器钱币古董家具石刻竹木牙角杂项回流文物 - Powered by Discuz!.mht
CreateDirectory(文件名、目录名或卷标语法不正确。123) : X:\disks\006\04专题\天台宗\46《三观义》(由《净名玄义》分出)二卷、智顗前出《净名玄义》十卷；后为晋王杨广著疏，并别制《玄疏》。因将前出《玄义》分为三部，即《四教义》六卷、《四悉檀义》二卷、《三观义》二卷)、
CreateDirectory(系统找不到指定的路径。3) : X:\disks\006\04专题\天台宗\46《三观义》(由《净名玄义》分出)二卷、智顗前出《净名玄义》十卷；后为晋王杨广著疏，并别制《玄疏》。因将前出《玄义》分为三部，即《四教义》六卷、《四悉檀义》二卷、《三观义》二卷)、\《三观义》（由《净名玄义》分出）二卷，《维摩经三观玄义》（二卷）
CreateFile(系统找不到指定的路径。3) : X:\disks\006\04专题\天台宗\46《三观义》(由《净名玄义》分出)二卷、智顗前出《净名玄义》十卷；后为晋王杨广著疏，并别制《玄疏》。因将前出《玄义》分为三部，即《四教义》六卷、《四悉檀义》二卷、《三观义》二卷)、\《三观义》（由《净名玄义》分出）二卷，《维摩经三观玄义》（二卷）\0909三观义(二卷),〖隋．智顗撰〗.mht
CreateFile(文件名、目录名或卷标语法不正确。123) : X:\disks\006\04专题\龍泉寺圖書館舊書和結緣書掃描\古籍影印整理本\《大乘起信論等八種合刊》（疏•沙門法藏述，疏記會本•梁•三藏真諦譯，義記別記•沙門法藏述，纂註•梁•三藏真諦譯，直解•明•德清述，裂綱疏•明•智旭述，會譯•梁•三藏真諦譯）（台灣新文豐出版公司1989、2002年影印）.pdf
CreateFile(文件名、目录名或卷标语法不正确。123) : X:\disks\006\04专题\龍泉寺圖書館舊書和結緣書掃描\舊書和結緣書（一）\古籍影印整理本\《大乘起信論等八種合刊》（疏•沙門法藏述，疏記會本•梁•三藏真諦譯，義記別記•沙門法藏述，纂註•梁•三藏真諦譯，直解•明•德清述，裂綱疏•明•智旭述，會譯•梁•三藏真諦譯）（台灣新文豐出版公司1989、2002年影印）.pdf
CreateFile(文件名、目录名或卷标语法不正确。123) : X:\disks\006\04专题\龍泉寺圖書館舊書和結緣書掃描\舊書和結緣書（二）\《經律異相因果録、過去現在因果經（合一冊）》（[梁]旻寶撰，[清]古崑（戀西道人)録，[清]1864年古崑序，1884年後學宏峻記録；[宋]求那跋陀羅譯）（台灣新文豐出版公司1974年第一版、1993年第二版影印）.pdf
CreateFile(文件名、目录名或卷标语法不正确。123) : X:\disks\006\04专题\龍泉寺圖書館舊書和結緣書掃描\舊書和結緣書（四）（戒律類）\《四分律拾要鈔》（釋智諭編審；釋聖空、釋慧觀執行編輯；釋慧空、釋慧洵、釋慧觀、釋慧經、釋慧甫、釋慧翔編輯）（西蓮淨苑出版）（1987年初版、1989年再版、1990年三版、1991年四版宗學社文化事業有限公司承印）.pdf
CreateFile(文件名、目录名或卷标语法不正确。123) : X:\disks\006\04专题\龍泉寺圖書館舊書和結緣書掃描\舊書和結緣書（四）（戒律類）\《四分律比丘尼戒相表記》（1944年慈舟大師敘；1943年比丘尼勝雨序；1957年比丘尼通顯再版序；四分律比丘尼戒本出曇無德部，[姚秦]三藏佛陀耶舍共竺佛 念譯；[明]讀體律師依藏重刻）（2010年臺灣信利印製有限公司印）.pdf
CreateFile(文件名、目录名或卷标语法不正确。123) : X:\disks\006\04专题\龍泉寺圖書館舊書和結緣書掃描\舊書和結緣書（四）（戒律類）\《弥勒三经》（佛说观弥勒菩萨上生兜率天经[宋]士沮渠京声 译；佛说弥勒下生经[西晋]竺发护 译；佛说弥勒大成佛经[姚秦]鸠摩罗什 译）（河北省佛教协会虚云印经功德藏中国佛教网——印经部出版）（南宫印刷责任有限公司印刷）.pdf
CreateFile(文件名、目录名或卷标语法不正确。123) : X:\disks\006\04专题\龍泉寺圖書館舊書和結緣書掃描\舊書和結緣書（四）（戒律類）\《淨心誡觀法》（[唐]道宣律師著；[宋]允堪律師科；校注冠科本；1045年允堪序；[宋]沙門元照序；校著者：釋法藏）（法妙印經會倡印）（1999年初版、2008年出版三刷影響力廣告有限公司承印）.pdf
CreateFile(文件名、目录名或卷标语法不正确。123) : X:\disks\006\04专题\龍泉寺圖書館舊書和結緣書掃描\舊書和結緣書（四）（戒律類）\《菩薩戒本記、菩薩戒本宗要、菩薩戒羯磨記、攝大乘義章、百法明門論疏、藥師經古跡、梵網經古跡》（[唐]遁倫、太賢、道基、義忠、撰，1919~1921年北京刻經處刊）（1977年第一版、1995年第二版臺灣新文豐出版有限公司）.pdf
CreateDirectory(文件名、目录名或卷标语法不正确。123) : X:\disks\006\05古籍\日本早稻田大學圖書館（佛教古籍216份）\bunko06_00264《鬼子母経·仏説法華三昧経·仏説未生寃経·仏説大聖不動経·仏説摩訶迦羅大黒天神大福徳円満陀羅尼経·成就妙法蓮華経王瑜伽観智儀軌·仏説十二遊経·薩曇分陀利経》（寛文12[1672]）（日本早稻田大學圖書館公佈）
CreateFile(系统找不到指定的路径。3) : X:\disks\006\05古籍\日本早稻田大學圖書館（佛教古籍216份）\bunko06_00264《鬼子母経·仏説法華三昧経·仏説未生寃経·仏説大聖不動経·仏説摩訶迦羅大黒天神大福徳円満陀羅尼経·成就妙法蓮華経王瑜伽観智儀軌·仏説十二遊経·薩曇分陀利経》（寛文12[1672]）（日本早稻田大學圖書館公佈）\bunko06_00264_0001.pdf
CreateFile(系统找不到指定的路径。3) : X:\disks\006\05古籍\日本早稻田大學圖書館（佛教古籍216份）\bunko06_00264《鬼子母経·仏説法華三昧経·仏説未生寃経·仏説大聖不動経·仏説摩訶迦羅大黒天神大福徳円満陀羅尼経·成就妙法蓮華経王瑜伽観智儀軌·仏説十二遊経·薩曇分陀利経》（寛文12[1672]）（日本早稻田大學圖書館公佈）\bunko06_00264_0002.pdf
CreateFile(系统找不到指定的路径。3) : X:\disks\006\05古籍\日本早稻田大學圖書館（佛教古籍216份）\bunko06_00264《鬼子母経·仏説法華三昧経·仏説未生寃経·仏説大聖不動経·仏説摩訶迦羅大黒天神大福徳円満陀羅尼経·成就妙法蓮華経王瑜伽観智儀軌·仏説十二遊経·薩曇分陀利経》（寛文12[1672]）（日本早稻田大學圖書館公佈）\index.html
CreateDirectory(文件名、目录名或卷标语法不正确。123) : X:\disks\006\05古籍\越南國家圖書館藏，漢喃古籍網站公佈43份\nlvnpf-0456《三經日誦》（《四十二章經（含頌）》《遺教經（含注）》《溈山警策》）（沙彌釋在在撰述）（越南明命十壹年歲在庚寅[1830]上福報國寺刊）（越南國家圖書館藏，漢喃古籍網站公佈）
CreateFile(系统找不到指定的路径。3) : X:\disks\006\05古籍\越南國家圖書館藏，漢喃古籍網站公佈43份\nlvnpf-0456《三經日誦》（《四十二章經（含頌）》《遺教經（含注）》《溈山警策》）（沙彌釋在在撰述）（越南明命十壹年歲在庚寅[1830]上福報國寺刊）（越南國家圖書館藏，漢喃古籍網站公佈）\607.html
CreateDirectory(系统找不到指定的路径。3) : X:\disks\006\05古籍\越南國家圖書館藏，漢喃古籍網站公佈43份\nlvnpf-0456《三經日誦》（《四十二章經（含頌）》《遺教經（含注）》《溈山警策》）（沙彌釋在在撰述）（越南明命十壹年歲在庚寅[1830]上福報國寺刊）（越南國家圖書館藏，漢喃古籍網站公佈）\01
CreateFile(系统找不到指定的路径。3) : X:\disks\006\05古籍\越南國家圖書館藏，漢喃古籍網站公佈43份\nlvnpf-0456《三經日誦》（《四十二章經（含頌）》《遺教經（含注）》《溈山警策》）（沙彌釋在在撰述）（越南明命十壹年歲在庚寅[1830]上福報國寺刊）（越南國家圖書館藏，漢喃古籍網站公佈）\01\001.jpg
CreateFile(系统找不到指定的路径。3) : X:\disks\006\05古籍\越南國家圖書館藏，漢喃古籍網站公佈43份\nlvnpf-0456《三經日誦》（《四十二章經（含頌）》《遺教經（含注）》《溈山警策》）（沙彌釋在在撰述）（越南明命十壹年歲在庚寅[1830]上福報國寺刊）（越南國家圖書館藏，漢喃古籍網站公佈）\01\002.jpg
CreateFile(系统找不到指定的路径。3) : X:\disks\006\05古籍\越南國家圖書館藏，漢喃古籍網站公佈43份\nlvnpf-0456《三經日誦》（《四十二章經（含頌）》《遺教經（含注）》《溈山警策》）（沙彌釋在在撰述）（越南明命十壹年歲在庚寅[1830]上福報國寺刊）（越南國家圖書館藏，漢喃古籍網站公佈）\01\003.jpg
CreateFile(系统找不到指定的路径。3) : X:\disks\006\05古籍\越南國家圖書館藏，漢喃古籍網站公佈43份\nlvnpf-0456《三經日誦》（《四十二章經（含頌）》《遺教經（含注）》《溈山警策》）（沙彌釋在在撰述）（越南明命十壹年歲在庚寅[1830]上福報國寺刊）（越南國家圖書館藏，漢喃古籍網站公佈）\01\004.jpg
CreateFile(系统找不到指定的路径。3) : X:\disks\006\05古籍\越南國家圖書館藏，漢喃古籍網站公佈43份\nlvnpf-0456《三經日誦》（《四十二章經（含頌）》《遺教經（含注）》《溈山警策》）（沙彌釋在在撰述）（越南明命十壹年歲在庚寅[1830]上福報國寺刊）（越南國家圖書館藏，漢喃古籍網站公佈）\01\005.jpg
CreateFile(系统找不到指定的路径。3) : X:\disks\006\05古籍\越南國家圖書館藏，漢喃古籍網站公佈43份\nlvnpf-0456《三經日誦》（《四十二章經（含頌）》《遺教經（含注）》《溈山警策》）（沙彌釋在在撰述）（越南明命十壹年歲在庚寅[1830]上福報國寺刊）（越南國家圖書館藏，漢喃古籍網站公佈）\01\006.jpg
CreateFile(系统找不到指定的路径。3) : X:\disks\006\05古籍\越南國家圖書館藏，漢喃古籍網站公佈43份\nlvnpf-0456《三經日誦》（《四十二章經（含頌）》《遺教經（含注）》《溈山警策》）（沙彌釋在在撰述）（越南明命十壹年歲在庚寅[1830]上福報國寺刊）（越南國家圖書館藏，漢喃古籍網站公佈）\01\007.jpg
CreateFile(系统找不到指定的路径。3) : X:\disks\006\05古籍\越南國家圖書館藏，漢喃古籍網站公佈43份\nlvnpf-0456《三經日誦》（《四十二章經（含頌）》《遺教經（含注）》《溈山警策》）（沙彌釋在在撰述）（越南明命十壹年歲在庚寅[1830]上福報國寺刊）（越南國家圖書館藏，漢喃古籍網站公佈）\01\008.jpg
CreateFile(系统找不到指定的路径。3) : X:\disks\006\05古籍\越南國家圖書館藏，漢喃古籍網站公佈43份\nlvnpf-0456《三經日誦》（《四十二章經（含頌）》《遺教經（含注）》《溈山警策》）（沙彌釋在在撰述）（越南明命十壹年歲在庚寅[1830]上福報國寺刊）（越南國家圖書館藏，漢喃古籍網站公佈）\01\009.jpg
CreateFile(系统找不到指定的路径。3) : X:\disks\006\05古籍\越南國家圖書館藏，漢喃古籍網站公佈43份\nlvnpf-0456《三經日誦》（《四十二章經（含頌）》《遺教經（含注）》《溈山警策》）（沙彌釋在在撰述）（越南明命十壹年歲在庚寅[1830]上福報國寺刊）（越南國家圖書館藏，漢喃古籍網站公佈）\01\010.jpg
CreateFile(系统找不到指定的路径。3) : X:\disks\006\05古籍\越南國家圖書館藏，漢喃古籍網站公佈43份\nlvnpf-0456《三經日誦》（《四十二章經（含頌）》《遺教經（含注）》《溈山警策》）（沙彌釋在在撰述）（越南明命十壹年歲在庚寅[1830]上福報國寺刊）（越南國家圖書館藏，漢喃古籍網站公佈）\01\011.jpg
CreateFile(系统找不到指定的路径。3) : X:\disks\006\05古籍\越南國家圖書館藏，漢喃古籍網站公佈43份\nlvnpf-0456《三經日誦》（《四十二章經（含頌）》《遺教經（含注）》《溈山警策》）（沙彌釋在在撰述）（越南明命十壹年歲在庚寅[1830]上福報國寺刊）（越南國家圖書館藏，漢喃古籍網站公佈）\01\012.jpg
CreateFile(系统找不到指定的路径。3) : X:\disks\006\05古籍\越南國家圖書館藏，漢喃古籍網站公佈43份\nlvnpf-0456《三經日誦》（《四十二章經（含頌）》《遺教經（含注）》《溈山警策》）（沙彌釋在在撰述）（越南明命十壹年歲在庚寅[1830]上福報國寺刊）（越南國家圖書館藏，漢喃古籍網站公佈）\01\013.jpg
CreateFile(系统找不到指定的路径。3) : X:\disks\006\05古籍\越南國家圖書館藏，漢喃古籍網站公佈43份\nlvnpf-0456《三經日誦》（《四十二章經（含頌）》《遺教經（含注）》《溈山警策》）（沙彌釋在在撰述）（越南明命十壹年歲在庚寅[1830]上福報國寺刊）（越南國家圖書館藏，漢喃古籍網站公佈）\01\014.jpg
CreateFile(系统找不到指定的路径。3) : X:\disks\006\05古籍\越南國家圖書館藏，漢喃古籍網站公佈43份\nlvnpf-0456《三經日誦》（《四十二章經（含頌）》《遺教經（含注）》《溈山警策》）（沙彌釋在在撰述）（越南明命十壹年歲在庚寅[1830]上福報國寺刊）（越南國家圖書館藏，漢喃古籍網站公佈）\01\015.jpg
CreateFile(系统找不到指定的路径。3) : X:\disks\006\05古籍\越南國家圖書館藏，漢喃古籍網站公佈43份\nlvnpf-0456《三經日誦》（《四十二章經（含頌）》《遺教經（含注）》《溈山警策》）（沙彌釋在在撰述）（越南明命十壹年歲在庚寅[1830]上福報國寺刊）（越南國家圖書館藏，漢喃古籍網站公佈）\01\016.jpg
CreateFile(系统找不到指定的路径。3) : X:\disks\006\05古籍\越南國家圖書館藏，漢喃古籍網站公佈43份\nlvnpf-0456《三經日誦》（《四十二章經（含頌）》《遺教經（含注）》《溈山警策》）（沙彌釋在在撰述）（越南明命十壹年歲在庚寅[1830]上福報國寺刊）（越南國家圖書館藏，漢喃古籍網站公佈）\01\017.jpg
CreateFile(系统找不到指定的路径。3) : X:\disks\006\05古籍\越南國家圖書館藏，漢喃古籍網站公佈43份\nlvnpf-0456《三經日誦》（《四十二章經（含頌）》《遺教經（含注）》《溈山警策》）（沙彌釋在在撰述）（越南明命十壹年歲在庚寅[1830]上福報國寺刊）（越南國家圖書館藏，漢喃古籍網站公佈）\01\018.jpg
CreateFile(系统找不到指定的路径。3) : X:\disks\006\05古籍\越南國家圖書館藏，漢喃古籍網站公佈43份\nlvnpf-0456《三經日誦》（《四十二章經（含頌）》《遺教經（含注）》《溈山警策》）（沙彌釋在在撰述）（越南明命十壹年歲在庚寅[1830]上福報國寺刊）（越南國家圖書館藏，漢喃古籍網站公佈）\01\019.jpg
CreateFile(系统找不到指定的路径。3) : X:\disks\006\05古籍\越南國家圖書館藏，漢喃古籍網站公佈43份\nlvnpf-0456《三經日誦》（《四十二章經（含頌）》《遺教經（含注）》《溈山警策》）（沙彌釋在在撰述）（越南明命十壹年歲在庚寅[1830]上福報國寺刊）（越南國家圖書館藏，漢喃古籍網站公佈）\01\020.jpg
CreateFile(系统找不到指定的路径。3) : X:\disks\006\05古籍\越南國家圖書館藏，漢喃古籍網站公佈43份\nlvnpf-0456《三經日誦》（《四十二章經（含頌）》《遺教經（含注）》《溈山警策》）（沙彌釋在在撰述）（越南明命十壹年歲在庚寅[1830]上福報國寺刊）（越南國家圖書館藏，漢喃古籍網站公佈）\01\021.jpg
CreateFile(系统找不到指定的路径。3) : X:\disks\006\05古籍\越南國家圖書館藏，漢喃古籍網站公佈43份\nlvnpf-0456《三經日誦》（《四十二章經（含頌）》《遺教經（含注）》《溈山警策》）（沙彌釋在在撰述）（越南明命十壹年歲在庚寅[1830]上福報國寺刊）（越南國家圖書館藏，漢喃古籍網站公佈）\01\022.jpg
CreateFile(系统找不到指定的路径。3) : X:\disks\006\05古籍\越南國家圖書館藏，漢喃古籍網站公佈43份\nlvnpf-0456《三經日誦》（《四十二章經（含頌）》《遺教經（含注）》《溈山警策》）（沙彌釋在在撰述）（越南明命十壹年歲在庚寅[1830]上福報國寺刊）（越南國家圖書館藏，漢喃古籍網站公佈）\01\023.jpg
CreateFile(系统找不到指定的路径。3) : X:\disks\006\05古籍\越南國家圖書館藏，漢喃古籍網站公佈43份\nlvnpf-0456《三經日誦》（《四十二章經（含頌）》《遺教經（含注）》《溈山警策》）（沙彌釋在在撰述）（越南明命十壹年歲在庚寅[1830]上福報國寺刊）（越南國家圖書館藏，漢喃古籍網站公佈）\01\024.jpg
CreateFile(系统找不到指定的路径。3) : X:\disks\006\05古籍\越南國家圖書館藏，漢喃古籍網站公佈43份\nlvnpf-0456《三經日誦》（《四十二章經（含頌）》《遺教經（含注）》《溈山警策》）（沙彌釋在在撰述）（越南明命十壹年歲在庚寅[1830]上福報國寺刊）（越南國家圖書館藏，漢喃古籍網站公佈）\01\025.jpg
CreateFile(系统找不到指定的路径。3) : X:\disks\006\05古籍\越南國家圖書館藏，漢喃古籍網站公佈43份\nlvnpf-0456《三經日誦》（《四十二章經（含頌）》《遺教經（含注）》《溈山警策》）（沙彌釋在在撰述）（越南明命十壹年歲在庚寅[1830]上福報國寺刊）（越南國家圖書館藏，漢喃古籍網站公佈）\01\026.jpg
CreateFile(系统找不到指定的路径。3) : X:\disks\006\05古籍\越南國家圖書館藏，漢喃古籍網站公佈43份\nlvnpf-0456《三經日誦》（《四十二章經（含頌）》《遺教經（含注）》《溈山警策》）（沙彌釋在在撰述）（越南明命十壹年歲在庚寅[1830]上福報國寺刊）（越南國家圖書館藏，漢喃古籍網站公佈）\01\027.jpg
CreateFile(系统找不到指定的路径。3) : X:\disks\006\05古籍\越南國家圖書館藏，漢喃古籍網站公佈43份\nlvnpf-0456《三經日誦》（《四十二章經（含頌）》《遺教經（含注）》《溈山警策》）（沙彌釋在在撰述）（越南明命十壹年歲在庚寅[1830]上福報國寺刊）（越南國家圖書館藏，漢喃古籍網站公佈）\01\028.jpg
CreateFile(系统找不到指定的路径。3) : X:\disks\006\05古籍\越南國家圖書館藏，漢喃古籍網站公佈43份\nlvnpf-0456《三經日誦》（《四十二章經（含頌）》《遺教經（含注）》《溈山警策》）（沙彌釋在在撰述）（越南明命十壹年歲在庚寅[1830]上福報國寺刊）（越南國家圖書館藏，漢喃古籍網站公佈）\01\029.jpg
CreateFile(系统找不到指定的路径。3) : X:\disks\006\05古籍\越南國家圖書館藏，漢喃古籍網站公佈43份\nlvnpf-0456《三經日誦》（《四十二章經（含頌）》《遺教經（含注）》《溈山警策》）（沙彌釋在在撰述）（越南明命十壹年歲在庚寅[1830]上福報國寺刊）（越南國家圖書館藏，漢喃古籍網站公佈）\01\030.jpg
CreateFile(系统找不到指定的路径。3) : X:\disks\006\05古籍\越南國家圖書館藏，漢喃古籍網站公佈43份\nlvnpf-0456《三經日誦》（《四十二章經（含頌）》《遺教經（含注）》《溈山警策》）（沙彌釋在在撰述）（越南明命十壹年歲在庚寅[1830]上福報國寺刊）（越南國家圖書館藏，漢喃古籍網站公佈）\01\031.jpg
CreateFile(系统找不到指定的路径。3) : X:\disks\006\05古籍\越南國家圖書館藏，漢喃古籍網站公佈43份\nlvnpf-0456《三經日誦》（《四十二章經（含頌）》《遺教經（含注）》《溈山警策》）（沙彌釋在在撰述）（越南明命十壹年歲在庚寅[1830]上福報國寺刊）（越南國家圖書館藏，漢喃古籍網站公佈）\01\032.jpg
CreateFile(系统找不到指定的路径。3) : X:\disks\006\05古籍\越南國家圖書館藏，漢喃古籍網站公佈43份\nlvnpf-0456《三經日誦》（《四十二章經（含頌）》《遺教經（含注）》《溈山警策》）（沙彌釋在在撰述）（越南明命十壹年歲在庚寅[1830]上福報國寺刊）（越南國家圖書館藏，漢喃古籍網站公佈）\01\033.jpg
CreateFile(系统找不到指定的路径。3) : X:\disks\006\05古籍\越南國家圖書館藏，漢喃古籍網站公佈43份\nlvnpf-0456《三經日誦》（《四十二章經（含頌）》《遺教經（含注）》《溈山警策》）（沙彌釋在在撰述）（越南明命十壹年歲在庚寅[1830]上福報國寺刊）（越南國家圖書館藏，漢喃古籍網站公佈）\01\034.jpg
CreateFile(系统找不到指定的路径。3) : X:\disks\006\05古籍\越南國家圖書館藏，漢喃古籍網站公佈43份\nlvnpf-0456《三經日誦》（《四十二章經（含頌）》《遺教經（含注）》《溈山警策》）（沙彌釋在在撰述）（越南明命十壹年歲在庚寅[1830]上福報國寺刊）（越南國家圖書館藏，漢喃古籍網站公佈）\01\035.jpg
CreateFile(系统找不到指定的路径。3) : X:\disks\006\05古籍\越南國家圖書館藏，漢喃古籍網站公佈43份\nlvnpf-0456《三經日誦》（《四十二章經（含頌）》《遺教經（含注）》《溈山警策》）（沙彌釋在在撰述）（越南明命十壹年歲在庚寅[1830]上福報國寺刊）（越南國家圖書館藏，漢喃古籍網站公佈）\01\036.jpg
CreateFile(系统找不到指定的路径。3) : X:\disks\006\05古籍\越南國家圖書館藏，漢喃古籍網站公佈43份\nlvnpf-0456《三經日誦》（《四十二章經（含頌）》《遺教經（含注）》《溈山警策》）（沙彌釋在在撰述）（越南明命十壹年歲在庚寅[1830]上福報國寺刊）（越南國家圖書館藏，漢喃古籍網站公佈）\01\037.jpg
CreateFile(系统找不到指定的路径。3) : X:\disks\006\05古籍\越南國家圖書館藏，漢喃古籍網站公佈43份\nlvnpf-0456《三經日誦》（《四十二章經（含頌）》《遺教經（含注）》《溈山警策》）（沙彌釋在在撰述）（越南明命十壹年歲在庚寅[1830]上福報國寺刊）（越南國家圖書館藏，漢喃古籍網站公佈）\01\038.jpg
CreateFile(系统找不到指定的路径。3) : X:\disks\006\05古籍\越南國家圖書館藏，漢喃古籍網站公佈43份\nlvnpf-0456《三經日誦》（《四十二章經（含頌）》《遺教經（含注）》《溈山警策》）（沙彌釋在在撰述）（越南明命十壹年歲在庚寅[1830]上福報國寺刊）（越南國家圖書館藏，漢喃古籍網站公佈）\01\039.jpg
CreateFile(系统找不到指定的路径。3) : X:\disks\006\05古籍\越南國家圖書館藏，漢喃古籍網站公佈43份\nlvnpf-0456《三經日誦》（《四十二章經（含頌）》《遺教經（含注）》《溈山警策》）（沙彌釋在在撰述）（越南明命十壹年歲在庚寅[1830]上福報國寺刊）（越南國家圖書館藏，漢喃古籍網站公佈）\01\040.jpg
CreateFile(系统找不到指定的路径。3) : X:\disks\006\05古籍\越南國家圖書館藏，漢喃古籍網站公佈43份\nlvnpf-0456《三經日誦》（《四十二章經（含頌）》《遺教經（含注）》《溈山警策》）（沙彌釋在在撰述）（越南明命十壹年歲在庚寅[1830]上福報國寺刊）（越南國家圖書館藏，漢喃古籍網站公佈）\01\041.jpg
CreateFile(系统找不到指定的路径。3) : X:\disks\006\05古籍\越南國家圖書館藏，漢喃古籍網站公佈43份\nlvnpf-0456《三經日誦》（《四十二章經（含頌）》《遺教經（含注）》《溈山警策》）（沙彌釋在在撰述）（越南明命十壹年歲在庚寅[1830]上福報國寺刊）（越南國家圖書館藏，漢喃古籍網站公佈）\01\042.jpg
CreateFile(系统找不到指定的路径。3) : X:\disks\006\05古籍\越南國家圖書館藏，漢喃古籍網站公佈43份\nlvnpf-0456《三經日誦》（《四十二章經（含頌）》《遺教經（含注）》《溈山警策》）（沙彌釋在在撰述）（越南明命十壹年歲在庚寅[1830]上福報國寺刊）（越南國家圖書館藏，漢喃古籍網站公佈）\01\043.jpg
CreateFile(系统找不到指定的路径。3) : X:\disks\006\05古籍\越南國家圖書館藏，漢喃古籍網站公佈43份\nlvnpf-0456《三經日誦》（《四十二章經（含頌）》《遺教經（含注）》《溈山警策》）（沙彌釋在在撰述）（越南明命十壹年歲在庚寅[1830]上福報國寺刊）（越南國家圖書館藏，漢喃古籍網站公佈）\01\044.jpg
CreateFile(系统找不到指定的路径。3) : X:\disks\006\05古籍\越南國家圖書館藏，漢喃古籍網站公佈43份\nlvnpf-0456《三經日誦》（《四十二章經（含頌）》《遺教經（含注）》《溈山警策》）（沙彌釋在在撰述）（越南明命十壹年歲在庚寅[1830]上福報國寺刊）（越南國家圖書館藏，漢喃古籍網站公佈）\01\045.jpg
CreateFile(系统找不到指定的路径。3) : X:\disks\006\05古籍\越南國家圖書館藏，漢喃古籍網站公佈43份\nlvnpf-0456《三經日誦》（《四十二章經（含頌）》《遺教經（含注）》《溈山警策》）（沙彌釋在在撰述）（越南明命十壹年歲在庚寅[1830]上福報國寺刊）（越南國家圖書館藏，漢喃古籍網站公佈）\01\046.jpg
CreateFile(系统找不到指定的路径。3) : X:\disks\006\05古籍\越南國家圖書館藏，漢喃古籍網站公佈43份\nlvnpf-0456《三經日誦》（《四十二章經（含頌）》《遺教經（含注）》《溈山警策》）（沙彌釋在在撰述）（越南明命十壹年歲在庚寅[1830]上福報國寺刊）（越南國家圖書館藏，漢喃古籍網站公佈）\01\047.jpg
CreateFile(系统找不到指定的路径。3) : X:\disks\006\05古籍\越南國家圖書館藏，漢喃古籍網站公佈43份\nlvnpf-0456《三經日誦》（《四十二章經（含頌）》《遺教經（含注）》《溈山警策》）（沙彌釋在在撰述）（越南明命十壹年歲在庚寅[1830]上福報國寺刊）（越南國家圖書館藏，漢喃古籍網站公佈）\01\048.jpg
CreateFile(系统找不到指定的路径。3) : X:\disks\006\05古籍\越南國家圖書館藏，漢喃古籍網站公佈43份\nlvnpf-0456《三經日誦》（《四十二章經（含頌）》《遺教經（含注）》《溈山警策》）（沙彌釋在在撰述）（越南明命十壹年歲在庚寅[1830]上福報國寺刊）（越南國家圖書館藏，漢喃古籍網站公佈）\01\049.jpg
CreateFile(系统找不到指定的路径。3) : X:\disks\006\05古籍\越南國家圖書館藏，漢喃古籍網站公佈43份\nlvnpf-0456《三經日誦》（《四十二章經（含頌）》《遺教經（含注）》《溈山警策》）（沙彌釋在在撰述）（越南明命十壹年歲在庚寅[1830]上福報國寺刊）（越南國家圖書館藏，漢喃古籍網站公佈）\01\050.jpg
CreateFile(系统找不到指定的路径。3) : X:\disks\006\05古籍\越南國家圖書館藏，漢喃古籍網站公佈43份\nlvnpf-0456《三經日誦》（《四十二章經（含頌）》《遺教經（含注）》《溈山警策》）（沙彌釋在在撰述）（越南明命十壹年歲在庚寅[1830]上福報國寺刊）（越南國家圖書館藏，漢喃古籍網站公佈）\01\051.jpg
CreateFile(系统找不到指定的路径。3) : X:\disks\006\05古籍\越南國家圖書館藏，漢喃古籍網站公佈43份\nlvnpf-0456《三經日誦》（《四十二章經（含頌）》《遺教經（含注）》《溈山警策》）（沙彌釋在在撰述）（越南明命十壹年歲在庚寅[1830]上福報國寺刊）（越南國家圖書館藏，漢喃古籍網站公佈）\01\052.jpg
CreateFile(系统找不到指定的路径。3) : X:\disks\006\05古籍\越南國家圖書館藏，漢喃古籍網站公佈43份\nlvnpf-0456《三經日誦》（《四十二章經（含頌）》《遺教經（含注）》《溈山警策》）（沙彌釋在在撰述）（越南明命十壹年歲在庚寅[1830]上福報國寺刊）（越南國家圖書館藏，漢喃古籍網站公佈）\01\053.jpg
CreateFile(系统找不到指定的路径。3) : X:\disks\006\05古籍\越南國家圖書館藏，漢喃古籍網站公佈43份\nlvnpf-0456《三經日誦》（《四十二章經（含頌）》《遺教經（含注）》《溈山警策》）（沙彌釋在在撰述）（越南明命十壹年歲在庚寅[1830]上福報國寺刊）（越南國家圖書館藏，漢喃古籍網站公佈）\01\054.jpg
CreateFile(系统找不到指定的路径。3) : X:\disks\006\05古籍\越南國家圖書館藏，漢喃古籍網站公佈43份\nlvnpf-0456《三經日誦》（《四十二章經（含頌）》《遺教經（含注）》《溈山警策》）（沙彌釋在在撰述）（越南明命十壹年歲在庚寅[1830]上福報國寺刊）（越南國家圖書館藏，漢喃古籍網站公佈）\01\055.jpg
CreateFile(系统找不到指定的路径。3) : X:\disks\006\05古籍\越南國家圖書館藏，漢喃古籍網站公佈43份\nlvnpf-0456《三經日誦》（《四十二章經（含頌）》《遺教經（含注）》《溈山警策》）（沙彌釋在在撰述）（越南明命十壹年歲在庚寅[1830]上福報國寺刊）（越南國家圖書館藏，漢喃古籍網站公佈）\01\056.jpg
CreateFile(系统找不到指定的路径。3) : X:\disks\006\05古籍\越南國家圖書館藏，漢喃古籍網站公佈43份\nlvnpf-0456《三經日誦》（《四十二章經（含頌）》《遺教經（含注）》《溈山警策》）（沙彌釋在在撰述）（越南明命十壹年歲在庚寅[1830]上福報國寺刊）（越南國家圖書館藏，漢喃古籍網站公佈）\01\057.jpg
CreateFile(系统找不到指定的路径。3) : X:\disks\006\05古籍\越南國家圖書館藏，漢喃古籍網站公佈43份\nlvnpf-0456《三經日誦》（《四十二章經（含頌）》《遺教經（含注）》《溈山警策》）（沙彌釋在在撰述）（越南明命十壹年歲在庚寅[1830]上福報國寺刊）（越南國家圖書館藏，漢喃古籍網站公佈）\01\058.jpg
CreateFile(系统找不到指定的路径。3) : X:\disks\006\05古籍\越南國家圖書館藏，漢喃古籍網站公佈43份\nlvnpf-0456《三經日誦》（《四十二章經（含頌）》《遺教經（含注）》《溈山警策》）（沙彌釋在在撰述）（越南明命十壹年歲在庚寅[1830]上福報國寺刊）（越南國家圖書館藏，漢喃古籍網站公佈）\01\059.jpg
CreateFile(系统找不到指定的路径。3) : X:\disks\006\05古籍\越南國家圖書館藏，漢喃古籍網站公佈43份\nlvnpf-0456《三經日誦》（《四十二章經（含頌）》《遺教經（含注）》《溈山警策》）（沙彌釋在在撰述）（越南明命十壹年歲在庚寅[1830]上福報國寺刊）（越南國家圖書館藏，漢喃古籍網站公佈）\01\060.jpg
CreateFile(系统找不到指定的路径。3) : X:\disks\006\05古籍\越南國家圖書館藏，漢喃古籍網站公佈43份\nlvnpf-0456《三經日誦》（《四十二章經（含頌）》《遺教經（含注）》《溈山警策》）（沙彌釋在在撰述）（越南明命十壹年歲在庚寅[1830]上福報國寺刊）（越南國家圖書館藏，漢喃古籍網站公佈）\01\061.jpg
CreateFile(系统找不到指定的路径。3) : X:\disks\006\05古籍\越南國家圖書館藏，漢喃古籍網站公佈43份\nlvnpf-0456《三經日誦》（《四十二章經（含頌）》《遺教經（含注）》《溈山警策》）（沙彌釋在在撰述）（越南明命十壹年歲在庚寅[1830]上福報國寺刊）（越南國家圖書館藏，漢喃古籍網站公佈）\01\062.jpg
CreateFile(系统找不到指定的路径。3) : X:\disks\006\05古籍\越南國家圖書館藏，漢喃古籍網站公佈43份\nlvnpf-0456《三經日誦》（《四十二章經（含頌）》《遺教經（含注）》《溈山警策》）（沙彌釋在在撰述）（越南明命十壹年歲在庚寅[1830]上福報國寺刊）（越南國家圖書館藏，漢喃古籍網站公佈）\01\063.jpg
CreateFile(系统找不到指定的路径。3) : X:\disks\006\05古籍\越南國家圖書館藏，漢喃古籍網站公佈43份\nlvnpf-0456《三經日誦》（《四十二章經（含頌）》《遺教經（含注）》《溈山警策》）（沙彌釋在在撰述）（越南明命十壹年歲在庚寅[1830]上福報國寺刊）（越南國家圖書館藏，漢喃古籍網站公佈）\01\064.jpg
CreateFile(系统找不到指定的路径。3) : X:\disks\006\05古籍\越南國家圖書館藏，漢喃古籍網站公佈43份\nlvnpf-0456《三經日誦》（《四十二章經（含頌）》《遺教經（含注）》《溈山警策》）（沙彌釋在在撰述）（越南明命十壹年歲在庚寅[1830]上福報國寺刊）（越南國家圖書館藏，漢喃古籍網站公佈）\01\065.jpg
CreateFile(系统找不到指定的路径。3) : X:\disks\006\05古籍\越南國家圖書館藏，漢喃古籍網站公佈43份\nlvnpf-0456《三經日誦》（《四十二章經（含頌）》《遺教經（含注）》《溈山警策》）（沙彌釋在在撰述）（越南明命十壹年歲在庚寅[1830]上福報國寺刊）（越南國家圖書館藏，漢喃古籍網站公佈）\01\066.jpg
CreateFile(系统找不到指定的路径。3) : X:\disks\006\05古籍\越南國家圖書館藏，漢喃古籍網站公佈43份\nlvnpf-0456《三經日誦》（《四十二章經（含頌）》《遺教經（含注）》《溈山警策》）（沙彌釋在在撰述）（越南明命十壹年歲在庚寅[1830]上福報國寺刊）（越南國家圖書館藏，漢喃古籍網站公佈）\01\067.jpg
CreateFile(系统找不到指定的路径。3) : X:\disks\006\05古籍\越南國家圖書館藏，漢喃古籍網站公佈43份\nlvnpf-0456《三經日誦》（《四十二章經（含頌）》《遺教經（含注）》《溈山警策》）（沙彌釋在在撰述）（越南明命十壹年歲在庚寅[1830]上福報國寺刊）（越南國家圖書館藏，漢喃古籍網站公佈）\01\068.jpg
CreateFile(系统找不到指定的路径。3) : X:\disks\006\05古籍\越南國家圖書館藏，漢喃古籍網站公佈43份\nlvnpf-0456《三經日誦》（《四十二章經（含頌）》《遺教經（含注）》《溈山警策》）（沙彌釋在在撰述）（越南明命十壹年歲在庚寅[1830]上福報國寺刊）（越南國家圖書館藏，漢喃古籍網站公佈）\01\069.jpg
CreateFile(系统找不到指定的路径。3) : X:\disks\006\05古籍\越南國家圖書館藏，漢喃古籍網站公佈43份\nlvnpf-0456《三經日誦》（《四十二章經（含頌）》《遺教經（含注）》《溈山警策》）（沙彌釋在在撰述）（越南明命十壹年歲在庚寅[1830]上福報國寺刊）（越南國家圖書館藏，漢喃古籍網站公佈）\01\070.jpg
CreateFile(系统找不到指定的路径。3) : X:\disks\006\05古籍\越南國家圖書館藏，漢喃古籍網站公佈43份\nlvnpf-0456《三經日誦》（《四十二章經（含頌）》《遺教經（含注）》《溈山警策》）（沙彌釋在在撰述）（越南明命十壹年歲在庚寅[1830]上福報國寺刊）（越南國家圖書館藏，漢喃古籍網站公佈）\01\071.jpg
CreateFile(系统找不到指定的路径。3) : X:\disks\006\05古籍\越南國家圖書館藏，漢喃古籍網站公佈43份\nlvnpf-0456《三經日誦》（《四十二章經（含頌）》《遺教經（含注）》《溈山警策》）（沙彌釋在在撰述）（越南明命十壹年歲在庚寅[1830]上福報國寺刊）（越南國家圖書館藏，漢喃古籍網站公佈）\01\072.jpg
CreateFile(系统找不到指定的路径。3) : X:\disks\006\05古籍\越南國家圖書館藏，漢喃古籍網站公佈43份\nlvnpf-0456《三經日誦》（《四十二章經（含頌）》《遺教經（含注）》《溈山警策》）（沙彌釋在在撰述）（越南明命十壹年歲在庚寅[1830]上福報國寺刊）（越南國家圖書館藏，漢喃古籍網站公佈）\01\073.jpg
CreateFile(系统找不到指定的路径。3) : X:\disks\006\05古籍\越南國家圖書館藏，漢喃古籍網站公佈43份\nlvnpf-0456《三經日誦》（《四十二章經（含頌）》《遺教經（含注）》《溈山警策》）（沙彌釋在在撰述）（越南明命十壹年歲在庚寅[1830]上福報國寺刊）（越南國家圖書館藏，漢喃古籍網站公佈）\01\074.jpg
CreateFile(系统找不到指定的路径。3) : X:\disks\006\05古籍\越南國家圖書館藏，漢喃古籍網站公佈43份\nlvnpf-0456《三經日誦》（《四十二章經（含頌）》《遺教經（含注）》《溈山警策》）（沙彌釋在在撰述）（越南明命十壹年歲在庚寅[1830]上福報國寺刊）（越南國家圖書館藏，漢喃古籍網站公佈）\01\075.jpg
CreateFile(系统找不到指定的路径。3) : X:\disks\006\05古籍\越南國家圖書館藏，漢喃古籍網站公佈43份\nlvnpf-0456《三經日誦》（《四十二章經（含頌）》《遺教經（含注）》《溈山警策》）（沙彌釋在在撰述）（越南明命十壹年歲在庚寅[1830]上福報國寺刊）（越南國家圖書館藏，漢喃古籍網站公佈）\01\076.jpg
CreateFile(系统找不到指定的路径。3) : X:\disks\006\05古籍\越南國家圖書館藏，漢喃古籍網站公佈43份\nlvnpf-0456《三經日誦》（《四十二章經（含頌）》《遺教經（含注）》《溈山警策》）（沙彌釋在在撰述）（越南明命十壹年歲在庚寅[1830]上福報國寺刊）（越南國家圖書館藏，漢喃古籍網站公佈）\01\077.jpg
CreateFile(系统找不到指定的路径。3) : X:\disks\006\05古籍\越南國家圖書館藏，漢喃古籍網站公佈43份\nlvnpf-0456《三經日誦》（《四十二章經（含頌）》《遺教經（含注）》《溈山警策》）（沙彌釋在在撰述）（越南明命十壹年歲在庚寅[1830]上福報國寺刊）（越南國家圖書館藏，漢喃古籍網站公佈）\01\078.jpg
CreateFile(系统找不到指定的路径。3) : X:\disks\006\05古籍\越南國家圖書館藏，漢喃古籍網站公佈43份\nlvnpf-0456《三經日誦》（《四十二章經（含頌）》《遺教經（含注）》《溈山警策》）（沙彌釋在在撰述）（越南明命十壹年歲在庚寅[1830]上福報國寺刊）（越南國家圖書館藏，漢喃古籍網站公佈）\01\079.jpg
CreateFile(系统找不到指定的路径。3) : X:\disks\006\05古籍\越南國家圖書館藏，漢喃古籍網站公佈43份\nlvnpf-0456《三經日誦》（《四十二章經（含頌）》《遺教經（含注）》《溈山警策》）（沙彌釋在在撰述）（越南明命十壹年歲在庚寅[1830]上福報國寺刊）（越南國家圖書館藏，漢喃古籍網站公佈）\01\080.jpg
CreateFile(系统找不到指定的路径。3) : X:\disks\006\05古籍\越南國家圖書館藏，漢喃古籍網站公佈43份\nlvnpf-0456《三經日誦》（《四十二章經（含頌）》《遺教經（含注）》《溈山警策》）（沙彌釋在在撰述）（越南明命十壹年歲在庚寅[1830]上福報國寺刊）（越南國家圖書館藏，漢喃古籍網站公佈）\01\081.jpg
CreateFile(系统找不到指定的路径。3) : X:\disks\006\05古籍\越南國家圖書館藏，漢喃古籍網站公佈43份\nlvnpf-0456《三經日誦》（《四十二章經（含頌）》《遺教經（含注）》《溈山警策》）（沙彌釋在在撰述）（越南明命十壹年歲在庚寅[1830]上福報國寺刊）（越南國家圖書館藏，漢喃古籍網站公佈）\01\082.jpg
CreateFile(系统找不到指定的路径。3) : X:\disks\006\05古籍\越南國家圖書館藏，漢喃古籍網站公佈43份\nlvnpf-0456《三經日誦》（《四十二章經（含頌）》《遺教經（含注）》《溈山警策》）（沙彌釋在在撰述）（越南明命十壹年歲在庚寅[1830]上福報國寺刊）（越南國家圖書館藏，漢喃古籍網站公佈）\01\083.jpg
CreateFile(系统找不到指定的路径。3) : X:\disks\006\05古籍\越南國家圖書館藏，漢喃古籍網站公佈43份\nlvnpf-0456《三經日誦》（《四十二章經（含頌）》《遺教經（含注）》《溈山警策》）（沙彌釋在在撰述）（越南明命十壹年歲在庚寅[1830]上福報國寺刊）（越南國家圖書館藏，漢喃古籍網站公佈）\01\084.jpg
CreateFile(系统找不到指定的路径。3) : X:\disks\006\05古籍\越南國家圖書館藏，漢喃古籍網站公佈43份\nlvnpf-0456《三經日誦》（《四十二章經（含頌）》《遺教經（含注）》《溈山警策》）（沙彌釋在在撰述）（越南明命十壹年歲在庚寅[1830]上福報國寺刊）（越南國家圖書館藏，漢喃古籍網站公佈）\01\085.jpg
CreateFile(系统找不到指定的路径。3) : X:\disks\006\05古籍\越南國家圖書館藏，漢喃古籍網站公佈43份\nlvnpf-0456《三經日誦》（《四十二章經（含頌）》《遺教經（含注）》《溈山警策》）（沙彌釋在在撰述）（越南明命十壹年歲在庚寅[1830]上福報國寺刊）（越南國家圖書館藏，漢喃古籍網站公佈）\01\086.jpg
CreateFile(系统找不到指定的路径。3) : X:\disks\006\05古籍\越南國家圖書館藏，漢喃古籍網站公佈43份\nlvnpf-0456《三經日誦》（《四十二章經（含頌）》《遺教經（含注）》《溈山警策》）（沙彌釋在在撰述）（越南明命十壹年歲在庚寅[1830]上福報國寺刊）（越南國家圖書館藏，漢喃古籍網站公佈）\01\087.jpg
CreateFile(系统找不到指定的路径。3) : X:\disks\006\05古籍\越南國家圖書館藏，漢喃古籍網站公佈43份\nlvnpf-0456《三經日誦》（《四十二章經（含頌）》《遺教經（含注）》《溈山警策》）（沙彌釋在在撰述）（越南明命十壹年歲在庚寅[1830]上福報國寺刊）（越南國家圖書館藏，漢喃古籍網站公佈）\01\088.jpg
CreateFile(系统找不到指定的路径。3) : X:\disks\006\05古籍\越南國家圖書館藏，漢喃古籍網站公佈43份\nlvnpf-0456《三經日誦》（《四十二章經（含頌）》《遺教經（含注）》《溈山警策》）（沙彌釋在在撰述）（越南明命十壹年歲在庚寅[1830]上福報國寺刊）（越南國家圖書館藏，漢喃古籍網站公佈）\01\089.jpg
CreateDirectory(文件名、目录名或卷标语法不正确。123) : X:\disks\006\05古籍\越南國家圖書館藏，漢喃古籍網站公佈43份\nlvnpf-1248《齊天破瘵諸品尊經（佛說破瘵經、佛說破邪經、佛說除瘟經、佛說消災經、佛說延壽經）》【真偽待考】（越南嗣德十四年歲次辛酉[1861]法達抄撰）（越南國家圖書館藏，漢喃古籍網站公佈）
CreateFile(系统找不到指定的路径。3) : X:\disks\006\05古籍\越南國家圖書館藏，漢喃古籍網站公佈43份\nlvnpf-1248《齊天破瘵諸品尊經（佛說破瘵經、佛說破邪經、佛說除瘟經、佛說消災經、佛說延壽經）》【真偽待考】（越南嗣德十四年歲次辛酉[1861]法達抄撰）（越南國家圖書館藏，漢喃古籍網站公佈）\1232.html
CreateDirectory(系统找不到指定的路径。3) : X:\disks\006\05古籍\越南國家圖書館藏，漢喃古籍網站公佈43份\nlvnpf-1248《齊天破瘵諸品尊經（佛說破瘵經、佛說破邪經、佛說除瘟經、佛說消災經、佛說延壽經）》【真偽待考】（越南嗣德十四年歲次辛酉[1861]法達抄撰）（越南國家圖書館藏，漢喃古籍網站公佈）\01
CreateFile(系统找不到指定的路径。3) : X:\disks\006\05古籍\越南國家圖書館藏，漢喃古籍網站公佈43份\nlvnpf-1248《齊天破瘵諸品尊經（佛說破瘵經、佛說破邪經、佛說除瘟經、佛說消災經、佛說延壽經）》【真偽待考】（越南嗣德十四年歲次辛酉[1861]法達抄撰）（越南國家圖書館藏，漢喃古籍網站公佈）\01\001.jpg
CreateFile(系统找不到指定的路径。3) : X:\disks\006\05古籍\越南國家圖書館藏，漢喃古籍網站公佈43份\nlvnpf-1248《齊天破瘵諸品尊經（佛說破瘵經、佛說破邪經、佛說除瘟經、佛說消災經、佛說延壽經）》【真偽待考】（越南嗣德十四年歲次辛酉[1861]法達抄撰）（越南國家圖書館藏，漢喃古籍網站公佈）\01\002.jpg
CreateFile(系统找不到指定的路径。3) : X:\disks\006\05古籍\越南國家圖書館藏，漢喃古籍網站公佈43份\nlvnpf-1248《齊天破瘵諸品尊經（佛說破瘵經、佛說破邪經、佛說除瘟經、佛說消災經、佛說延壽經）》【真偽待考】（越南嗣德十四年歲次辛酉[1861]法達抄撰）（越南國家圖書館藏，漢喃古籍網站公佈）\01\003.jpg
CreateFile(系统找不到指定的路径。3) : X:\disks\006\05古籍\越南國家圖書館藏，漢喃古籍網站公佈43份\nlvnpf-1248《齊天破瘵諸品尊經（佛說破瘵經、佛說破邪經、佛說除瘟經、佛說消災經、佛說延壽經）》【真偽待考】（越南嗣德十四年歲次辛酉[1861]法達抄撰）（越南國家圖書館藏，漢喃古籍網站公佈）\01\004.jpg
CreateFile(系统找不到指定的路径。3) : X:\disks\006\05古籍\越南國家圖書館藏，漢喃古籍網站公佈43份\nlvnpf-1248《齊天破瘵諸品尊經（佛說破瘵經、佛說破邪經、佛說除瘟經、佛說消災經、佛說延壽經）》【真偽待考】（越南嗣德十四年歲次辛酉[1861]法達抄撰）（越南國家圖書館藏，漢喃古籍網站公佈）\01\005.jpg
CreateFile(系统找不到指定的路径。3) : X:\disks\006\05古籍\越南國家圖書館藏，漢喃古籍網站公佈43份\nlvnpf-1248《齊天破瘵諸品尊經（佛說破瘵經、佛說破邪經、佛說除瘟經、佛說消災經、佛說延壽經）》【真偽待考】（越南嗣德十四年歲次辛酉[1861]法達抄撰）（越南國家圖書館藏，漢喃古籍網站公佈）\01\006.jpg
CreateFile(系统找不到指定的路径。3) : X:\disks\006\05古籍\越南國家圖書館藏，漢喃古籍網站公佈43份\nlvnpf-1248《齊天破瘵諸品尊經（佛說破瘵經、佛說破邪經、佛說除瘟經、佛說消災經、佛說延壽經）》【真偽待考】（越南嗣德十四年歲次辛酉[1861]法達抄撰）（越南國家圖書館藏，漢喃古籍網站公佈）\01\007.jpg
CreateFile(系统找不到指定的路径。3) : X:\disks\006\05古籍\越南國家圖書館藏，漢喃古籍網站公佈43份\nlvnpf-1248《齊天破瘵諸品尊經（佛說破瘵經、佛說破邪經、佛說除瘟經、佛說消災經、佛說延壽經）》【真偽待考】（越南嗣德十四年歲次辛酉[1861]法達抄撰）（越南國家圖書館藏，漢喃古籍網站公佈）\01\008.jpg
CreateFile(系统找不到指定的路径。3) : X:\disks\006\05古籍\越南國家圖書館藏，漢喃古籍網站公佈43份\nlvnpf-1248《齊天破瘵諸品尊經（佛說破瘵經、佛說破邪經、佛說除瘟經、佛說消災經、佛說延壽經）》【真偽待考】（越南嗣德十四年歲次辛酉[1861]法達抄撰）（越南國家圖書館藏，漢喃古籍網站公佈）\01\009.jpg
CreateFile(系统找不到指定的路径。3) : X:\disks\006\05古籍\越南國家圖書館藏，漢喃古籍網站公佈43份\nlvnpf-1248《齊天破瘵諸品尊經（佛說破瘵經、佛說破邪經、佛說除瘟經、佛說消災經、佛說延壽經）》【真偽待考】（越南嗣德十四年歲次辛酉[1861]法達抄撰）（越南國家圖書館藏，漢喃古籍網站公佈）\01\010.jpg
CreateFile(系统找不到指定的路径。3) : X:\disks\006\05古籍\越南國家圖書館藏，漢喃古籍網站公佈43份\nlvnpf-1248《齊天破瘵諸品尊經（佛說破瘵經、佛說破邪經、佛說除瘟經、佛說消災經、佛說延壽經）》【真偽待考】（越南嗣德十四年歲次辛酉[1861]法達抄撰）（越南國家圖書館藏，漢喃古籍網站公佈）\01\011.jpg
CreateFile(系统找不到指定的路径。3) : X:\disks\006\05古籍\越南國家圖書館藏，漢喃古籍網站公佈43份\nlvnpf-1248《齊天破瘵諸品尊經（佛說破瘵經、佛說破邪經、佛說除瘟經、佛說消災經、佛說延壽經）》【真偽待考】（越南嗣德十四年歲次辛酉[1861]法達抄撰）（越南國家圖書館藏，漢喃古籍網站公佈）\01\012.jpg
CreateFile(系统找不到指定的路径。3) : X:\disks\006\05古籍\越南國家圖書館藏，漢喃古籍網站公佈43份\nlvnpf-1248《齊天破瘵諸品尊經（佛說破瘵經、佛說破邪經、佛說除瘟經、佛說消災經、佛說延壽經）》【真偽待考】（越南嗣德十四年歲次辛酉[1861]法達抄撰）（越南國家圖書館藏，漢喃古籍網站公佈）\01\013.jpg
CreateFile(系统找不到指定的路径。3) : X:\disks\006\05古籍\越南國家圖書館藏，漢喃古籍網站公佈43份\nlvnpf-1248《齊天破瘵諸品尊經（佛說破瘵經、佛說破邪經、佛說除瘟經、佛說消災經、佛說延壽經）》【真偽待考】（越南嗣德十四年歲次辛酉[1861]法達抄撰）（越南國家圖書館藏，漢喃古籍網站公佈）\01\014.jpg
CreateFile(系统找不到指定的路径。3) : X:\disks\006\05古籍\越南國家圖書館藏，漢喃古籍網站公佈43份\nlvnpf-1248《齊天破瘵諸品尊經（佛說破瘵經、佛說破邪經、佛說除瘟經、佛說消災經、佛說延壽經）》【真偽待考】（越南嗣德十四年歲次辛酉[1861]法達抄撰）（越南國家圖書館藏，漢喃古籍網站公佈）\01\015.jpg
CreateFile(系统找不到指定的路径。3) : X:\disks\006\05古籍\越南國家圖書館藏，漢喃古籍網站公佈43份\nlvnpf-1248《齊天破瘵諸品尊經（佛說破瘵經、佛說破邪經、佛說除瘟經、佛說消災經、佛說延壽經）》【真偽待考】（越南嗣德十四年歲次辛酉[1861]法達抄撰）（越南國家圖書館藏，漢喃古籍網站公佈）\01\016.jpg
CreateFile(系统找不到指定的路径。3) : X:\disks\006\05古籍\越南國家圖書館藏，漢喃古籍網站公佈43份\nlvnpf-1248《齊天破瘵諸品尊經（佛說破瘵經、佛說破邪經、佛說除瘟經、佛說消災經、佛說延壽經）》【真偽待考】（越南嗣德十四年歲次辛酉[1861]法達抄撰）（越南國家圖書館藏，漢喃古籍網站公佈）\01\017.jpg
CreateFile(系统找不到指定的路径。3) : X:\disks\006\05古籍\越南國家圖書館藏，漢喃古籍網站公佈43份\nlvnpf-1248《齊天破瘵諸品尊經（佛說破瘵經、佛說破邪經、佛說除瘟經、佛說消災經、佛說延壽經）》【真偽待考】（越南嗣德十四年歲次辛酉[1861]法達抄撰）（越南國家圖書館藏，漢喃古籍網站公佈）\01\018.jpg
CreateFile(系统找不到指定的路径。3) : X:\disks\006\05古籍\越南國家圖書館藏，漢喃古籍網站公佈43份\nlvnpf-1248《齊天破瘵諸品尊經（佛說破瘵經、佛說破邪經、佛說除瘟經、佛說消災經、佛說延壽經）》【真偽待考】（越南嗣德十四年歲次辛酉[1861]法達抄撰）（越南國家圖書館藏，漢喃古籍網站公佈）\01\019.jpg
CreateFile(系统找不到指定的路径。3) : X:\disks\006\05古籍\越南國家圖書館藏，漢喃古籍網站公佈43份\nlvnpf-1248《齊天破瘵諸品尊經（佛說破瘵經、佛說破邪經、佛說除瘟經、佛說消災經、佛說延壽經）》【真偽待考】（越南嗣德十四年歲次辛酉[1861]法達抄撰）（越南國家圖書館藏，漢喃古籍網站公佈）\01\020.jpg
CreateFile(系统找不到指定的路径。3) : X:\disks\006\05古籍\越南國家圖書館藏，漢喃古籍網站公佈43份\nlvnpf-1248《齊天破瘵諸品尊經（佛說破瘵經、佛說破邪經、佛說除瘟經、佛說消災經、佛說延壽經）》【真偽待考】（越南嗣德十四年歲次辛酉[1861]法達抄撰）（越南國家圖書館藏，漢喃古籍網站公佈）\01\021.jpg
CreateFile(系统找不到指定的路径。3) : X:\disks\006\05古籍\越南國家圖書館藏，漢喃古籍網站公佈43份\nlvnpf-1248《齊天破瘵諸品尊經（佛說破瘵經、佛說破邪經、佛說除瘟經、佛說消災經、佛說延壽經）》【真偽待考】（越南嗣德十四年歲次辛酉[1861]法達抄撰）（越南國家圖書館藏，漢喃古籍網站公佈）\01\022.jpg
CreateFile(系统找不到指定的路径。3) : X:\disks\006\05古籍\越南國家圖書館藏，漢喃古籍網站公佈43份\nlvnpf-1248《齊天破瘵諸品尊經（佛說破瘵經、佛說破邪經、佛說除瘟經、佛說消災經、佛說延壽經）》【真偽待考】（越南嗣德十四年歲次辛酉[1861]法達抄撰）（越南國家圖書館藏，漢喃古籍網站公佈）\01\023.jpg
CreateFile(系统找不到指定的路径。3) : X:\disks\006\05古籍\越南國家圖書館藏，漢喃古籍網站公佈43份\nlvnpf-1248《齊天破瘵諸品尊經（佛說破瘵經、佛說破邪經、佛說除瘟經、佛說消災經、佛說延壽經）》【真偽待考】（越南嗣德十四年歲次辛酉[1861]法達抄撰）（越南國家圖書館藏，漢喃古籍網站公佈）\01\024.jpg
CreateFile(系统找不到指定的路径。3) : X:\disks\006\05古籍\越南國家圖書館藏，漢喃古籍網站公佈43份\nlvnpf-1248《齊天破瘵諸品尊經（佛說破瘵經、佛說破邪經、佛說除瘟經、佛說消災經、佛說延壽經）》【真偽待考】（越南嗣德十四年歲次辛酉[1861]法達抄撰）（越南國家圖書館藏，漢喃古籍網站公佈）\01\025.jpg
CreateFile(系统找不到指定的路径。3) : X:\disks\006\05古籍\越南國家圖書館藏，漢喃古籍網站公佈43份\nlvnpf-1248《齊天破瘵諸品尊經（佛說破瘵經、佛說破邪經、佛說除瘟經、佛說消災經、佛說延壽經）》【真偽待考】（越南嗣德十四年歲次辛酉[1861]法達抄撰）（越南國家圖書館藏，漢喃古籍網站公佈）\01\026.jpg
CreateFile(系统找不到指定的路径。3) : X:\disks\006\05古籍\越南國家圖書館藏，漢喃古籍網站公佈43份\nlvnpf-1248《齊天破瘵諸品尊經（佛說破瘵經、佛說破邪經、佛說除瘟經、佛說消災經、佛說延壽經）》【真偽待考】（越南嗣德十四年歲次辛酉[1861]法達抄撰）（越南國家圖書館藏，漢喃古籍網站公佈）\01\027.jpg
CreateFile(系统找不到指定的路径。3) : X:\disks\006\05古籍\越南國家圖書館藏，漢喃古籍網站公佈43份\nlvnpf-1248《齊天破瘵諸品尊經（佛說破瘵經、佛說破邪經、佛說除瘟經、佛說消災經、佛說延壽經）》【真偽待考】（越南嗣德十四年歲次辛酉[1861]法達抄撰）（越南國家圖書館藏，漢喃古籍網站公佈）\01\028.jpg
CreateFile(系统找不到指定的路径。3) : X:\disks\006\05古籍\越南國家圖書館藏，漢喃古籍網站公佈43份\nlvnpf-1248《齊天破瘵諸品尊經（佛說破瘵經、佛說破邪經、佛說除瘟經、佛說消災經、佛說延壽經）》【真偽待考】（越南嗣德十四年歲次辛酉[1861]法達抄撰）（越南國家圖書館藏，漢喃古籍網站公佈）\01\029.jpg
CreateFile(系统找不到指定的路径。3) : X:\disks\006\05古籍\越南國家圖書館藏，漢喃古籍網站公佈43份\nlvnpf-1248《齊天破瘵諸品尊經（佛說破瘵經、佛說破邪經、佛說除瘟經、佛說消災經、佛說延壽經）》【真偽待考】（越南嗣德十四年歲次辛酉[1861]法達抄撰）（越南國家圖書館藏，漢喃古籍網站公佈）\01\030.jpg
CreateFile(系统找不到指定的路径。3) : X:\disks\006\05古籍\越南國家圖書館藏，漢喃古籍網站公佈43份\nlvnpf-1248《齊天破瘵諸品尊經（佛說破瘵經、佛說破邪經、佛說除瘟經、佛說消災經、佛說延壽經）》【真偽待考】（越南嗣德十四年歲次辛酉[1861]法達抄撰）（越南國家圖書館藏，漢喃古籍網站公佈）\01\031.jpg
CreateFile(系统找不到指定的路径。3) : X:\disks\006\05古籍\越南國家圖書館藏，漢喃古籍網站公佈43份\nlvnpf-1248《齊天破瘵諸品尊經（佛說破瘵經、佛說破邪經、佛說除瘟經、佛說消災經、佛說延壽經）》【真偽待考】（越南嗣德十四年歲次辛酉[1861]法達抄撰）（越南國家圖書館藏，漢喃古籍網站公佈）\01\032.jpg
CreateFile(系统找不到指定的路径。3) : X:\disks\006\05古籍\越南國家圖書館藏，漢喃古籍網站公佈43份\nlvnpf-1248《齊天破瘵諸品尊經（佛說破瘵經、佛說破邪經、佛說除瘟經、佛說消災經、佛說延壽經）》【真偽待考】（越南嗣德十四年歲次辛酉[1861]法達抄撰）（越南國家圖書館藏，漢喃古籍網站公佈）\01\033.jpg
CreateFile(系统找不到指定的路径。3) : X:\disks\006\05古籍\越南國家圖書館藏，漢喃古籍網站公佈43份\nlvnpf-1248《齊天破瘵諸品尊經（佛說破瘵經、佛說破邪經、佛說除瘟經、佛說消災經、佛說延壽經）》【真偽待考】（越南嗣德十四年歲次辛酉[1861]法達抄撰）（越南國家圖書館藏，漢喃古籍網站公佈）\01\034.jpg
CreateFile(系统找不到指定的路径。3) : X:\disks\006\05古籍\越南國家圖書館藏，漢喃古籍網站公佈43份\nlvnpf-1248《齊天破瘵諸品尊經（佛說破瘵經、佛說破邪經、佛說除瘟經、佛說消災經、佛說延壽經）》【真偽待考】（越南嗣德十四年歲次辛酉[1861]法達抄撰）（越南國家圖書館藏，漢喃古籍網站公佈）\01\035.jpg
CreateFile(系统找不到指定的路径。3) : X:\disks\006\05古籍\越南國家圖書館藏，漢喃古籍網站公佈43份\nlvnpf-1248《齊天破瘵諸品尊經（佛說破瘵經、佛說破邪經、佛說除瘟經、佛說消災經、佛說延壽經）》【真偽待考】（越南嗣德十四年歲次辛酉[1861]法達抄撰）（越南國家圖書館藏，漢喃古籍網站公佈）\01\036.jpg
CreateFile(系统找不到指定的路径。3) : X:\disks\006\05古籍\越南國家圖書館藏，漢喃古籍網站公佈43份\nlvnpf-1248《齊天破瘵諸品尊經（佛說破瘵經、佛說破邪經、佛說除瘟經、佛說消災經、佛說延壽經）》【真偽待考】（越南嗣德十四年歲次辛酉[1861]法達抄撰）（越南國家圖書館藏，漢喃古籍網站公佈）\01\037.jpg
CreateFile(系统找不到指定的路径。3) : X:\disks\006\05古籍\越南國家圖書館藏，漢喃古籍網站公佈43份\nlvnpf-1248《齊天破瘵諸品尊經（佛說破瘵經、佛說破邪經、佛說除瘟經、佛說消災經、佛說延壽經）》【真偽待考】（越南嗣德十四年歲次辛酉[1861]法達抄撰）（越南國家圖書館藏，漢喃古籍網站公佈）\01\038.jpg
CreateFile(文件名、目录名或卷标语法不正确。123) : X:\disks\006\06著作\伯希和《科茲洛夫探險隊在黑水城所得漢文文書》，《亞西亞雜誌》第十一卷第3期，1914年，5-6月號,頁503-518.（M. Paul Pelliot, Les Documents Chinois Trouvés par La Mission Kozlov Á Khara-khoto,Journal asiatique , (SER11,T3)Mai-Juin,1914,pp503—518.）.pdf
CreateFile(文件名、目录名或卷标语法不正确。123) : X:\disks\006\06著作\龍泉寺圖書館舊書和結緣書掃描（二）\《經律異相因果録、過去現在因果經（合一冊）》（[梁]旻寶撰，[清]古崑（戀西道人)録，[清]1864年古崑序，1884年後學宏峻記録；[宋]求那跋陀羅譯）（台灣新文豐出版公司1974年第一版、1993年第二版影印）.pdf
CreateFile(文件名、目录名或卷标语法不正确。123) : X:\disks\006\06著作\龍泉寺圖書館舊書和結緣書（四）（戒律類）\《四分律拾要鈔》（釋智諭編審；釋聖空、釋慧觀執行編輯；釋慧空、釋慧洵、釋慧觀、釋慧經、釋慧甫、釋慧翔編輯）（西蓮淨苑出版）（1987年初版、1989年再版、1990年三版、1991年四版宗學社文化事業有限公司承印）.pdf
CreateFile(文件名、目录名或卷标语法不正确。123) : X:\disks\006\06著作\龍泉寺圖書館舊書和結緣書（四）（戒律類）\《四分律比丘尼戒相表記》（1944年慈舟大師敘；1943年比丘尼勝雨序；1957年比丘尼通顯再版序；四分律比丘尼戒本出曇無德部，[姚秦]三藏佛陀耶舍共竺佛 念譯；[明]讀體律師依藏重刻）（2010年臺灣信利印製有限公司印）.pdf
CreateFile(文件名、目录名或卷标语法不正确。123) : X:\disks\006\06著作\龍泉寺圖書館舊書和結緣書（四）（戒律類）\《弥勒三经》（佛说观弥勒菩萨上生兜率天经[宋]士沮渠京声 译；佛说弥勒下生经[西晋]竺发护 译；佛说弥勒大成佛经[姚秦]鸠摩罗什 译）（河北省佛教协会虚云印经功德藏中国佛教网——印经部出版）（南宫印刷责任有限公司印刷）.pdf
CreateFile(文件名、目录名或卷标语法不正确。123) : X:\disks\006\06著作\龍泉寺圖書館舊書和結緣書（四）（戒律類）\《淨心誡觀法》（[唐]道宣律師著；[宋]允堪律師科；校注冠科本；1045年允堪序；[宋]沙門元照序；校著者：釋法藏）（法妙印經會倡印）（1999年初版、2008年出版三刷影響力廣告有限公司承印）.pdf
CreateFile(文件名、目录名或卷标语法不正确。123) : X:\disks\006\06著作\龍泉寺圖書館舊書和結緣書（四）（戒律類）\《菩薩戒本記、菩薩戒本宗要、菩薩戒羯磨記、攝大乘義章、百法明門論疏、藥師經古跡、梵網經古跡》（[唐]遁倫、太賢、道基、義忠、撰，1919~1921年北京刻經處刊）（1977年第一版、1995年第二版臺灣新文豐出版有限公司）.pdf
CreateFile(文件名、目录名或卷标语法不正确。123) : X:\disks\006\11外学\清代诗文集汇编（清晰pdg增补并附其他800本礼包地址）\清代诗文集汇编  126  东观草  使荆草  折柳草  奚囊草  盍簪草  西山纪游  南归草  归云洞草  津逮楼草  钦醇堂文集  抱膝卢诗草  娱晖草  靖节集  南浦词  昌谷集  砺严续文部  砺严续文部2集_13053569.zip
CreateFile(文件名、目录名或卷标语法不正确。123) : X:\disks\006\fosss站长提供资料20211230\2012 fosss收集\18 文档\Html\▲关于2012年底的扬升，说服人们很有力的证据集\关于2012年底的扬升，说服人们很有力的证据集 - 灵讯快递 - 与神对话中文交流论坛 与神对话在线阅读与神对话电影与神对话下载与神对话读书会银河联邦灵迅快递外星人 - Powered by Discuz! - 2012.08.07_1604.png
CreateFile(文件名、目录名或卷标语法不正确。123) : X:\disks\006\大藏经及相关资料\02汉文佛经集合\08.思溪藏(圆觉藏,资福藏)(1126-1132,1175)\08.思溪藏(圆觉藏,资福藏)(1126-1132,1175)\1.[原本]《思溪藏》[国家图书馆数字善本][4647册全][pdf]\sxz4648\SX4553_佛說迦葉赴佛涅槃經_一卷_SX4554_菩薩呵色欲法_一卷_SX4555_四品學法_一卷_SX4556_佛入涅槃密跡金剛力士哀戀經_一卷_SX4557_佛使比丘迦旃延說法沒盡偈_一卷_SX4558_佛說佛治身經_一卷_SX4559_佛說治意經_一卷.pdf

CreateFile(文件名、目录名或卷标语法不正确。123) : X:\disks\027\A.非媒体文件1.0-disk1\01.大藏经类\60、其他\历代佛教大藏经（cbeta2021Q4_epub）\02 X 卍续藏\07 诸宗著述部（0863-1458）\10 禅宗语录别集（1320-1458）\X1370 淮海原肇禅师语录【(侍者门人)实仁．宗文．法奇．守愿．行佑．了元．善之．净证．法从．绍熏．普璋．文焕．净伏．慧行．文谦．正因．法恩．德纪．可能．持志．觉孙．惟康．宗和．如止．有智．慧云．若舟 编】.epub
CreateFile(文件名、目录名或卷标语法不正确。123) : X:\disks\027\A.非媒体文件1.0-disk1\01.大藏经类\60、其他\历代佛教大藏经（cbeta2021Q4_mobi）\02 X 卍续藏\07 诸宗著述部（0863-1458）\10 禅宗语录别集（1320-1458）\X1370 淮海原肇禅师语录【(侍者门人)实仁．宗文．法奇．守愿．行佑．了元．善之．净证．法从．绍熏．普璋．文焕．净伏．慧行．文谦．正因．法恩．德纪．可能．持志．觉孙．惟康．宗和．如止．有智．慧云．若舟 编】.mobi
CreateFile(文件名、目录名或卷标语法不正确。123) : X:\disks\027\A.非媒体文件1.0-disk1\01.大藏经类\60、其他\历代佛教大藏经（cbeta2021Q4_PDF）\02 X 卍续藏\07 诸宗著述部（0863-1458）\10 禅宗语录别集（1320-1458）\X1370 淮海原肇禅师语录【(侍者门人)实仁．宗文．法奇．守愿．行佑．了元．善之．净证．法从．绍熏．普璋．文焕．净伏．慧行．文谦．正因．法恩．德纪．可能．持志．觉孙．惟康．宗和．如止．有智．慧云．若舟 编】.pdf
CreateFile(文件名、目录名或卷标语法不正确。123) : X:\disks\027\A.非媒体文件1.0-disk1\02.机构资源\机构\大国学基金会115（已有）\佛书批量 1-41\31-41\佛书批量35\龍泉寺圖書館舊書和結緣書掃描（二）\《經律異相因果録、過去現在因果經（合一冊）》（[梁]旻寶撰，[清]古崑（戀西道人)録，[清]1864年古崑序，1884年後學宏峻記録；[宋]求那跋陀羅譯）（台灣新文豐出版公司1974年第一版、1993年第二版影印）.pdf
CreateFile(文件名、目录名或卷标语法不正确。123) : X:\disks\027\A.非媒体文件1.0-disk1\02.机构资源\机构\大国学基金会115（已有）\佛书批量 1-41\31-41\佛书批量38\伯希和《科茲洛夫探險隊在黑水城所得漢文文書》，《亞西亞雜誌》第十一卷第3期，1914年，5-6月號,頁503-518.（M. Paul Pelliot, Les Documents Chinois...és par La Mission Kozlov Á Khara-khoto,Journal asiatique , (SER11,T3)Mai-Juin,1914,pp503—518.）.pdf
CreateFile(文件名、目录名或卷标语法不正确。123) : X:\disks\027\A.非媒体文件1.0-disk1\02.机构资源\机构\大国学基金会115（已有）\佛书批量 1-41\31-41\佛书批量39\龍泉寺圖書館舊書和結緣書（四）（戒律類）\《四分律拾要鈔》（釋智諭編審；釋聖空、釋慧觀執行編輯；釋慧空、釋慧洵、釋慧觀、釋慧經、釋慧甫、釋慧翔編輯）（西蓮淨苑出版）（1987年初版、1989年再版、1990年三版、1991年四版宗學社文化事業有限公司承印）.pdf
CreateFile(文件名、目录名或卷标语法不正确。123) : X:\disks\027\A.非媒体文件1.0-disk1\02.机构资源\机构\大国学基金会115（已有）\佛书批量 1-41\31-41\佛书批量39\龍泉寺圖書館舊書和結緣書（四）（戒律類）\《四分律比丘尼戒相表記》（1944年慈舟大師敘；1943年比丘尼勝雨序；1957年比丘尼通顯再版序；四分律比丘尼戒本出曇無德部，[姚秦]三藏佛陀耶舍共竺佛 念譯；[明]讀體律師依藏重刻）（2010年臺灣信利印製有限公司印）.pdf
CreateFile(文件名、目录名或卷标语法不正确。123) : X:\disks\027\A.非媒体文件1.0-disk1\02.机构资源\机构\大国学基金会115（已有）\佛书批量 1-41\31-41\佛书批量39\龍泉寺圖書館舊書和結緣書（四）（戒律類）\《弥勒三经》（佛说观弥勒菩萨上生兜率天经[宋]士沮渠京声 译；佛说弥勒下生经[西晋]竺发护 译；佛说弥勒大成佛经[姚秦]鸠摩罗什 译）（河北省佛教协会虚云印经功德藏中国佛教网——印经部出版）（南宫印刷责任有限公司印刷）.pdf
CreateFile(文件名、目录名或卷标语法不正确。123) : X:\disks\027\A.非媒体文件1.0-disk1\02.机构资源\机构\大国学基金会115（已有）\佛书批量 1-41\31-41\佛书批量39\龍泉寺圖書館舊書和結緣書（四）（戒律類）\《淨心誡觀法》（[唐]道宣律師著；[宋]允堪律師科；校注冠科本；1045年允堪序；[宋]沙門元照序；校著者：釋法藏）（法妙印經會倡印）（1999年初版、2008年出版三刷影響力廣告有限公司承印）.pdf
CreateFile(文件名、目录名或卷标语法不正确。123) : X:\disks\027\A.非媒体文件1.0-disk1\02.机构资源\机构\大国学基金会115（已有）\佛书批量 1-41\31-41\佛书批量39\龍泉寺圖書館舊書和結緣書（四）（戒律類）\《菩薩戒本記、菩薩戒本宗要、菩薩戒羯磨記、攝大乘義章、百法明門論疏、藥師經古跡、梵網經古跡》（[唐]遁倫、太賢、道基、義忠、撰，1919~1921年北京刻經處刊）（1977年第一版、1995年第二版臺灣新文豐出版有限公司）.pdf
CreateDirectory(文件名、目录名或卷标语法不正确。123) : X:\disks\027\A.非媒体文件1.0-disk1\02.机构资源\机构\大国学基金会115（已有）\早期已陆续共享过的部分海外佛书古籍批量1-2\早期已陆续共享过的部分海外佛书古籍批量1\漢喃古籍網站（越南國家圖書館藏佛教古籍43份）\nlvnpf-0456《三經日誦》（《四十二章經（含頌）》《遺教經（含注）》《溈山警策》）（沙彌釋在在撰述）（越南明命十壹年歲在庚寅[1830]上福報國寺刊）（越南國家圖書館藏，漢喃古籍網站公佈）
CreateFile(系统找不到指定的路径。3) : X:\disks\027\A.非媒体文件1.0-disk1\02.机构资源\机构\大国学基金会115（已有）\早期已陆续共享过的部分海外佛书古籍批量1-2\早期已陆续共享过的部分海外佛书古籍批量1\漢喃古籍網站（越南國家圖書館藏佛教古籍43份）\nlvnpf-0456《三經日誦》（《四十二章經（含頌）》《遺教經（含注）》《溈山警策》）（沙彌釋在在撰述）（越南明命十壹年歲在庚寅[1830]上福報國寺刊）（越南國家圖書館藏，漢喃古籍網站公佈）\607.html
CreateDirectory(系统找不到指定的路径。3) : X:\disks\027\A.非媒体文件1.0-disk1\02.机构资源\机构\大国学基金会115（已有）\早期已陆续共享过的部分海外佛书古籍批量1-2\早期已陆续共享过的部分海外佛书古籍批量1\漢喃古籍網站（越南國家圖書館藏佛教古籍43份）\nlvnpf-0456《三經日誦》（《四十二章經（含頌）》《遺教經（含注）》《溈山警策》）（沙彌釋在在撰述）（越南明命十壹年歲在庚寅[1830]上福報國寺刊）（越南國家圖書館藏，漢喃古籍網站公佈）\01
CreateFile(系统找不到指定的路径。3) : X:\disks\027\A.非媒体文件1.0-disk1\02.机构资源\机构\大国学基金会115（已有）\早期已陆续共享过的部分海外佛书古籍批量1-2\早期已陆续共享过的部分海外佛书古籍批量1\漢喃古籍網站（越南國家圖書館藏佛教古籍43份）\nlvnpf-0456《三經日誦》（《四十二章經（含頌）》《遺教經（含注）》《溈山警策》）（沙彌釋在在撰述）（越南明命十壹年歲在庚寅[1830]上福報國寺刊）（越南國家圖書館藏，漢喃古籍網站公佈）\01\001.jpg
CreateFile(系统找不到指定的路径。3) : X:\disks\027\A.非媒体文件1.0-disk1\02.机构资源\机构\大国学基金会115（已有）\早期已陆续共享过的部分海外佛书古籍批量1-2\早期已陆续共享过的部分海外佛书古籍批量1\漢喃古籍網站（越南國家圖書館藏佛教古籍43份）\nlvnpf-0456《三經日誦》（《四十二章經（含頌）》《遺教經（含注）》《溈山警策》）（沙彌釋在在撰述）（越南明命十壹年歲在庚寅[1830]上福報國寺刊）（越南國家圖書館藏，漢喃古籍網站公佈）\01\002.jpg
CreateFile(系统找不到指定的路径。3) : X:\disks\027\A.非媒体文件1.0-disk1\02.机构资源\机构\大国学基金会115（已有）\早期已陆续共享过的部分海外佛书古籍批量1-2\早期已陆续共享过的部分海外佛书古籍批量1\漢喃古籍網站（越南國家圖書館藏佛教古籍43份）\nlvnpf-0456《三經日誦》（《四十二章經（含頌）》《遺教經（含注）》《溈山警策》）（沙彌釋在在撰述）（越南明命十壹年歲在庚寅[1830]上福報國寺刊）（越南國家圖書館藏，漢喃古籍網站公佈）\01\003.jpg
CreateFile(系统找不到指定的路径。3) : X:\disks\027\A.非媒体文件1.0-disk1\02.机构资源\机构\大国学基金会115（已有）\早期已陆续共享过的部分海外佛书古籍批量1-2\早期已陆续共享过的部分海外佛书古籍批量1\漢喃古籍網站（越南國家圖書館藏佛教古籍43份）\nlvnpf-0456《三經日誦》（《四十二章經（含頌）》《遺教經（含注）》《溈山警策》）（沙彌釋在在撰述）（越南明命十壹年歲在庚寅[1830]上福報國寺刊）（越南國家圖書館藏，漢喃古籍網站公佈）\01\004.jpg
CreateFile(系统找不到指定的路径。3) : X:\disks\027\A.非媒体文件1.0-disk1\02.机构资源\机构\大国学基金会115（已有）\早期已陆续共享过的部分海外佛书古籍批量1-2\早期已陆续共享过的部分海外佛书古籍批量1\漢喃古籍網站（越南國家圖書館藏佛教古籍43份）\nlvnpf-0456《三經日誦》（《四十二章經（含頌）》《遺教經（含注）》《溈山警策》）（沙彌釋在在撰述）（越南明命十壹年歲在庚寅[1830]上福報國寺刊）（越南國家圖書館藏，漢喃古籍網站公佈）\01\005.jpg
CreateFile(系统找不到指定的路径。3) : X:\disks\027\A.非媒体文件1.0-disk1\02.机构资源\机构\大国学基金会115（已有）\早期已陆续共享过的部分海外佛书古籍批量1-2\早期已陆续共享过的部分海外佛书古籍批量1\漢喃古籍網站（越南國家圖書館藏佛教古籍43份）\nlvnpf-0456《三經日誦》（《四十二章經（含頌）》《遺教經（含注）》《溈山警策》）（沙彌釋在在撰述）（越南明命十壹年歲在庚寅[1830]上福報國寺刊）（越南國家圖書館藏，漢喃古籍網站公佈）\01\006.jpg
CreateFile(系统找不到指定的路径。3) : X:\disks\027\A.非媒体文件1.0-disk1\02.机构资源\机构\大国学基金会115（已有）\早期已陆续共享过的部分海外佛书古籍批量1-2\早期已陆续共享过的部分海外佛书古籍批量1\漢喃古籍網站（越南國家圖書館藏佛教古籍43份）\nlvnpf-0456《三經日誦》（《四十二章經（含頌）》《遺教經（含注）》《溈山警策》）（沙彌釋在在撰述）（越南明命十壹年歲在庚寅[1830]上福報國寺刊）（越南國家圖書館藏，漢喃古籍網站公佈）\01\007.jpg
CreateFile(系统找不到指定的路径。3) : X:\disks\027\A.非媒体文件1.0-disk1\02.机构资源\机构\大国学基金会115（已有）\早期已陆续共享过的部分海外佛书古籍批量1-2\早期已陆续共享过的部分海外佛书古籍批量1\漢喃古籍網站（越南國家圖書館藏佛教古籍43份）\nlvnpf-0456《三經日誦》（《四十二章經（含頌）》《遺教經（含注）》《溈山警策》）（沙彌釋在在撰述）（越南明命十壹年歲在庚寅[1830]上福報國寺刊）（越南國家圖書館藏，漢喃古籍網站公佈）\01\008.jpg
CreateFile(系统找不到指定的路径。3) : X:\disks\027\A.非媒体文件1.0-disk1\02.机构资源\机构\大国学基金会115（已有）\早期已陆续共享过的部分海外佛书古籍批量1-2\早期已陆续共享过的部分海外佛书古籍批量1\漢喃古籍網站（越南國家圖書館藏佛教古籍43份）\nlvnpf-0456《三經日誦》（《四十二章經（含頌）》《遺教經（含注）》《溈山警策》）（沙彌釋在在撰述）（越南明命十壹年歲在庚寅[1830]上福報國寺刊）（越南國家圖書館藏，漢喃古籍網站公佈）\01\009.jpg
CreateFile(系统找不到指定的路径。3) : X:\disks\027\A.非媒体文件1.0-disk1\02.机构资源\机构\大国学基金会115（已有）\早期已陆续共享过的部分海外佛书古籍批量1-2\早期已陆续共享过的部分海外佛书古籍批量1\漢喃古籍網站（越南國家圖書館藏佛教古籍43份）\nlvnpf-0456《三經日誦》（《四十二章經（含頌）》《遺教經（含注）》《溈山警策》）（沙彌釋在在撰述）（越南明命十壹年歲在庚寅[1830]上福報國寺刊）（越南國家圖書館藏，漢喃古籍網站公佈）\01\010.jpg
CreateFile(系统找不到指定的路径。3) : X:\disks\027\A.非媒体文件1.0-disk1\02.机构资源\机构\大国学基金会115（已有）\早期已陆续共享过的部分海外佛书古籍批量1-2\早期已陆续共享过的部分海外佛书古籍批量1\漢喃古籍網站（越南國家圖書館藏佛教古籍43份）\nlvnpf-0456《三經日誦》（《四十二章經（含頌）》《遺教經（含注）》《溈山警策》）（沙彌釋在在撰述）（越南明命十壹年歲在庚寅[1830]上福報國寺刊）（越南國家圖書館藏，漢喃古籍網站公佈）\01\011.jpg
CreateFile(系统找不到指定的路径。3) : X:\disks\027\A.非媒体文件1.0-disk1\02.机构资源\机构\大国学基金会115（已有）\早期已陆续共享过的部分海外佛书古籍批量1-2\早期已陆续共享过的部分海外佛书古籍批量1\漢喃古籍網站（越南國家圖書館藏佛教古籍43份）\nlvnpf-0456《三經日誦》（《四十二章經（含頌）》《遺教經（含注）》《溈山警策》）（沙彌釋在在撰述）（越南明命十壹年歲在庚寅[1830]上福報國寺刊）（越南國家圖書館藏，漢喃古籍網站公佈）\01\012.jpg
CreateFile(系统找不到指定的路径。3) : X:\disks\027\A.非媒体文件1.0-disk1\02.机构资源\机构\大国学基金会115（已有）\早期已陆续共享过的部分海外佛书古籍批量1-2\早期已陆续共享过的部分海外佛书古籍批量1\漢喃古籍網站（越南國家圖書館藏佛教古籍43份）\nlvnpf-0456《三經日誦》（《四十二章經（含頌）》《遺教經（含注）》《溈山警策》）（沙彌釋在在撰述）（越南明命十壹年歲在庚寅[1830]上福報國寺刊）（越南國家圖書館藏，漢喃古籍網站公佈）\01\013.jpg
CreateFile(系统找不到指定的路径。3) : X:\disks\027\A.非媒体文件1.0-disk1\02.机构资源\机构\大国学基金会115（已有）\早期已陆续共享过的部分海外佛书古籍批量1-2\早期已陆续共享过的部分海外佛书古籍批量1\漢喃古籍網站（越南國家圖書館藏佛教古籍43份）\nlvnpf-0456《三經日誦》（《四十二章經（含頌）》《遺教經（含注）》《溈山警策》）（沙彌釋在在撰述）（越南明命十壹年歲在庚寅[1830]上福報國寺刊）（越南國家圖書館藏，漢喃古籍網站公佈）\01\014.jpg
CreateFile(系统找不到指定的路径。3) : X:\disks\027\A.非媒体文件1.0-disk1\02.机构资源\机构\大国学基金会115（已有）\早期已陆续共享过的部分海外佛书古籍批量1-2\早期已陆续共享过的部分海外佛书古籍批量1\漢喃古籍網站（越南國家圖書館藏佛教古籍43份）\nlvnpf-0456《三經日誦》（《四十二章經（含頌）》《遺教經（含注）》《溈山警策》）（沙彌釋在在撰述）（越南明命十壹年歲在庚寅[1830]上福報國寺刊）（越南國家圖書館藏，漢喃古籍網站公佈）\01\015.jpg
CreateFile(系统找不到指定的路径。3) : X:\disks\027\A.非媒体文件1.0-disk1\02.机构资源\机构\大国学基金会115（已有）\早期已陆续共享过的部分海外佛书古籍批量1-2\早期已陆续共享过的部分海外佛书古籍批量1\漢喃古籍網站（越南國家圖書館藏佛教古籍43份）\nlvnpf-0456《三經日誦》（《四十二章經（含頌）》《遺教經（含注）》《溈山警策》）（沙彌釋在在撰述）（越南明命十壹年歲在庚寅[1830]上福報國寺刊）（越南國家圖書館藏，漢喃古籍網站公佈）\01\016.jpg
CreateFile(系统找不到指定的路径。3) : X:\disks\027\A.非媒体文件1.0-disk1\02.机构资源\机构\大国学基金会115（已有）\早期已陆续共享过的部分海外佛书古籍批量1-2\早期已陆续共享过的部分海外佛书古籍批量1\漢喃古籍網站（越南國家圖書館藏佛教古籍43份）\nlvnpf-0456《三經日誦》（《四十二章經（含頌）》《遺教經（含注）》《溈山警策》）（沙彌釋在在撰述）（越南明命十壹年歲在庚寅[1830]上福報國寺刊）（越南國家圖書館藏，漢喃古籍網站公佈）\01\017.jpg
CreateFile(系统找不到指定的路径。3) : X:\disks\027\A.非媒体文件1.0-disk1\02.机构资源\机构\大国学基金会115（已有）\早期已陆续共享过的部分海外佛书古籍批量1-2\早期已陆续共享过的部分海外佛书古籍批量1\漢喃古籍網站（越南國家圖書館藏佛教古籍43份）\nlvnpf-0456《三經日誦》（《四十二章經（含頌）》《遺教經（含注）》《溈山警策》）（沙彌釋在在撰述）（越南明命十壹年歲在庚寅[1830]上福報國寺刊）（越南國家圖書館藏，漢喃古籍網站公佈）\01\018.jpg
CreateFile(系统找不到指定的路径。3) : X:\disks\027\A.非媒体文件1.0-disk1\02.机构资源\机构\大国学基金会115（已有）\早期已陆续共享过的部分海外佛书古籍批量1-2\早期已陆续共享过的部分海外佛书古籍批量1\漢喃古籍網站（越南國家圖書館藏佛教古籍43份）\nlvnpf-0456《三經日誦》（《四十二章經（含頌）》《遺教經（含注）》《溈山警策》）（沙彌釋在在撰述）（越南明命十壹年歲在庚寅[1830]上福報國寺刊）（越南國家圖書館藏，漢喃古籍網站公佈）\01\019.jpg
CreateFile(系统找不到指定的路径。3) : X:\disks\027\A.非媒体文件1.0-disk1\02.机构资源\机构\大国学基金会115（已有）\早期已陆续共享过的部分海外佛书古籍批量1-2\早期已陆续共享过的部分海外佛书古籍批量1\漢喃古籍網站（越南國家圖書館藏佛教古籍43份）\nlvnpf-0456《三經日誦》（《四十二章經（含頌）》《遺教經（含注）》《溈山警策》）（沙彌釋在在撰述）（越南明命十壹年歲在庚寅[1830]上福報國寺刊）（越南國家圖書館藏，漢喃古籍網站公佈）\01\020.jpg
CreateFile(系统找不到指定的路径。3) : X:\disks\027\A.非媒体文件1.0-disk1\02.机构资源\机构\大国学基金会115（已有）\早期已陆续共享过的部分海外佛书古籍批量1-2\早期已陆续共享过的部分海外佛书古籍批量1\漢喃古籍網站（越南國家圖書館藏佛教古籍43份）\nlvnpf-0456《三經日誦》（《四十二章經（含頌）》《遺教經（含注）》《溈山警策》）（沙彌釋在在撰述）（越南明命十壹年歲在庚寅[1830]上福報國寺刊）（越南國家圖書館藏，漢喃古籍網站公佈）\01\021.jpg
CreateFile(系统找不到指定的路径。3) : X:\disks\027\A.非媒体文件1.0-disk1\02.机构资源\机构\大国学基金会115（已有）\早期已陆续共享过的部分海外佛书古籍批量1-2\早期已陆续共享过的部分海外佛书古籍批量1\漢喃古籍網站（越南國家圖書館藏佛教古籍43份）\nlvnpf-0456《三經日誦》（《四十二章經（含頌）》《遺教經（含注）》《溈山警策》）（沙彌釋在在撰述）（越南明命十壹年歲在庚寅[1830]上福報國寺刊）（越南國家圖書館藏，漢喃古籍網站公佈）\01\022.jpg
CreateFile(系统找不到指定的路径。3) : X:\disks\027\A.非媒体文件1.0-disk1\02.机构资源\机构\大国学基金会115（已有）\早期已陆续共享过的部分海外佛书古籍批量1-2\早期已陆续共享过的部分海外佛书古籍批量1\漢喃古籍網站（越南國家圖書館藏佛教古籍43份）\nlvnpf-0456《三經日誦》（《四十二章經（含頌）》《遺教經（含注）》《溈山警策》）（沙彌釋在在撰述）（越南明命十壹年歲在庚寅[1830]上福報國寺刊）（越南國家圖書館藏，漢喃古籍網站公佈）\01\023.jpg
CreateFile(系统找不到指定的路径。3) : X:\disks\027\A.非媒体文件1.0-disk1\02.机构资源\机构\大国学基金会115（已有）\早期已陆续共享过的部分海外佛书古籍批量1-2\早期已陆续共享过的部分海外佛书古籍批量1\漢喃古籍網站（越南國家圖書館藏佛教古籍43份）\nlvnpf-0456《三經日誦》（《四十二章經（含頌）》《遺教經（含注）》《溈山警策》）（沙彌釋在在撰述）（越南明命十壹年歲在庚寅[1830]上福報國寺刊）（越南國家圖書館藏，漢喃古籍網站公佈）\01\024.jpg
CreateFile(系统找不到指定的路径。3) : X:\disks\027\A.非媒体文件1.0-disk1\02.机构资源\机构\大国学基金会115（已有）\早期已陆续共享过的部分海外佛书古籍批量1-2\早期已陆续共享过的部分海外佛书古籍批量1\漢喃古籍網站（越南國家圖書館藏佛教古籍43份）\nlvnpf-0456《三經日誦》（《四十二章經（含頌）》《遺教經（含注）》《溈山警策》）（沙彌釋在在撰述）（越南明命十壹年歲在庚寅[1830]上福報國寺刊）（越南國家圖書館藏，漢喃古籍網站公佈）\01\025.jpg
CreateFile(系统找不到指定的路径。3) : X:\disks\027\A.非媒体文件1.0-disk1\02.机构资源\机构\大国学基金会115（已有）\早期已陆续共享过的部分海外佛书古籍批量1-2\早期已陆续共享过的部分海外佛书古籍批量1\漢喃古籍網站（越南國家圖書館藏佛教古籍43份）\nlvnpf-0456《三經日誦》（《四十二章經（含頌）》《遺教經（含注）》《溈山警策》）（沙彌釋在在撰述）（越南明命十壹年歲在庚寅[1830]上福報國寺刊）（越南國家圖書館藏，漢喃古籍網站公佈）\01\026.jpg
CreateFile(系统找不到指定的路径。3) : X:\disks\027\A.非媒体文件1.0-disk1\02.机构资源\机构\大国学基金会115（已有）\早期已陆续共享过的部分海外佛书古籍批量1-2\早期已陆续共享过的部分海外佛书古籍批量1\漢喃古籍網站（越南國家圖書館藏佛教古籍43份）\nlvnpf-0456《三經日誦》（《四十二章經（含頌）》《遺教經（含注）》《溈山警策》）（沙彌釋在在撰述）（越南明命十壹年歲在庚寅[1830]上福報國寺刊）（越南國家圖書館藏，漢喃古籍網站公佈）\01\027.jpg
CreateFile(系统找不到指定的路径。3) : X:\disks\027\A.非媒体文件1.0-disk1\02.机构资源\机构\大国学基金会115（已有）\早期已陆续共享过的部分海外佛书古籍批量1-2\早期已陆续共享过的部分海外佛书古籍批量1\漢喃古籍網站（越南國家圖書館藏佛教古籍43份）\nlvnpf-0456《三經日誦》（《四十二章經（含頌）》《遺教經（含注）》《溈山警策》）（沙彌釋在在撰述）（越南明命十壹年歲在庚寅[1830]上福報國寺刊）（越南國家圖書館藏，漢喃古籍網站公佈）\01\028.jpg
CreateFile(系统找不到指定的路径。3) : X:\disks\027\A.非媒体文件1.0-disk1\02.机构资源\机构\大国学基金会115（已有）\早期已陆续共享过的部分海外佛书古籍批量1-2\早期已陆续共享过的部分海外佛书古籍批量1\漢喃古籍網站（越南國家圖書館藏佛教古籍43份）\nlvnpf-0456《三經日誦》（《四十二章經（含頌）》《遺教經（含注）》《溈山警策》）（沙彌釋在在撰述）（越南明命十壹年歲在庚寅[1830]上福報國寺刊）（越南國家圖書館藏，漢喃古籍網站公佈）\01\029.jpg
CreateFile(系统找不到指定的路径。3) : X:\disks\027\A.非媒体文件1.0-disk1\02.机构资源\机构\大国学基金会115（已有）\早期已陆续共享过的部分海外佛书古籍批量1-2\早期已陆续共享过的部分海外佛书古籍批量1\漢喃古籍網站（越南國家圖書館藏佛教古籍43份）\nlvnpf-0456《三經日誦》（《四十二章經（含頌）》《遺教經（含注）》《溈山警策》）（沙彌釋在在撰述）（越南明命十壹年歲在庚寅[1830]上福報國寺刊）（越南國家圖書館藏，漢喃古籍網站公佈）\01\030.jpg
CreateFile(系统找不到指定的路径。3) : X:\disks\027\A.非媒体文件1.0-disk1\02.机构资源\机构\大国学基金会115（已有）\早期已陆续共享过的部分海外佛书古籍批量1-2\早期已陆续共享过的部分海外佛书古籍批量1\漢喃古籍網站（越南國家圖書館藏佛教古籍43份）\nlvnpf-0456《三經日誦》（《四十二章經（含頌）》《遺教經（含注）》《溈山警策》）（沙彌釋在在撰述）（越南明命十壹年歲在庚寅[1830]上福報國寺刊）（越南國家圖書館藏，漢喃古籍網站公佈）\01\031.jpg
CreateFile(系统找不到指定的路径。3) : X:\disks\027\A.非媒体文件1.0-disk1\02.机构资源\机构\大国学基金会115（已有）\早期已陆续共享过的部分海外佛书古籍批量1-2\早期已陆续共享过的部分海外佛书古籍批量1\漢喃古籍網站（越南國家圖書館藏佛教古籍43份）\nlvnpf-0456《三經日誦》（《四十二章經（含頌）》《遺教經（含注）》《溈山警策》）（沙彌釋在在撰述）（越南明命十壹年歲在庚寅[1830]上福報國寺刊）（越南國家圖書館藏，漢喃古籍網站公佈）\01\032.jpg
CreateFile(系统找不到指定的路径。3) : X:\disks\027\A.非媒体文件1.0-disk1\02.机构资源\机构\大国学基金会115（已有）\早期已陆续共享过的部分海外佛书古籍批量1-2\早期已陆续共享过的部分海外佛书古籍批量1\漢喃古籍網站（越南國家圖書館藏佛教古籍43份）\nlvnpf-0456《三經日誦》（《四十二章經（含頌）》《遺教經（含注）》《溈山警策》）（沙彌釋在在撰述）（越南明命十壹年歲在庚寅[1830]上福報國寺刊）（越南國家圖書館藏，漢喃古籍網站公佈）\01\033.jpg
CreateFile(系统找不到指定的路径。3) : X:\disks\027\A.非媒体文件1.0-disk1\02.机构资源\机构\大国学基金会115（已有）\早期已陆续共享过的部分海外佛书古籍批量1-2\早期已陆续共享过的部分海外佛书古籍批量1\漢喃古籍網站（越南國家圖書館藏佛教古籍43份）\nlvnpf-0456《三經日誦》（《四十二章經（含頌）》《遺教經（含注）》《溈山警策》）（沙彌釋在在撰述）（越南明命十壹年歲在庚寅[1830]上福報國寺刊）（越南國家圖書館藏，漢喃古籍網站公佈）\01\034.jpg
CreateFile(系统找不到指定的路径。3) : X:\disks\027\A.非媒体文件1.0-disk1\02.机构资源\机构\大国学基金会115（已有）\早期已陆续共享过的部分海外佛书古籍批量1-2\早期已陆续共享过的部分海外佛书古籍批量1\漢喃古籍網站（越南國家圖書館藏佛教古籍43份）\nlvnpf-0456《三經日誦》（《四十二章經（含頌）》《遺教經（含注）》《溈山警策》）（沙彌釋在在撰述）（越南明命十壹年歲在庚寅[1830]上福報國寺刊）（越南國家圖書館藏，漢喃古籍網站公佈）\01\035.jpg
CreateFile(系统找不到指定的路径。3) : X:\disks\027\A.非媒体文件1.0-disk1\02.机构资源\机构\大国学基金会115（已有）\早期已陆续共享过的部分海外佛书古籍批量1-2\早期已陆续共享过的部分海外佛书古籍批量1\漢喃古籍網站（越南國家圖書館藏佛教古籍43份）\nlvnpf-0456《三經日誦》（《四十二章經（含頌）》《遺教經（含注）》《溈山警策》）（沙彌釋在在撰述）（越南明命十壹年歲在庚寅[1830]上福報國寺刊）（越南國家圖書館藏，漢喃古籍網站公佈）\01\036.jpg
CreateFile(系统找不到指定的路径。3) : X:\disks\027\A.非媒体文件1.0-disk1\02.机构资源\机构\大国学基金会115（已有）\早期已陆续共享过的部分海外佛书古籍批量1-2\早期已陆续共享过的部分海外佛书古籍批量1\漢喃古籍網站（越南國家圖書館藏佛教古籍43份）\nlvnpf-0456《三經日誦》（《四十二章經（含頌）》《遺教經（含注）》《溈山警策》）（沙彌釋在在撰述）（越南明命十壹年歲在庚寅[1830]上福報國寺刊）（越南國家圖書館藏，漢喃古籍網站公佈）\01\037.jpg
CreateFile(系统找不到指定的路径。3) : X:\disks\027\A.非媒体文件1.0-disk1\02.机构资源\机构\大国学基金会115（已有）\早期已陆续共享过的部分海外佛书古籍批量1-2\早期已陆续共享过的部分海外佛书古籍批量1\漢喃古籍網站（越南國家圖書館藏佛教古籍43份）\nlvnpf-0456《三經日誦》（《四十二章經（含頌）》《遺教經（含注）》《溈山警策》）（沙彌釋在在撰述）（越南明命十壹年歲在庚寅[1830]上福報國寺刊）（越南國家圖書館藏，漢喃古籍網站公佈）\01\038.jpg
CreateFile(系统找不到指定的路径。3) : X:\disks\027\A.非媒体文件1.0-disk1\02.机构资源\机构\大国学基金会115（已有）\早期已陆续共享过的部分海外佛书古籍批量1-2\早期已陆续共享过的部分海外佛书古籍批量1\漢喃古籍網站（越南國家圖書館藏佛教古籍43份）\nlvnpf-0456《三經日誦》（《四十二章經（含頌）》《遺教經（含注）》《溈山警策》）（沙彌釋在在撰述）（越南明命十壹年歲在庚寅[1830]上福報國寺刊）（越南國家圖書館藏，漢喃古籍網站公佈）\01\039.jpg
CreateFile(系统找不到指定的路径。3) : X:\disks\027\A.非媒体文件1.0-disk1\02.机构资源\机构\大国学基金会115（已有）\早期已陆续共享过的部分海外佛书古籍批量1-2\早期已陆续共享过的部分海外佛书古籍批量1\漢喃古籍網站（越南國家圖書館藏佛教古籍43份）\nlvnpf-0456《三經日誦》（《四十二章經（含頌）》《遺教經（含注）》《溈山警策》）（沙彌釋在在撰述）（越南明命十壹年歲在庚寅[1830]上福報國寺刊）（越南國家圖書館藏，漢喃古籍網站公佈）\01\040.jpg
CreateFile(系统找不到指定的路径。3) : X:\disks\027\A.非媒体文件1.0-disk1\02.机构资源\机构\大国学基金会115（已有）\早期已陆续共享过的部分海外佛书古籍批量1-2\早期已陆续共享过的部分海外佛书古籍批量1\漢喃古籍網站（越南國家圖書館藏佛教古籍43份）\nlvnpf-0456《三經日誦》（《四十二章經（含頌）》《遺教經（含注）》《溈山警策》）（沙彌釋在在撰述）（越南明命十壹年歲在庚寅[1830]上福報國寺刊）（越南國家圖書館藏，漢喃古籍網站公佈）\01\041.jpg
CreateFile(系统找不到指定的路径。3) : X:\disks\027\A.非媒体文件1.0-disk1\02.机构资源\机构\大国学基金会115（已有）\早期已陆续共享过的部分海外佛书古籍批量1-2\早期已陆续共享过的部分海外佛书古籍批量1\漢喃古籍網站（越南國家圖書館藏佛教古籍43份）\nlvnpf-0456《三經日誦》（《四十二章經（含頌）》《遺教經（含注）》《溈山警策》）（沙彌釋在在撰述）（越南明命十壹年歲在庚寅[1830]上福報國寺刊）（越南國家圖書館藏，漢喃古籍網站公佈）\01\042.jpg
CreateFile(系统找不到指定的路径。3) : X:\disks\027\A.非媒体文件1.0-disk1\02.机构资源\机构\大国学基金会115（已有）\早期已陆续共享过的部分海外佛书古籍批量1-2\早期已陆续共享过的部分海外佛书古籍批量1\漢喃古籍網站（越南國家圖書館藏佛教古籍43份）\nlvnpf-0456《三經日誦》（《四十二章經（含頌）》《遺教經（含注）》《溈山警策》）（沙彌釋在在撰述）（越南明命十壹年歲在庚寅[1830]上福報國寺刊）（越南國家圖書館藏，漢喃古籍網站公佈）\01\043.jpg
CreateFile(系统找不到指定的路径。3) : X:\disks\027\A.非媒体文件1.0-disk1\02.机构资源\机构\大国学基金会115（已有）\早期已陆续共享过的部分海外佛书古籍批量1-2\早期已陆续共享过的部分海外佛书古籍批量1\漢喃古籍網站（越南國家圖書館藏佛教古籍43份）\nlvnpf-0456《三經日誦》（《四十二章經（含頌）》《遺教經（含注）》《溈山警策》）（沙彌釋在在撰述）（越南明命十壹年歲在庚寅[1830]上福報國寺刊）（越南國家圖書館藏，漢喃古籍網站公佈）\01\044.jpg
CreateFile(系统找不到指定的路径。3) : X:\disks\027\A.非媒体文件1.0-disk1\02.机构资源\机构\大国学基金会115（已有）\早期已陆续共享过的部分海外佛书古籍批量1-2\早期已陆续共享过的部分海外佛书古籍批量1\漢喃古籍網站（越南國家圖書館藏佛教古籍43份）\nlvnpf-0456《三經日誦》（《四十二章經（含頌）》《遺教經（含注）》《溈山警策》）（沙彌釋在在撰述）（越南明命十壹年歲在庚寅[1830]上福報國寺刊）（越南國家圖書館藏，漢喃古籍網站公佈）\01\045.jpg
CreateFile(系统找不到指定的路径。3) : X:\disks\027\A.非媒体文件1.0-disk1\02.机构资源\机构\大国学基金会115（已有）\早期已陆续共享过的部分海外佛书古籍批量1-2\早期已陆续共享过的部分海外佛书古籍批量1\漢喃古籍網站（越南國家圖書館藏佛教古籍43份）\nlvnpf-0456《三經日誦》（《四十二章經（含頌）》《遺教經（含注）》《溈山警策》）（沙彌釋在在撰述）（越南明命十壹年歲在庚寅[1830]上福報國寺刊）（越南國家圖書館藏，漢喃古籍網站公佈）\01\046.jpg
CreateFile(系统找不到指定的路径。3) : X:\disks\027\A.非媒体文件1.0-disk1\02.机构资源\机构\大国学基金会115（已有）\早期已陆续共享过的部分海外佛书古籍批量1-2\早期已陆续共享过的部分海外佛书古籍批量1\漢喃古籍網站（越南國家圖書館藏佛教古籍43份）\nlvnpf-0456《三經日誦》（《四十二章經（含頌）》《遺教經（含注）》《溈山警策》）（沙彌釋在在撰述）（越南明命十壹年歲在庚寅[1830]上福報國寺刊）（越南國家圖書館藏，漢喃古籍網站公佈）\01\047.jpg
CreateFile(系统找不到指定的路径。3) : X:\disks\027\A.非媒体文件1.0-disk1\02.机构资源\机构\大国学基金会115（已有）\早期已陆续共享过的部分海外佛书古籍批量1-2\早期已陆续共享过的部分海外佛书古籍批量1\漢喃古籍網站（越南國家圖書館藏佛教古籍43份）\nlvnpf-0456《三經日誦》（《四十二章經（含頌）》《遺教經（含注）》《溈山警策》）（沙彌釋在在撰述）（越南明命十壹年歲在庚寅[1830]上福報國寺刊）（越南國家圖書館藏，漢喃古籍網站公佈）\01\048.jpg
CreateFile(系统找不到指定的路径。3) : X:\disks\027\A.非媒体文件1.0-disk1\02.机构资源\机构\大国学基金会115（已有）\早期已陆续共享过的部分海外佛书古籍批量1-2\早期已陆续共享过的部分海外佛书古籍批量1\漢喃古籍網站（越南國家圖書館藏佛教古籍43份）\nlvnpf-0456《三經日誦》（《四十二章經（含頌）》《遺教經（含注）》《溈山警策》）（沙彌釋在在撰述）（越南明命十壹年歲在庚寅[1830]上福報國寺刊）（越南國家圖書館藏，漢喃古籍網站公佈）\01\049.jpg
CreateFile(系统找不到指定的路径。3) : X:\disks\027\A.非媒体文件1.0-disk1\02.机构资源\机构\大国学基金会115（已有）\早期已陆续共享过的部分海外佛书古籍批量1-2\早期已陆续共享过的部分海外佛书古籍批量1\漢喃古籍網站（越南國家圖書館藏佛教古籍43份）\nlvnpf-0456《三經日誦》（《四十二章經（含頌）》《遺教經（含注）》《溈山警策》）（沙彌釋在在撰述）（越南明命十壹年歲在庚寅[1830]上福報國寺刊）（越南國家圖書館藏，漢喃古籍網站公佈）\01\050.jpg
CreateFile(系统找不到指定的路径。3) : X:\disks\027\A.非媒体文件1.0-disk1\02.机构资源\机构\大国学基金会115（已有）\早期已陆续共享过的部分海外佛书古籍批量1-2\早期已陆续共享过的部分海外佛书古籍批量1\漢喃古籍網站（越南國家圖書館藏佛教古籍43份）\nlvnpf-0456《三經日誦》（《四十二章經（含頌）》《遺教經（含注）》《溈山警策》）（沙彌釋在在撰述）（越南明命十壹年歲在庚寅[1830]上福報國寺刊）（越南國家圖書館藏，漢喃古籍網站公佈）\01\051.jpg
CreateFile(系统找不到指定的路径。3) : X:\disks\027\A.非媒体文件1.0-disk1\02.机构资源\机构\大国学基金会115（已有）\早期已陆续共享过的部分海外佛书古籍批量1-2\早期已陆续共享过的部分海外佛书古籍批量1\漢喃古籍網站（越南國家圖書館藏佛教古籍43份）\nlvnpf-0456《三經日誦》（《四十二章經（含頌）》《遺教經（含注）》《溈山警策》）（沙彌釋在在撰述）（越南明命十壹年歲在庚寅[1830]上福報國寺刊）（越南國家圖書館藏，漢喃古籍網站公佈）\01\052.jpg
CreateFile(系统找不到指定的路径。3) : X:\disks\027\A.非媒体文件1.0-disk1\02.机构资源\机构\大国学基金会115（已有）\早期已陆续共享过的部分海外佛书古籍批量1-2\早期已陆续共享过的部分海外佛书古籍批量1\漢喃古籍網站（越南國家圖書館藏佛教古籍43份）\nlvnpf-0456《三經日誦》（《四十二章經（含頌）》《遺教經（含注）》《溈山警策》）（沙彌釋在在撰述）（越南明命十壹年歲在庚寅[1830]上福報國寺刊）（越南國家圖書館藏，漢喃古籍網站公佈）\01\053.jpg
CreateFile(系统找不到指定的路径。3) : X:\disks\027\A.非媒体文件1.0-disk1\02.机构资源\机构\大国学基金会115（已有）\早期已陆续共享过的部分海外佛书古籍批量1-2\早期已陆续共享过的部分海外佛书古籍批量1\漢喃古籍網站（越南國家圖書館藏佛教古籍43份）\nlvnpf-0456《三經日誦》（《四十二章經（含頌）》《遺教經（含注）》《溈山警策》）（沙彌釋在在撰述）（越南明命十壹年歲在庚寅[1830]上福報國寺刊）（越南國家圖書館藏，漢喃古籍網站公佈）\01\054.jpg
CreateFile(系统找不到指定的路径。3) : X:\disks\027\A.非媒体文件1.0-disk1\02.机构资源\机构\大国学基金会115（已有）\早期已陆续共享过的部分海外佛书古籍批量1-2\早期已陆续共享过的部分海外佛书古籍批量1\漢喃古籍網站（越南國家圖書館藏佛教古籍43份）\nlvnpf-0456《三經日誦》（《四十二章經（含頌）》《遺教經（含注）》《溈山警策》）（沙彌釋在在撰述）（越南明命十壹年歲在庚寅[1830]上福報國寺刊）（越南國家圖書館藏，漢喃古籍網站公佈）\01\055.jpg
CreateFile(系统找不到指定的路径。3) : X:\disks\027\A.非媒体文件1.0-disk1\02.机构资源\机构\大国学基金会115（已有）\早期已陆续共享过的部分海外佛书古籍批量1-2\早期已陆续共享过的部分海外佛书古籍批量1\漢喃古籍網站（越南國家圖書館藏佛教古籍43份）\nlvnpf-0456《三經日誦》（《四十二章經（含頌）》《遺教經（含注）》《溈山警策》）（沙彌釋在在撰述）（越南明命十壹年歲在庚寅[1830]上福報國寺刊）（越南國家圖書館藏，漢喃古籍網站公佈）\01\056.jpg
CreateFile(系统找不到指定的路径。3) : X:\disks\027\A.非媒体文件1.0-disk1\02.机构资源\机构\大国学基金会115（已有）\早期已陆续共享过的部分海外佛书古籍批量1-2\早期已陆续共享过的部分海外佛书古籍批量1\漢喃古籍網站（越南國家圖書館藏佛教古籍43份）\nlvnpf-0456《三經日誦》（《四十二章經（含頌）》《遺教經（含注）》《溈山警策》）（沙彌釋在在撰述）（越南明命十壹年歲在庚寅[1830]上福報國寺刊）（越南國家圖書館藏，漢喃古籍網站公佈）\01\057.jpg
CreateFile(系统找不到指定的路径。3) : X:\disks\027\A.非媒体文件1.0-disk1\02.机构资源\机构\大国学基金会115（已有）\早期已陆续共享过的部分海外佛书古籍批量1-2\早期已陆续共享过的部分海外佛书古籍批量1\漢喃古籍網站（越南國家圖書館藏佛教古籍43份）\nlvnpf-0456《三經日誦》（《四十二章經（含頌）》《遺教經（含注）》《溈山警策》）（沙彌釋在在撰述）（越南明命十壹年歲在庚寅[1830]上福報國寺刊）（越南國家圖書館藏，漢喃古籍網站公佈）\01\058.jpg
CreateFile(系统找不到指定的路径。3) : X:\disks\027\A.非媒体文件1.0-disk1\02.机构资源\机构\大国学基金会115（已有）\早期已陆续共享过的部分海外佛书古籍批量1-2\早期已陆续共享过的部分海外佛书古籍批量1\漢喃古籍網站（越南國家圖書館藏佛教古籍43份）\nlvnpf-0456《三經日誦》（《四十二章經（含頌）》《遺教經（含注）》《溈山警策》）（沙彌釋在在撰述）（越南明命十壹年歲在庚寅[1830]上福報國寺刊）（越南國家圖書館藏，漢喃古籍網站公佈）\01\059.jpg
CreateFile(系统找不到指定的路径。3) : X:\disks\027\A.非媒体文件1.0-disk1\02.机构资源\机构\大国学基金会115（已有）\早期已陆续共享过的部分海外佛书古籍批量1-2\早期已陆续共享过的部分海外佛书古籍批量1\漢喃古籍網站（越南國家圖書館藏佛教古籍43份）\nlvnpf-0456《三經日誦》（《四十二章經（含頌）》《遺教經（含注）》《溈山警策》）（沙彌釋在在撰述）（越南明命十壹年歲在庚寅[1830]上福報國寺刊）（越南國家圖書館藏，漢喃古籍網站公佈）\01\060.jpg
CreateFile(系统找不到指定的路径。3) : X:\disks\027\A.非媒体文件1.0-disk1\02.机构资源\机构\大国学基金会115（已有）\早期已陆续共享过的部分海外佛书古籍批量1-2\早期已陆续共享过的部分海外佛书古籍批量1\漢喃古籍網站（越南國家圖書館藏佛教古籍43份）\nlvnpf-0456《三經日誦》（《四十二章經（含頌）》《遺教經（含注）》《溈山警策》）（沙彌釋在在撰述）（越南明命十壹年歲在庚寅[1830]上福報國寺刊）（越南國家圖書館藏，漢喃古籍網站公佈）\01\061.jpg
CreateFile(系统找不到指定的路径。3) : X:\disks\027\A.非媒体文件1.0-disk1\02.机构资源\机构\大国学基金会115（已有）\早期已陆续共享过的部分海外佛书古籍批量1-2\早期已陆续共享过的部分海外佛书古籍批量1\漢喃古籍網站（越南國家圖書館藏佛教古籍43份）\nlvnpf-0456《三經日誦》（《四十二章經（含頌）》《遺教經（含注）》《溈山警策》）（沙彌釋在在撰述）（越南明命十壹年歲在庚寅[1830]上福報國寺刊）（越南國家圖書館藏，漢喃古籍網站公佈）\01\062.jpg
CreateFile(系统找不到指定的路径。3) : X:\disks\027\A.非媒体文件1.0-disk1\02.机构资源\机构\大国学基金会115（已有）\早期已陆续共享过的部分海外佛书古籍批量1-2\早期已陆续共享过的部分海外佛书古籍批量1\漢喃古籍網站（越南國家圖書館藏佛教古籍43份）\nlvnpf-0456《三經日誦》（《四十二章經（含頌）》《遺教經（含注）》《溈山警策》）（沙彌釋在在撰述）（越南明命十壹年歲在庚寅[1830]上福報國寺刊）（越南國家圖書館藏，漢喃古籍網站公佈）\01\063.jpg
CreateFile(系统找不到指定的路径。3) : X:\disks\027\A.非媒体文件1.0-disk1\02.机构资源\机构\大国学基金会115（已有）\早期已陆续共享过的部分海外佛书古籍批量1-2\早期已陆续共享过的部分海外佛书古籍批量1\漢喃古籍網站（越南國家圖書館藏佛教古籍43份）\nlvnpf-0456《三經日誦》（《四十二章經（含頌）》《遺教經（含注）》《溈山警策》）（沙彌釋在在撰述）（越南明命十壹年歲在庚寅[1830]上福報國寺刊）（越南國家圖書館藏，漢喃古籍網站公佈）\01\064.jpg
CreateFile(系统找不到指定的路径。3) : X:\disks\027\A.非媒体文件1.0-disk1\02.机构资源\机构\大国学基金会115（已有）\早期已陆续共享过的部分海外佛书古籍批量1-2\早期已陆续共享过的部分海外佛书古籍批量1\漢喃古籍網站（越南國家圖書館藏佛教古籍43份）\nlvnpf-0456《三經日誦》（《四十二章經（含頌）》《遺教經（含注）》《溈山警策》）（沙彌釋在在撰述）（越南明命十壹年歲在庚寅[1830]上福報國寺刊）（越南國家圖書館藏，漢喃古籍網站公佈）\01\065.jpg
CreateFile(系统找不到指定的路径。3) : X:\disks\027\A.非媒体文件1.0-disk1\02.机构资源\机构\大国学基金会115（已有）\早期已陆续共享过的部分海外佛书古籍批量1-2\早期已陆续共享过的部分海外佛书古籍批量1\漢喃古籍網站（越南國家圖書館藏佛教古籍43份）\nlvnpf-0456《三經日誦》（《四十二章經（含頌）》《遺教經（含注）》《溈山警策》）（沙彌釋在在撰述）（越南明命十壹年歲在庚寅[1830]上福報國寺刊）（越南國家圖書館藏，漢喃古籍網站公佈）\01\066.jpg
CreateFile(系统找不到指定的路径。3) : X:\disks\027\A.非媒体文件1.0-disk1\02.机构资源\机构\大国学基金会115（已有）\早期已陆续共享过的部分海外佛书古籍批量1-2\早期已陆续共享过的部分海外佛书古籍批量1\漢喃古籍網站（越南國家圖書館藏佛教古籍43份）\nlvnpf-0456《三經日誦》（《四十二章經（含頌）》《遺教經（含注）》《溈山警策》）（沙彌釋在在撰述）（越南明命十壹年歲在庚寅[1830]上福報國寺刊）（越南國家圖書館藏，漢喃古籍網站公佈）\01\067.jpg
CreateFile(系统找不到指定的路径。3) : X:\disks\027\A.非媒体文件1.0-disk1\02.机构资源\机构\大国学基金会115（已有）\早期已陆续共享过的部分海外佛书古籍批量1-2\早期已陆续共享过的部分海外佛书古籍批量1\漢喃古籍網站（越南國家圖書館藏佛教古籍43份）\nlvnpf-0456《三經日誦》（《四十二章經（含頌）》《遺教經（含注）》《溈山警策》）（沙彌釋在在撰述）（越南明命十壹年歲在庚寅[1830]上福報國寺刊）（越南國家圖書館藏，漢喃古籍網站公佈）\01\068.jpg
CreateFile(系统找不到指定的路径。3) : X:\disks\027\A.非媒体文件1.0-disk1\02.机构资源\机构\大国学基金会115（已有）\早期已陆续共享过的部分海外佛书古籍批量1-2\早期已陆续共享过的部分海外佛书古籍批量1\漢喃古籍網站（越南國家圖書館藏佛教古籍43份）\nlvnpf-0456《三經日誦》（《四十二章經（含頌）》《遺教經（含注）》《溈山警策》）（沙彌釋在在撰述）（越南明命十壹年歲在庚寅[1830]上福報國寺刊）（越南國家圖書館藏，漢喃古籍網站公佈）\01\069.jpg
CreateFile(系统找不到指定的路径。3) : X:\disks\027\A.非媒体文件1.0-disk1\02.机构资源\机构\大国学基金会115（已有）\早期已陆续共享过的部分海外佛书古籍批量1-2\早期已陆续共享过的部分海外佛书古籍批量1\漢喃古籍網站（越南國家圖書館藏佛教古籍43份）\nlvnpf-0456《三經日誦》（《四十二章經（含頌）》《遺教經（含注）》《溈山警策》）（沙彌釋在在撰述）（越南明命十壹年歲在庚寅[1830]上福報國寺刊）（越南國家圖書館藏，漢喃古籍網站公佈）\01\070.jpg
CreateFile(系统找不到指定的路径。3) : X:\disks\027\A.非媒体文件1.0-disk1\02.机构资源\机构\大国学基金会115（已有）\早期已陆续共享过的部分海外佛书古籍批量1-2\早期已陆续共享过的部分海外佛书古籍批量1\漢喃古籍網站（越南國家圖書館藏佛教古籍43份）\nlvnpf-0456《三經日誦》（《四十二章經（含頌）》《遺教經（含注）》《溈山警策》）（沙彌釋在在撰述）（越南明命十壹年歲在庚寅[1830]上福報國寺刊）（越南國家圖書館藏，漢喃古籍網站公佈）\01\071.jpg
CreateFile(系统找不到指定的路径。3) : X:\disks\027\A.非媒体文件1.0-disk1\02.机构资源\机构\大国学基金会115（已有）\早期已陆续共享过的部分海外佛书古籍批量1-2\早期已陆续共享过的部分海外佛书古籍批量1\漢喃古籍網站（越南國家圖書館藏佛教古籍43份）\nlvnpf-0456《三經日誦》（《四十二章經（含頌）》《遺教經（含注）》《溈山警策》）（沙彌釋在在撰述）（越南明命十壹年歲在庚寅[1830]上福報國寺刊）（越南國家圖書館藏，漢喃古籍網站公佈）\01\072.jpg
CreateFile(系统找不到指定的路径。3) : X:\disks\027\A.非媒体文件1.0-disk1\02.机构资源\机构\大国学基金会115（已有）\早期已陆续共享过的部分海外佛书古籍批量1-2\早期已陆续共享过的部分海外佛书古籍批量1\漢喃古籍網站（越南國家圖書館藏佛教古籍43份）\nlvnpf-0456《三經日誦》（《四十二章經（含頌）》《遺教經（含注）》《溈山警策》）（沙彌釋在在撰述）（越南明命十壹年歲在庚寅[1830]上福報國寺刊）（越南國家圖書館藏，漢喃古籍網站公佈）\01\073.jpg
CreateFile(系统找不到指定的路径。3) : X:\disks\027\A.非媒体文件1.0-disk1\02.机构资源\机构\大国学基金会115（已有）\早期已陆续共享过的部分海外佛书古籍批量1-2\早期已陆续共享过的部分海外佛书古籍批量1\漢喃古籍網站（越南國家圖書館藏佛教古籍43份）\nlvnpf-0456《三經日誦》（《四十二章經（含頌）》《遺教經（含注）》《溈山警策》）（沙彌釋在在撰述）（越南明命十壹年歲在庚寅[1830]上福報國寺刊）（越南國家圖書館藏，漢喃古籍網站公佈）\01\074.jpg
CreateFile(系统找不到指定的路径。3) : X:\disks\027\A.非媒体文件1.0-disk1\02.机构资源\机构\大国学基金会115（已有）\早期已陆续共享过的部分海外佛书古籍批量1-2\早期已陆续共享过的部分海外佛书古籍批量1\漢喃古籍網站（越南國家圖書館藏佛教古籍43份）\nlvnpf-0456《三經日誦》（《四十二章經（含頌）》《遺教經（含注）》《溈山警策》）（沙彌釋在在撰述）（越南明命十壹年歲在庚寅[1830]上福報國寺刊）（越南國家圖書館藏，漢喃古籍網站公佈）\01\075.jpg
CreateFile(系统找不到指定的路径。3) : X:\disks\027\A.非媒体文件1.0-disk1\02.机构资源\机构\大国学基金会115（已有）\早期已陆续共享过的部分海外佛书古籍批量1-2\早期已陆续共享过的部分海外佛书古籍批量1\漢喃古籍網站（越南國家圖書館藏佛教古籍43份）\nlvnpf-0456《三經日誦》（《四十二章經（含頌）》《遺教經（含注）》《溈山警策》）（沙彌釋在在撰述）（越南明命十壹年歲在庚寅[1830]上福報國寺刊）（越南國家圖書館藏，漢喃古籍網站公佈）\01\076.jpg
CreateFile(系统找不到指定的路径。3) : X:\disks\027\A.非媒体文件1.0-disk1\02.机构资源\机构\大国学基金会115（已有）\早期已陆续共享过的部分海外佛书古籍批量1-2\早期已陆续共享过的部分海外佛书古籍批量1\漢喃古籍網站（越南國家圖書館藏佛教古籍43份）\nlvnpf-0456《三經日誦》（《四十二章經（含頌）》《遺教經（含注）》《溈山警策》）（沙彌釋在在撰述）（越南明命十壹年歲在庚寅[1830]上福報國寺刊）（越南國家圖書館藏，漢喃古籍網站公佈）\01\077.jpg
CreateFile(系统找不到指定的路径。3) : X:\disks\027\A.非媒体文件1.0-disk1\02.机构资源\机构\大国学基金会115（已有）\早期已陆续共享过的部分海外佛书古籍批量1-2\早期已陆续共享过的部分海外佛书古籍批量1\漢喃古籍網站（越南國家圖書館藏佛教古籍43份）\nlvnpf-0456《三經日誦》（《四十二章經（含頌）》《遺教經（含注）》《溈山警策》）（沙彌釋在在撰述）（越南明命十壹年歲在庚寅[1830]上福報國寺刊）（越南國家圖書館藏，漢喃古籍網站公佈）\01\078.jpg
CreateFile(系统找不到指定的路径。3) : X:\disks\027\A.非媒体文件1.0-disk1\02.机构资源\机构\大国学基金会115（已有）\早期已陆续共享过的部分海外佛书古籍批量1-2\早期已陆续共享过的部分海外佛书古籍批量1\漢喃古籍網站（越南國家圖書館藏佛教古籍43份）\nlvnpf-0456《三經日誦》（《四十二章經（含頌）》《遺教經（含注）》《溈山警策》）（沙彌釋在在撰述）（越南明命十壹年歲在庚寅[1830]上福報國寺刊）（越南國家圖書館藏，漢喃古籍網站公佈）\01\079.jpg
CreateFile(系统找不到指定的路径。3) : X:\disks\027\A.非媒体文件1.0-disk1\02.机构资源\机构\大国学基金会115（已有）\早期已陆续共享过的部分海外佛书古籍批量1-2\早期已陆续共享过的部分海外佛书古籍批量1\漢喃古籍網站（越南國家圖書館藏佛教古籍43份）\nlvnpf-0456《三經日誦》（《四十二章經（含頌）》《遺教經（含注）》《溈山警策》）（沙彌釋在在撰述）（越南明命十壹年歲在庚寅[1830]上福報國寺刊）（越南國家圖書館藏，漢喃古籍網站公佈）\01\080.jpg
CreateFile(系统找不到指定的路径。3) : X:\disks\027\A.非媒体文件1.0-disk1\02.机构资源\机构\大国学基金会115（已有）\早期已陆续共享过的部分海外佛书古籍批量1-2\早期已陆续共享过的部分海外佛书古籍批量1\漢喃古籍網站（越南國家圖書館藏佛教古籍43份）\nlvnpf-0456《三經日誦》（《四十二章經（含頌）》《遺教經（含注）》《溈山警策》）（沙彌釋在在撰述）（越南明命十壹年歲在庚寅[1830]上福報國寺刊）（越南國家圖書館藏，漢喃古籍網站公佈）\01\081.jpg
CreateFile(系统找不到指定的路径。3) : X:\disks\027\A.非媒体文件1.0-disk1\02.机构资源\机构\大国学基金会115（已有）\早期已陆续共享过的部分海外佛书古籍批量1-2\早期已陆续共享过的部分海外佛书古籍批量1\漢喃古籍網站（越南國家圖書館藏佛教古籍43份）\nlvnpf-0456《三經日誦》（《四十二章經（含頌）》《遺教經（含注）》《溈山警策》）（沙彌釋在在撰述）（越南明命十壹年歲在庚寅[1830]上福報國寺刊）（越南國家圖書館藏，漢喃古籍網站公佈）\01\082.jpg
CreateFile(系统找不到指定的路径。3) : X:\disks\027\A.非媒体文件1.0-disk1\02.机构资源\机构\大国学基金会115（已有）\早期已陆续共享过的部分海外佛书古籍批量1-2\早期已陆续共享过的部分海外佛书古籍批量1\漢喃古籍網站（越南國家圖書館藏佛教古籍43份）\nlvnpf-0456《三經日誦》（《四十二章經（含頌）》《遺教經（含注）》《溈山警策》）（沙彌釋在在撰述）（越南明命十壹年歲在庚寅[1830]上福報國寺刊）（越南國家圖書館藏，漢喃古籍網站公佈）\01\083.jpg
CreateFile(系统找不到指定的路径。3) : X:\disks\027\A.非媒体文件1.0-disk1\02.机构资源\机构\大国学基金会115（已有）\早期已陆续共享过的部分海外佛书古籍批量1-2\早期已陆续共享过的部分海外佛书古籍批量1\漢喃古籍網站（越南國家圖書館藏佛教古籍43份）\nlvnpf-0456《三經日誦》（《四十二章經（含頌）》《遺教經（含注）》《溈山警策》）（沙彌釋在在撰述）（越南明命十壹年歲在庚寅[1830]上福報國寺刊）（越南國家圖書館藏，漢喃古籍網站公佈）\01\084.jpg
CreateFile(系统找不到指定的路径。3) : X:\disks\027\A.非媒体文件1.0-disk1\02.机构资源\机构\大国学基金会115（已有）\早期已陆续共享过的部分海外佛书古籍批量1-2\早期已陆续共享过的部分海外佛书古籍批量1\漢喃古籍網站（越南國家圖書館藏佛教古籍43份）\nlvnpf-0456《三經日誦》（《四十二章經（含頌）》《遺教經（含注）》《溈山警策》）（沙彌釋在在撰述）（越南明命十壹年歲在庚寅[1830]上福報國寺刊）（越南國家圖書館藏，漢喃古籍網站公佈）\01\085.jpg
CreateFile(系统找不到指定的路径。3) : X:\disks\027\A.非媒体文件1.0-disk1\02.机构资源\机构\大国学基金会115（已有）\早期已陆续共享过的部分海外佛书古籍批量1-2\早期已陆续共享过的部分海外佛书古籍批量1\漢喃古籍網站（越南國家圖書館藏佛教古籍43份）\nlvnpf-0456《三經日誦》（《四十二章經（含頌）》《遺教經（含注）》《溈山警策》）（沙彌釋在在撰述）（越南明命十壹年歲在庚寅[1830]上福報國寺刊）（越南國家圖書館藏，漢喃古籍網站公佈）\01\086.jpg
CreateFile(系统找不到指定的路径。3) : X:\disks\027\A.非媒体文件1.0-disk1\02.机构资源\机构\大国学基金会115（已有）\早期已陆续共享过的部分海外佛书古籍批量1-2\早期已陆续共享过的部分海外佛书古籍批量1\漢喃古籍網站（越南國家圖書館藏佛教古籍43份）\nlvnpf-0456《三經日誦》（《四十二章經（含頌）》《遺教經（含注）》《溈山警策》）（沙彌釋在在撰述）（越南明命十壹年歲在庚寅[1830]上福報國寺刊）（越南國家圖書館藏，漢喃古籍網站公佈）\01\087.jpg
CreateFile(系统找不到指定的路径。3) : X:\disks\027\A.非媒体文件1.0-disk1\02.机构资源\机构\大国学基金会115（已有）\早期已陆续共享过的部分海外佛书古籍批量1-2\早期已陆续共享过的部分海外佛书古籍批量1\漢喃古籍網站（越南國家圖書館藏佛教古籍43份）\nlvnpf-0456《三經日誦》（《四十二章經（含頌）》《遺教經（含注）》《溈山警策》）（沙彌釋在在撰述）（越南明命十壹年歲在庚寅[1830]上福報國寺刊）（越南國家圖書館藏，漢喃古籍網站公佈）\01\088.jpg
CreateFile(系统找不到指定的路径。3) : X:\disks\027\A.非媒体文件1.0-disk1\02.机构资源\机构\大国学基金会115（已有）\早期已陆续共享过的部分海外佛书古籍批量1-2\早期已陆续共享过的部分海外佛书古籍批量1\漢喃古籍網站（越南國家圖書館藏佛教古籍43份）\nlvnpf-0456《三經日誦》（《四十二章經（含頌）》《遺教經（含注）》《溈山警策》）（沙彌釋在在撰述）（越南明命十壹年歲在庚寅[1830]上福報國寺刊）（越南國家圖書館藏，漢喃古籍網站公佈）\01\089.jpg
CreateDirectory(文件名、目录名或卷标语法不正确。123) : X:\disks\027\A.非媒体文件1.0-disk1\02.机构资源\机构\大国学基金会115（已有）\早期已陆续共享过的部分海外佛书古籍批量1-2\早期已陆续共享过的部分海外佛书古籍批量1\漢喃古籍網站（越南國家圖書館藏佛教古籍43份）\nlvnpf-1248《齊天破瘵諸品尊經（佛說破瘵經、佛說破邪經、佛說除瘟經、佛說消災經、佛說延壽經）》【真偽待考】（越南嗣德十四年歲次辛酉[1861]法達抄撰）（越南國家圖書館藏，漢喃古籍網站公佈）
CreateFile(系统找不到指定的路径。3) : X:\disks\027\A.非媒体文件1.0-disk1\02.机构资源\机构\大国学基金会115（已有）\早期已陆续共享过的部分海外佛书古籍批量1-2\早期已陆续共享过的部分海外佛书古籍批量1\漢喃古籍網站（越南國家圖書館藏佛教古籍43份）\nlvnpf-1248《齊天破瘵諸品尊經（佛說破瘵經、佛說破邪經、佛說除瘟經、佛說消災經、佛說延壽經）》【真偽待考】（越南嗣德十四年歲次辛酉[1861]法達抄撰）（越南國家圖書館藏，漢喃古籍網站公佈）\1232.html
CreateDirectory(系统找不到指定的路径。3) : X:\disks\027\A.非媒体文件1.0-disk1\02.机构资源\机构\大国学基金会115（已有）\早期已陆续共享过的部分海外佛书古籍批量1-2\早期已陆续共享过的部分海外佛书古籍批量1\漢喃古籍網站（越南國家圖書館藏佛教古籍43份）\nlvnpf-1248《齊天破瘵諸品尊經（佛說破瘵經、佛說破邪經、佛說除瘟經、佛說消災經、佛說延壽經）》【真偽待考】（越南嗣德十四年歲次辛酉[1861]法達抄撰）（越南國家圖書館藏，漢喃古籍網站公佈）\01
CreateFile(系统找不到指定的路径。3) : X:\disks\027\A.非媒体文件1.0-disk1\02.机构资源\机构\大国学基金会115（已有）\早期已陆续共享过的部分海外佛书古籍批量1-2\早期已陆续共享过的部分海外佛书古籍批量1\漢喃古籍網站（越南國家圖書館藏佛教古籍43份）\nlvnpf-1248《齊天破瘵諸品尊經（佛說破瘵經、佛說破邪經、佛說除瘟經、佛說消災經、佛說延壽經）》【真偽待考】（越南嗣德十四年歲次辛酉[1861]法達抄撰）（越南國家圖書館藏，漢喃古籍網站公佈）\01\001.jpg
CreateFile(系统找不到指定的路径。3) : X:\disks\027\A.非媒体文件1.0-disk1\02.机构资源\机构\大国学基金会115（已有）\早期已陆续共享过的部分海外佛书古籍批量1-2\早期已陆续共享过的部分海外佛书古籍批量1\漢喃古籍網站（越南國家圖書館藏佛教古籍43份）\nlvnpf-1248《齊天破瘵諸品尊經（佛說破瘵經、佛說破邪經、佛說除瘟經、佛說消災經、佛說延壽經）》【真偽待考】（越南嗣德十四年歲次辛酉[1861]法達抄撰）（越南國家圖書館藏，漢喃古籍網站公佈）\01\002.jpg
CreateFile(系统找不到指定的路径。3) : X:\disks\027\A.非媒体文件1.0-disk1\02.机构资源\机构\大国学基金会115（已有）\早期已陆续共享过的部分海外佛书古籍批量1-2\早期已陆续共享过的部分海外佛书古籍批量1\漢喃古籍網站（越南國家圖書館藏佛教古籍43份）\nlvnpf-1248《齊天破瘵諸品尊經（佛說破瘵經、佛說破邪經、佛說除瘟經、佛說消災經、佛說延壽經）》【真偽待考】（越南嗣德十四年歲次辛酉[1861]法達抄撰）（越南國家圖書館藏，漢喃古籍網站公佈）\01\003.jpg
CreateFile(系统找不到指定的路径。3) : X:\disks\027\A.非媒体文件1.0-disk1\02.机构资源\机构\大国学基金会115（已有）\早期已陆续共享过的部分海外佛书古籍批量1-2\早期已陆续共享过的部分海外佛书古籍批量1\漢喃古籍網站（越南國家圖書館藏佛教古籍43份）\nlvnpf-1248《齊天破瘵諸品尊經（佛說破瘵經、佛說破邪經、佛說除瘟經、佛說消災經、佛說延壽經）》【真偽待考】（越南嗣德十四年歲次辛酉[1861]法達抄撰）（越南國家圖書館藏，漢喃古籍網站公佈）\01\004.jpg
CreateFile(系统找不到指定的路径。3) : X:\disks\027\A.非媒体文件1.0-disk1\02.机构资源\机构\大国学基金会115（已有）\早期已陆续共享过的部分海外佛书古籍批量1-2\早期已陆续共享过的部分海外佛书古籍批量1\漢喃古籍網站（越南國家圖書館藏佛教古籍43份）\nlvnpf-1248《齊天破瘵諸品尊經（佛說破瘵經、佛說破邪經、佛說除瘟經、佛說消災經、佛說延壽經）》【真偽待考】（越南嗣德十四年歲次辛酉[1861]法達抄撰）（越南國家圖書館藏，漢喃古籍網站公佈）\01\005.jpg
CreateFile(系统找不到指定的路径。3) : X:\disks\027\A.非媒体文件1.0-disk1\02.机构资源\机构\大国学基金会115（已有）\早期已陆续共享过的部分海外佛书古籍批量1-2\早期已陆续共享过的部分海外佛书古籍批量1\漢喃古籍網站（越南國家圖書館藏佛教古籍43份）\nlvnpf-1248《齊天破瘵諸品尊經（佛說破瘵經、佛說破邪經、佛說除瘟經、佛說消災經、佛說延壽經）》【真偽待考】（越南嗣德十四年歲次辛酉[1861]法達抄撰）（越南國家圖書館藏，漢喃古籍網站公佈）\01\006.jpg
CreateFile(系统找不到指定的路径。3) : X:\disks\027\A.非媒体文件1.0-disk1\02.机构资源\机构\大国学基金会115（已有）\早期已陆续共享过的部分海外佛书古籍批量1-2\早期已陆续共享过的部分海外佛书古籍批量1\漢喃古籍網站（越南國家圖書館藏佛教古籍43份）\nlvnpf-1248《齊天破瘵諸品尊經（佛說破瘵經、佛說破邪經、佛說除瘟經、佛說消災經、佛說延壽經）》【真偽待考】（越南嗣德十四年歲次辛酉[1861]法達抄撰）（越南國家圖書館藏，漢喃古籍網站公佈）\01\007.jpg
CreateFile(系统找不到指定的路径。3) : X:\disks\027\A.非媒体文件1.0-disk1\02.机构资源\机构\大国学基金会115（已有）\早期已陆续共享过的部分海外佛书古籍批量1-2\早期已陆续共享过的部分海外佛书古籍批量1\漢喃古籍網站（越南國家圖書館藏佛教古籍43份）\nlvnpf-1248《齊天破瘵諸品尊經（佛說破瘵經、佛說破邪經、佛說除瘟經、佛說消災經、佛說延壽經）》【真偽待考】（越南嗣德十四年歲次辛酉[1861]法達抄撰）（越南國家圖書館藏，漢喃古籍網站公佈）\01\008.jpg
CreateFile(系统找不到指定的路径。3) : X:\disks\027\A.非媒体文件1.0-disk1\02.机构资源\机构\大国学基金会115（已有）\早期已陆续共享过的部分海外佛书古籍批量1-2\早期已陆续共享过的部分海外佛书古籍批量1\漢喃古籍網站（越南國家圖書館藏佛教古籍43份）\nlvnpf-1248《齊天破瘵諸品尊經（佛說破瘵經、佛說破邪經、佛說除瘟經、佛說消災經、佛說延壽經）》【真偽待考】（越南嗣德十四年歲次辛酉[1861]法達抄撰）（越南國家圖書館藏，漢喃古籍網站公佈）\01\009.jpg
CreateFile(系统找不到指定的路径。3) : X:\disks\027\A.非媒体文件1.0-disk1\02.机构资源\机构\大国学基金会115（已有）\早期已陆续共享过的部分海外佛书古籍批量1-2\早期已陆续共享过的部分海外佛书古籍批量1\漢喃古籍網站（越南國家圖書館藏佛教古籍43份）\nlvnpf-1248《齊天破瘵諸品尊經（佛說破瘵經、佛說破邪經、佛說除瘟經、佛說消災經、佛說延壽經）》【真偽待考】（越南嗣德十四年歲次辛酉[1861]法達抄撰）（越南國家圖書館藏，漢喃古籍網站公佈）\01\010.jpg
CreateFile(系统找不到指定的路径。3) : X:\disks\027\A.非媒体文件1.0-disk1\02.机构资源\机构\大国学基金会115（已有）\早期已陆续共享过的部分海外佛书古籍批量1-2\早期已陆续共享过的部分海外佛书古籍批量1\漢喃古籍網站（越南國家圖書館藏佛教古籍43份）\nlvnpf-1248《齊天破瘵諸品尊經（佛說破瘵經、佛說破邪經、佛說除瘟經、佛說消災經、佛說延壽經）》【真偽待考】（越南嗣德十四年歲次辛酉[1861]法達抄撰）（越南國家圖書館藏，漢喃古籍網站公佈）\01\011.jpg
CreateFile(系统找不到指定的路径。3) : X:\disks\027\A.非媒体文件1.0-disk1\02.机构资源\机构\大国学基金会115（已有）\早期已陆续共享过的部分海外佛书古籍批量1-2\早期已陆续共享过的部分海外佛书古籍批量1\漢喃古籍網站（越南國家圖書館藏佛教古籍43份）\nlvnpf-1248《齊天破瘵諸品尊經（佛說破瘵經、佛說破邪經、佛說除瘟經、佛說消災經、佛說延壽經）》【真偽待考】（越南嗣德十四年歲次辛酉[1861]法達抄撰）（越南國家圖書館藏，漢喃古籍網站公佈）\01\012.jpg
CreateFile(系统找不到指定的路径。3) : X:\disks\027\A.非媒体文件1.0-disk1\02.机构资源\机构\大国学基金会115（已有）\早期已陆续共享过的部分海外佛书古籍批量1-2\早期已陆续共享过的部分海外佛书古籍批量1\漢喃古籍網站（越南國家圖書館藏佛教古籍43份）\nlvnpf-1248《齊天破瘵諸品尊經（佛說破瘵經、佛說破邪經、佛說除瘟經、佛說消災經、佛說延壽經）》【真偽待考】（越南嗣德十四年歲次辛酉[1861]法達抄撰）（越南國家圖書館藏，漢喃古籍網站公佈）\01\013.jpg
CreateFile(系统找不到指定的路径。3) : X:\disks\027\A.非媒体文件1.0-disk1\02.机构资源\机构\大国学基金会115（已有）\早期已陆续共享过的部分海外佛书古籍批量1-2\早期已陆续共享过的部分海外佛书古籍批量1\漢喃古籍網站（越南國家圖書館藏佛教古籍43份）\nlvnpf-1248《齊天破瘵諸品尊經（佛說破瘵經、佛說破邪經、佛說除瘟經、佛說消災經、佛說延壽經）》【真偽待考】（越南嗣德十四年歲次辛酉[1861]法達抄撰）（越南國家圖書館藏，漢喃古籍網站公佈）\01\014.jpg
CreateFile(系统找不到指定的路径。3) : X:\disks\027\A.非媒体文件1.0-disk1\02.机构资源\机构\大国学基金会115（已有）\早期已陆续共享过的部分海外佛书古籍批量1-2\早期已陆续共享过的部分海外佛书古籍批量1\漢喃古籍網站（越南國家圖書館藏佛教古籍43份）\nlvnpf-1248《齊天破瘵諸品尊經（佛說破瘵經、佛說破邪經、佛說除瘟經、佛說消災經、佛說延壽經）》【真偽待考】（越南嗣德十四年歲次辛酉[1861]法達抄撰）（越南國家圖書館藏，漢喃古籍網站公佈）\01\015.jpg
CreateFile(系统找不到指定的路径。3) : X:\disks\027\A.非媒体文件1.0-disk1\02.机构资源\机构\大国学基金会115（已有）\早期已陆续共享过的部分海外佛书古籍批量1-2\早期已陆续共享过的部分海外佛书古籍批量1\漢喃古籍網站（越南國家圖書館藏佛教古籍43份）\nlvnpf-1248《齊天破瘵諸品尊經（佛說破瘵經、佛說破邪經、佛說除瘟經、佛說消災經、佛說延壽經）》【真偽待考】（越南嗣德十四年歲次辛酉[1861]法達抄撰）（越南國家圖書館藏，漢喃古籍網站公佈）\01\016.jpg
CreateFile(系统找不到指定的路径。3) : X:\disks\027\A.非媒体文件1.0-disk1\02.机构资源\机构\大国学基金会115（已有）\早期已陆续共享过的部分海外佛书古籍批量1-2\早期已陆续共享过的部分海外佛书古籍批量1\漢喃古籍網站（越南國家圖書館藏佛教古籍43份）\nlvnpf-1248《齊天破瘵諸品尊經（佛說破瘵經、佛說破邪經、佛說除瘟經、佛說消災經、佛說延壽經）》【真偽待考】（越南嗣德十四年歲次辛酉[1861]法達抄撰）（越南國家圖書館藏，漢喃古籍網站公佈）\01\017.jpg
CreateFile(系统找不到指定的路径。3) : X:\disks\027\A.非媒体文件1.0-disk1\02.机构资源\机构\大国学基金会115（已有）\早期已陆续共享过的部分海外佛书古籍批量1-2\早期已陆续共享过的部分海外佛书古籍批量1\漢喃古籍網站（越南國家圖書館藏佛教古籍43份）\nlvnpf-1248《齊天破瘵諸品尊經（佛說破瘵經、佛說破邪經、佛說除瘟經、佛說消災經、佛說延壽經）》【真偽待考】（越南嗣德十四年歲次辛酉[1861]法達抄撰）（越南國家圖書館藏，漢喃古籍網站公佈）\01\018.jpg
CreateFile(系统找不到指定的路径。3) : X:\disks\027\A.非媒体文件1.0-disk1\02.机构资源\机构\大国学基金会115（已有）\早期已陆续共享过的部分海外佛书古籍批量1-2\早期已陆续共享过的部分海外佛书古籍批量1\漢喃古籍網站（越南國家圖書館藏佛教古籍43份）\nlvnpf-1248《齊天破瘵諸品尊經（佛說破瘵經、佛說破邪經、佛說除瘟經、佛說消災經、佛說延壽經）》【真偽待考】（越南嗣德十四年歲次辛酉[1861]法達抄撰）（越南國家圖書館藏，漢喃古籍網站公佈）\01\019.jpg
CreateFile(系统找不到指定的路径。3) : X:\disks\027\A.非媒体文件1.0-disk1\02.机构资源\机构\大国学基金会115（已有）\早期已陆续共享过的部分海外佛书古籍批量1-2\早期已陆续共享过的部分海外佛书古籍批量1\漢喃古籍網站（越南國家圖書館藏佛教古籍43份）\nlvnpf-1248《齊天破瘵諸品尊經（佛說破瘵經、佛說破邪經、佛說除瘟經、佛說消災經、佛說延壽經）》【真偽待考】（越南嗣德十四年歲次辛酉[1861]法達抄撰）（越南國家圖書館藏，漢喃古籍網站公佈）\01\020.jpg
CreateFile(系统找不到指定的路径。3) : X:\disks\027\A.非媒体文件1.0-disk1\02.机构资源\机构\大国学基金会115（已有）\早期已陆续共享过的部分海外佛书古籍批量1-2\早期已陆续共享过的部分海外佛书古籍批量1\漢喃古籍網站（越南國家圖書館藏佛教古籍43份）\nlvnpf-1248《齊天破瘵諸品尊經（佛說破瘵經、佛說破邪經、佛說除瘟經、佛說消災經、佛說延壽經）》【真偽待考】（越南嗣德十四年歲次辛酉[1861]法達抄撰）（越南國家圖書館藏，漢喃古籍網站公佈）\01\021.jpg
CreateFile(系统找不到指定的路径。3) : X:\disks\027\A.非媒体文件1.0-disk1\02.机构资源\机构\大国学基金会115（已有）\早期已陆续共享过的部分海外佛书古籍批量1-2\早期已陆续共享过的部分海外佛书古籍批量1\漢喃古籍網站（越南國家圖書館藏佛教古籍43份）\nlvnpf-1248《齊天破瘵諸品尊經（佛說破瘵經、佛說破邪經、佛說除瘟經、佛說消災經、佛說延壽經）》【真偽待考】（越南嗣德十四年歲次辛酉[1861]法達抄撰）（越南國家圖書館藏，漢喃古籍網站公佈）\01\022.jpg
CreateFile(系统找不到指定的路径。3) : X:\disks\027\A.非媒体文件1.0-disk1\02.机构资源\机构\大国学基金会115（已有）\早期已陆续共享过的部分海外佛书古籍批量1-2\早期已陆续共享过的部分海外佛书古籍批量1\漢喃古籍網站（越南國家圖書館藏佛教古籍43份）\nlvnpf-1248《齊天破瘵諸品尊經（佛說破瘵經、佛說破邪經、佛說除瘟經、佛說消災經、佛說延壽經）》【真偽待考】（越南嗣德十四年歲次辛酉[1861]法達抄撰）（越南國家圖書館藏，漢喃古籍網站公佈）\01\023.jpg
CreateFile(系统找不到指定的路径。3) : X:\disks\027\A.非媒体文件1.0-disk1\02.机构资源\机构\大国学基金会115（已有）\早期已陆续共享过的部分海外佛书古籍批量1-2\早期已陆续共享过的部分海外佛书古籍批量1\漢喃古籍網站（越南國家圖書館藏佛教古籍43份）\nlvnpf-1248《齊天破瘵諸品尊經（佛說破瘵經、佛說破邪經、佛說除瘟經、佛說消災經、佛說延壽經）》【真偽待考】（越南嗣德十四年歲次辛酉[1861]法達抄撰）（越南國家圖書館藏，漢喃古籍網站公佈）\01\024.jpg
CreateFile(系统找不到指定的路径。3) : X:\disks\027\A.非媒体文件1.0-disk1\02.机构资源\机构\大国学基金会115（已有）\早期已陆续共享过的部分海外佛书古籍批量1-2\早期已陆续共享过的部分海外佛书古籍批量1\漢喃古籍網站（越南國家圖書館藏佛教古籍43份）\nlvnpf-1248《齊天破瘵諸品尊經（佛說破瘵經、佛說破邪經、佛說除瘟經、佛說消災經、佛說延壽經）》【真偽待考】（越南嗣德十四年歲次辛酉[1861]法達抄撰）（越南國家圖書館藏，漢喃古籍網站公佈）\01\025.jpg
CreateFile(系统找不到指定的路径。3) : X:\disks\027\A.非媒体文件1.0-disk1\02.机构资源\机构\大国学基金会115（已有）\早期已陆续共享过的部分海外佛书古籍批量1-2\早期已陆续共享过的部分海外佛书古籍批量1\漢喃古籍網站（越南國家圖書館藏佛教古籍43份）\nlvnpf-1248《齊天破瘵諸品尊經（佛說破瘵經、佛說破邪經、佛說除瘟經、佛說消災經、佛說延壽經）》【真偽待考】（越南嗣德十四年歲次辛酉[1861]法達抄撰）（越南國家圖書館藏，漢喃古籍網站公佈）\01\026.jpg
CreateFile(系统找不到指定的路径。3) : X:\disks\027\A.非媒体文件1.0-disk1\02.机构资源\机构\大国学基金会115（已有）\早期已陆续共享过的部分海外佛书古籍批量1-2\早期已陆续共享过的部分海外佛书古籍批量1\漢喃古籍網站（越南國家圖書館藏佛教古籍43份）\nlvnpf-1248《齊天破瘵諸品尊經（佛說破瘵經、佛說破邪經、佛說除瘟經、佛說消災經、佛說延壽經）》【真偽待考】（越南嗣德十四年歲次辛酉[1861]法達抄撰）（越南國家圖書館藏，漢喃古籍網站公佈）\01\027.jpg
CreateFile(系统找不到指定的路径。3) : X:\disks\027\A.非媒体文件1.0-disk1\02.机构资源\机构\大国学基金会115（已有）\早期已陆续共享过的部分海外佛书古籍批量1-2\早期已陆续共享过的部分海外佛书古籍批量1\漢喃古籍網站（越南國家圖書館藏佛教古籍43份）\nlvnpf-1248《齊天破瘵諸品尊經（佛說破瘵經、佛說破邪經、佛說除瘟經、佛說消災經、佛說延壽經）》【真偽待考】（越南嗣德十四年歲次辛酉[1861]法達抄撰）（越南國家圖書館藏，漢喃古籍網站公佈）\01\028.jpg
CreateFile(系统找不到指定的路径。3) : X:\disks\027\A.非媒体文件1.0-disk1\02.机构资源\机构\大国学基金会115（已有）\早期已陆续共享过的部分海外佛书古籍批量1-2\早期已陆续共享过的部分海外佛书古籍批量1\漢喃古籍網站（越南國家圖書館藏佛教古籍43份）\nlvnpf-1248《齊天破瘵諸品尊經（佛說破瘵經、佛說破邪經、佛說除瘟經、佛說消災經、佛說延壽經）》【真偽待考】（越南嗣德十四年歲次辛酉[1861]法達抄撰）（越南國家圖書館藏，漢喃古籍網站公佈）\01\029.jpg
CreateFile(系统找不到指定的路径。3) : X:\disks\027\A.非媒体文件1.0-disk1\02.机构资源\机构\大国学基金会115（已有）\早期已陆续共享过的部分海外佛书古籍批量1-2\早期已陆续共享过的部分海外佛书古籍批量1\漢喃古籍網站（越南國家圖書館藏佛教古籍43份）\nlvnpf-1248《齊天破瘵諸品尊經（佛說破瘵經、佛說破邪經、佛說除瘟經、佛說消災經、佛說延壽經）》【真偽待考】（越南嗣德十四年歲次辛酉[1861]法達抄撰）（越南國家圖書館藏，漢喃古籍網站公佈）\01\030.jpg
CreateFile(系统找不到指定的路径。3) : X:\disks\027\A.非媒体文件1.0-disk1\02.机构资源\机构\大国学基金会115（已有）\早期已陆续共享过的部分海外佛书古籍批量1-2\早期已陆续共享过的部分海外佛书古籍批量1\漢喃古籍網站（越南國家圖書館藏佛教古籍43份）\nlvnpf-1248《齊天破瘵諸品尊經（佛說破瘵經、佛說破邪經、佛說除瘟經、佛說消災經、佛說延壽經）》【真偽待考】（越南嗣德十四年歲次辛酉[1861]法達抄撰）（越南國家圖書館藏，漢喃古籍網站公佈）\01\031.jpg
CreateFile(系统找不到指定的路径。3) : X:\disks\027\A.非媒体文件1.0-disk1\02.机构资源\机构\大国学基金会115（已有）\早期已陆续共享过的部分海外佛书古籍批量1-2\早期已陆续共享过的部分海外佛书古籍批量1\漢喃古籍網站（越南國家圖書館藏佛教古籍43份）\nlvnpf-1248《齊天破瘵諸品尊經（佛說破瘵經、佛說破邪經、佛說除瘟經、佛說消災經、佛說延壽經）》【真偽待考】（越南嗣德十四年歲次辛酉[1861]法達抄撰）（越南國家圖書館藏，漢喃古籍網站公佈）\01\032.jpg
CreateFile(系统找不到指定的路径。3) : X:\disks\027\A.非媒体文件1.0-disk1\02.机构资源\机构\大国学基金会115（已有）\早期已陆续共享过的部分海外佛书古籍批量1-2\早期已陆续共享过的部分海外佛书古籍批量1\漢喃古籍網站（越南國家圖書館藏佛教古籍43份）\nlvnpf-1248《齊天破瘵諸品尊經（佛說破瘵經、佛說破邪經、佛說除瘟經、佛說消災經、佛說延壽經）》【真偽待考】（越南嗣德十四年歲次辛酉[1861]法達抄撰）（越南國家圖書館藏，漢喃古籍網站公佈）\01\033.jpg
CreateFile(系统找不到指定的路径。3) : X:\disks\027\A.非媒体文件1.0-disk1\02.机构资源\机构\大国学基金会115（已有）\早期已陆续共享过的部分海外佛书古籍批量1-2\早期已陆续共享过的部分海外佛书古籍批量1\漢喃古籍網站（越南國家圖書館藏佛教古籍43份）\nlvnpf-1248《齊天破瘵諸品尊經（佛說破瘵經、佛說破邪經、佛說除瘟經、佛說消災經、佛說延壽經）》【真偽待考】（越南嗣德十四年歲次辛酉[1861]法達抄撰）（越南國家圖書館藏，漢喃古籍網站公佈）\01\034.jpg
CreateFile(系统找不到指定的路径。3) : X:\disks\027\A.非媒体文件1.0-disk1\02.机构资源\机构\大国学基金会115（已有）\早期已陆续共享过的部分海外佛书古籍批量1-2\早期已陆续共享过的部分海外佛书古籍批量1\漢喃古籍網站（越南國家圖書館藏佛教古籍43份）\nlvnpf-1248《齊天破瘵諸品尊經（佛說破瘵經、佛說破邪經、佛說除瘟經、佛說消災經、佛說延壽經）》【真偽待考】（越南嗣德十四年歲次辛酉[1861]法達抄撰）（越南國家圖書館藏，漢喃古籍網站公佈）\01\035.jpg
CreateFile(系统找不到指定的路径。3) : X:\disks\027\A.非媒体文件1.0-disk1\02.机构资源\机构\大国学基金会115（已有）\早期已陆续共享过的部分海外佛书古籍批量1-2\早期已陆续共享过的部分海外佛书古籍批量1\漢喃古籍網站（越南國家圖書館藏佛教古籍43份）\nlvnpf-1248《齊天破瘵諸品尊經（佛說破瘵經、佛說破邪經、佛說除瘟經、佛說消災經、佛說延壽經）》【真偽待考】（越南嗣德十四年歲次辛酉[1861]法達抄撰）（越南國家圖書館藏，漢喃古籍網站公佈）\01\036.jpg
CreateFile(系统找不到指定的路径。3) : X:\disks\027\A.非媒体文件1.0-disk1\02.机构资源\机构\大国学基金会115（已有）\早期已陆续共享过的部分海外佛书古籍批量1-2\早期已陆续共享过的部分海外佛书古籍批量1\漢喃古籍網站（越南國家圖書館藏佛教古籍43份）\nlvnpf-1248《齊天破瘵諸品尊經（佛說破瘵經、佛說破邪經、佛說除瘟經、佛說消災經、佛說延壽經）》【真偽待考】（越南嗣德十四年歲次辛酉[1861]法達抄撰）（越南國家圖書館藏，漢喃古籍網站公佈）\01\037.jpg
CreateFile(系统找不到指定的路径。3) : X:\disks\027\A.非媒体文件1.0-disk1\02.机构资源\机构\大国学基金会115（已有）\早期已陆续共享过的部分海外佛书古籍批量1-2\早期已陆续共享过的部分海外佛书古籍批量1\漢喃古籍網站（越南國家圖書館藏佛教古籍43份）\nlvnpf-1248《齊天破瘵諸品尊經（佛說破瘵經、佛說破邪經、佛說除瘟經、佛說消災經、佛說延壽經）》【真偽待考】（越南嗣德十四年歲次辛酉[1861]法達抄撰）（越南國家圖書館藏，漢喃古籍網站公佈）\01\038.jpg
CreateDirectory(文件名、目录名或卷标语法不正确。123) : X:\disks\027\A.非媒体文件1.0-disk1\02.机构资源\机构\大国学基金会115（已有）\早期已陆续共享过的部分海外佛书古籍批量1-2\早期已陆续共享过的部分海外佛书古籍批量2\日本早稻田大學圖書館（佛教古籍216份）\bunko06_00264《鬼子母経·仏説法華三昧経·仏説未生寃経·仏説大聖不動経·仏説摩訶迦羅大黒天神大福徳円満陀羅尼経·成就妙法蓮華経王瑜伽観智儀軌·仏説十二遊経·薩曇分陀利経》（寛文12[1672]）（日本早稻田大學圖書館公佈）
CreateFile(系统找不到指定的路径。3) : X:\disks\027\A.非媒体文件1.0-disk1\02.机构资源\机构\大国学基金会115（已有）\早期已陆续共享过的部分海外佛书古籍批量1-2\早期已陆续共享过的部分海外佛书古籍批量2\日本早稻田大學圖書館（佛教古籍216份）\bunko06_00264《鬼子母経·仏説法華三昧経·仏説未生寃経·仏説大聖不動経·仏説摩訶迦羅大黒天神大福徳円満陀羅尼経·成就妙法蓮華経王瑜伽観智儀軌·仏説十二遊経·薩曇分陀利経》（寛文12[1672]）（日本早稻田大學圖書館公佈）\bunko06_00264_0001.pdf
CreateFile(系统找不到指定的路径。3) : X:\disks\027\A.非媒体文件1.0-disk1\02.机构资源\机构\大国学基金会115（已有）\早期已陆续共享过的部分海外佛书古籍批量1-2\早期已陆续共享过的部分海外佛书古籍批量2\日本早稻田大學圖書館（佛教古籍216份）\bunko06_00264《鬼子母経·仏説法華三昧経·仏説未生寃経·仏説大聖不動経·仏説摩訶迦羅大黒天神大福徳円満陀羅尼経·成就妙法蓮華経王瑜伽観智儀軌·仏説十二遊経·薩曇分陀利経》（寛文12[1672]）（日本早稻田大學圖書館公佈）\bunko06_00264_0002.pdf
CreateFile(系统找不到指定的路径。3) : X:\disks\027\A.非媒体文件1.0-disk1\02.机构资源\机构\大国学基金会115（已有）\早期已陆续共享过的部分海外佛书古籍批量1-2\早期已陆续共享过的部分海外佛书古籍批量2\日本早稻田大學圖書館（佛教古籍216份）\bunko06_00264《鬼子母経·仏説法華三昧経·仏説未生寃経·仏説大聖不動経·仏説摩訶迦羅大黒天神大福徳円満陀羅尼経·成就妙法蓮華経王瑜伽観智儀軌·仏説十二遊経·薩曇分陀利経》（寛文12[1672]）（日本早稻田大學圖書館公佈）\index.html
CreateDirectory(文件名、目录名或卷标语法不正确。123) : X:\disks\027\A.非媒体文件1.0-disk1\02.机构资源\机构\大国学基金会115（已有）\早期已陆续共享过的部分海外佛书古籍批量1-2\早期已陆续共享过的部分海外佛书古籍批量2\韓國中央圖書館網站\1漢文佛教舊書2141份\3論類986份\《金剛經》注解51份\CNTS-00047983630《金剛經疏論纂要刊定記會編（帶序，前附十八住階位圖說、二十七疑脈絡圖說）》（10卷5冊）（鳩摩羅什譯，宗密疏，子璿記，行策編）（朝鮮1686年金華山澄光寺木板本）｛17頁壞｝
CreateFile(系统找不到指定的路径。3) : X:\disks\027\A.非媒体文件1.0-disk1\02.机构资源\机构\大国学基金会115（已有）\早期已陆续共享过的部分海外佛书古籍批量1-2\早期已陆续共享过的部分海外佛书古籍批量2\韓國中央圖書館網站\1漢文佛教舊書2141份\3論類986份\《金剛經》注解51份\CNTS-00047983630《金剛經疏論纂要刊定記會編（帶序，前附十八住階位圖說、二十七疑脈絡圖說）》（10卷5冊）（鳩摩羅什譯，宗密疏，子璿記，行策編）（朝鮮1686年金華山澄光寺木板本）｛17頁壞｝\CNTS-00047983630-1.pdf
CreateFile(系统找不到指定的路径。3) : X:\disks\027\A.非媒体文件1.0-disk1\02.机构资源\机构\大国学基金会115（已有）\早期已陆续共享过的部分海外佛书古籍批量1-2\早期已陆续共享过的部分海外佛书古籍批量2\韓國中央圖書館網站\1漢文佛教舊書2141份\3論類986份\《金剛經》注解51份\CNTS-00047983630《金剛經疏論纂要刊定記會編（帶序，前附十八住階位圖說、二十七疑脈絡圖說）》（10卷5冊）（鳩摩羅什譯，宗密疏，子璿記，行策編）（朝鮮1686年金華山澄光寺木板本）｛17頁壞｝\CNTS-00047983630-2{p32壞}.pdf
CreateFile(系统找不到指定的路径。3) : X:\disks\027\A.非媒体文件1.0-disk1\02.机构资源\机构\大国学基金会115（已有）\早期已陆续共享过的部分海外佛书古籍批量1-2\早期已陆续共享过的部分海外佛书古籍批量2\韓國中央圖書館網站\1漢文佛教舊書2141份\3論類986份\《金剛經》注解51份\CNTS-00047983630《金剛經疏論纂要刊定記會編（帶序，前附十八住階位圖說、二十七疑脈絡圖說）》（10卷5冊）（鳩摩羅什譯，宗密疏，子璿記，行策編）（朝鮮1686年金華山澄光寺木板本）｛17頁壞｝\CNTS-00047983630-3.pdf
CreateFile(系统找不到指定的路径。3) : X:\disks\027\A.非媒体文件1.0-disk1\02.机构资源\机构\大国学基金会115（已有）\早期已陆续共享过的部分海外佛书古籍批量1-2\早期已陆续共享过的部分海外佛书古籍批量2\韓國中央圖書館網站\1漢文佛教舊書2141份\3論類986份\《金剛經》注解51份\CNTS-00047983630《金剛經疏論纂要刊定記會編（帶序，前附十八住階位圖說、二十七疑脈絡圖說）》（10卷5冊）（鳩摩羅什譯，宗密疏，子璿記，行策編）（朝鮮1686年金華山澄光寺木板本）｛17頁壞｝\CNTS-00047983630-4{p85、95、110壞}.pdf
CreateFile(系统找不到指定的路径。3) : X:\disks\027\A.非媒体文件1.0-disk1\02.机构资源\机构\大国学基金会115（已有）\早期已陆续共享过的部分海外佛书古籍批量1-2\早期已陆续共享过的部分海外佛书古籍批量2\韓國中央圖書館網站\1漢文佛教舊書2141份\3論類986份\《金剛經》注解51份\CNTS-00047983630《金剛經疏論纂要刊定記會編（帶序，前附十八住階位圖說、二十七疑脈絡圖說）》（10卷5冊）（鳩摩羅什譯，宗密疏，子璿記，行策編）（朝鮮1686年金華山澄光寺木板本）｛17頁壞｝\CNTS-00047983630-5{13頁壞}.pdf
CreateFile(系统找不到指定的路径。3) : X:\disks\027\A.非媒体文件1.0-disk1\02.机构资源\机构\大国学基金会115（已有）\早期已陆续共享过的部分海外佛书古籍批量1-2\早期已陆续共享过的部分海外佛书古籍批量2\韓國中央圖書館網站\1漢文佛教舊書2141份\3論類986份\《金剛經》注解51份\CNTS-00047983630《金剛經疏論纂要刊定記會編（帶序，前附十八住階位圖說、二十七疑脈絡圖說）》（10卷5冊）（鳩摩羅什譯，宗密疏，子璿記，行策編）（朝鮮1686年金華山澄光寺木板本）｛17頁壞｝\CNTS-00047983630書目信息.doc
CreateDirectory(文件名、目录名或卷标语法不正确。123) : X:\disks\027\A.非媒体文件1.0-disk1\02.机构资源\机构\大国学基金会115（已有）\早期已陆续共享过的部分海外佛书古籍批量1-2\早期已陆续共享过的部分海外佛书古籍批量2\韓國中央圖書館網站\1漢文佛教舊書2141份\3論類986份\多論合刊55份\CNTS-00047967966《誡初心學人文；發心修行章；野雲自警；正凝禪師示蒙山法語；東山崇藏主送子行脚法語；夢山和尚示眾；古潭和尙法語；晦堂禪師法語》（[高麗]知訥著；[新羅]元曉著；永即仙人等作）（朝鮮九月山月精寺1574年木板本）{2頁壞}
CreateFile(系统找不到指定的路径。3) : X:\disks\027\A.非媒体文件1.0-disk1\02.机构资源\机构\大国学基金会115（已有）\早期已陆续共享过的部分海外佛书古籍批量1-2\早期已陆续共享过的部分海外佛书古籍批量2\韓國中央圖書館網站\1漢文佛教舊書2141份\3論類986份\多論合刊55份\CNTS-00047967966《誡初心學人文；發心修行章；野雲自警；正凝禪師示蒙山法語；東山崇藏主送子行脚法語；夢山和尚示眾；古潭和尙法語；晦堂禪師法語》（[高麗]知訥著；[新羅]元曉著；永即仙人等作）（朝鮮九月山月精寺1574年木板本）{2頁壞}\CNTS-00047967966-1{p3、16壞}.pdf
CreateFile(系统找不到指定的路径。3) : X:\disks\027\A.非媒体文件1.0-disk1\02.机构资源\机构\大国学基金会115（已有）\早期已陆续共享过的部分海外佛书古籍批量1-2\早期已陆续共享过的部分海外佛书古籍批量2\韓國中央圖書館網站\1漢文佛教舊書2141份\3論類986份\多論合刊55份\CNTS-00047967966《誡初心學人文；發心修行章；野雲自警；正凝禪師示蒙山法語；東山崇藏主送子行脚法語；夢山和尚示眾；古潭和尙法語；晦堂禪師法語》（[高麗]知訥著；[新羅]元曉著；永即仙人等作）（朝鮮九月山月精寺1574年木板本）{2頁壞}\CNTS-00047967966書目信息.doc
CreateDirectory(文件名、目录名或卷标语法不正确。123) : X:\disks\027\A.非媒体文件1.0-disk1\02.机构资源\机构\大国学基金会115（已有）\早期已陆续共享过的部分海外佛书古籍批量1-2\早期已陆续共享过的部分海外佛书古籍批量2\韓國中央圖書館網站\1漢文佛教舊書2141份\3論類986份\多論合刊55份\CNTS-00047976388《諸經會要：大摠相法門圖，愚法小乘五位位總相圖，十本經論二障體說，空有迭彰句對不同圖，遣拂客塵通別義圖說，小乘十二部，佛祖宗派圖，默庵子纂要華嚴八十卷疏科判圖等等》（不明年代木板本）
CreateFile(系统找不到指定的路径。3) : X:\disks\027\A.非媒体文件1.0-disk1\02.机构资源\机构\大国学基金会115（已有）\早期已陆续共享过的部分海外佛书古籍批量1-2\早期已陆续共享过的部分海外佛书古籍批量2\韓國中央圖書館網站\1漢文佛教舊書2141份\3論類986份\多論合刊55份\CNTS-00047976388《諸經會要：大摠相法門圖，愚法小乘五位位總相圖，十本經論二障體說，空有迭彰句對不同圖，遣拂客塵通別義圖說，小乘十二部，佛祖宗派圖，默庵子纂要華嚴八十卷疏科判圖等等》（不明年代木板本）\CNTS-00047976388-1.pdf
CreateFile(系统找不到指定的路径。3) : X:\disks\027\A.非媒体文件1.0-disk1\02.机构资源\机构\大国学基金会115（已有）\早期已陆续共享过的部分海外佛书古籍批量1-2\早期已陆续共享过的部分海外佛书古籍批量2\韓國中央圖書館網站\1漢文佛教舊書2141份\3論類986份\多論合刊55份\CNTS-00047976388《諸經會要：大摠相法門圖，愚法小乘五位位總相圖，十本經論二障體說，空有迭彰句對不同圖，遣拂客塵通別義圖說，小乘十二部，佛祖宗派圖，默庵子纂要華嚴八十卷疏科判圖等等》（不明年代木板本）\CNTS-00047976388書目信息.doc
CreateDirectory(文件名、目录名或卷标语法不正确。123) : X:\disks\027\A.非媒体文件1.0-disk1\02.机构资源\机构\大国学基金会115（已有）\早期已陆续共享过的部分海外佛书古籍批量1-2\早期已陆续共享过的部分海外佛书古籍批量2\韓國中央圖書館網站\1漢文佛教舊書2141份\3論類986份\多論合刊55份\CNTS-00047979369《初心正眼：誡初心學人文，發心修行章，野雲自警序，皖山正凝禪師示蒙山法語，東山崇藏主送子行腳法語，蒙山和尚示眾，古潭和尚法語，示覺悟禪人法語，晦堂禪師法語，無字十節目，休休庵主坐禪文，》（不明年代寫本，底本為1574年木板本）
CreateFile(系统找不到指定的路径。3) : X:\disks\027\A.非媒体文件1.0-disk1\02.机构资源\机构\大国学基金会115（已有）\早期已陆续共享过的部分海外佛书古籍批量1-2\早期已陆续共享过的部分海外佛书古籍批量2\韓國中央圖書館網站\1漢文佛教舊書2141份\3論類986份\多論合刊55份\CNTS-00047979369《初心正眼：誡初心學人文，發心修行章，野雲自警序，皖山正凝禪師示蒙山法語，東山崇藏主送子行腳法語，蒙山和尚示眾，古潭和尚法語，示覺悟禪人法語，晦堂禪師法語，無字十節目，休休庵主坐禪文，》（不明年代寫本，底本為1574年木板本）\CNTS-00047979369-1.pdf
CreateFile(系统找不到指定的路径。3) : X:\disks\027\A.非媒体文件1.0-disk1\02.机构资源\机构\大国学基金会115（已有）\早期已陆续共享过的部分海外佛书古籍批量1-2\早期已陆续共享过的部分海外佛书古籍批量2\韓國中央圖書館網站\1漢文佛教舊書2141份\3論類986份\多論合刊55份\CNTS-00047979369《初心正眼：誡初心學人文，發心修行章，野雲自警序，皖山正凝禪師示蒙山法語，東山崇藏主送子行腳法語，蒙山和尚示眾，古潭和尚法語，示覺悟禪人法語，晦堂禪師法語，無字十節目，休休庵主坐禪文，》（不明年代寫本，底本為1574年木板本）\CNTS-00047979369書目信息.doc
CreateDirectory(文件名、目录名或卷标语法不正确。123) : X:\disks\027\A.非媒体文件1.0-disk1\02.机构资源\机构\大国学基金会115（已有）\早期已陆续共享过的部分海外佛书古籍批量1-2\早期已陆续共享过的部分海外佛书古籍批量2\韓國中央圖書館網站\1漢文佛教舊書2141份\3論類986份\多論合刊55份\CNTS-00047983514《誡初心學人文，發心修行章，皖山正凝禪師示蒙山法語，東山崇藏主送子行腳法語，蒙山和尚示眾，古潭和尚法語，示覺悟禪人法語，蒙山和尚法語略錄》（朝鮮1634年龍腹寺木板本）{1頁壞}
CreateFile(系统找不到指定的路径。3) : X:\disks\027\A.非媒体文件1.0-disk1\02.机构资源\机构\大国学基金会115（已有）\早期已陆续共享过的部分海外佛书古籍批量1-2\早期已陆续共享过的部分海外佛书古籍批量2\韓國中央圖書館網站\1漢文佛教舊書2141份\3論類986份\多論合刊55份\CNTS-00047983514《誡初心學人文，發心修行章，皖山正凝禪師示蒙山法語，東山崇藏主送子行腳法語，蒙山和尚示眾，古潭和尚法語，示覺悟禪人法語，蒙山和尚法語略錄》（朝鮮1634年龍腹寺木板本）{1頁壞}\CNTS-00047983514-1{p21壞}.pdf
CreateFile(系统找不到指定的路径。3) : X:\disks\027\A.非媒体文件1.0-disk1\02.机构资源\机构\大国学基金会115（已有）\早期已陆续共享过的部分海外佛书古籍批量1-2\早期已陆续共享过的部分海外佛书古籍批量2\韓國中央圖書館網站\1漢文佛教舊書2141份\3論類986份\多論合刊55份\CNTS-00047983514《誡初心學人文，發心修行章，皖山正凝禪師示蒙山法語，東山崇藏主送子行腳法語，蒙山和尚示眾，古潭和尚法語，示覺悟禪人法語，蒙山和尚法語略錄》（朝鮮1634年龍腹寺木板本）{1頁壞}\CNTS-00047983514書目信息.doc
CreateDirectory(文件名、目录名或卷标语法不正确。123) : X:\disks\027\A.非媒体文件1.0-disk1\02.机构资源\机构\大国学基金会115（已有）\早期已陆续共享过的部分海外佛书古籍批量1-2\早期已陆续共享过的部分海外佛书古籍批量2\韓國中央圖書館網站\1漢文佛教舊書2141份\3論類986份\多論合刊55份\CNTS-00047996174《誡初心學人文，發心修行章，野雲自警序，皖山正凝禪師示蒙山法語，東山崇藏主送子行脚迲語，蒙山和尙示衆，古潭和尙法語，示覺悟禪人法語,蒙山和尙法語略錄》（朝鮮1536年木板本）
CreateFile(系统找不到指定的路径。3) : X:\disks\027\A.非媒体文件1.0-disk1\02.机构资源\机构\大国学基金会115（已有）\早期已陆续共享过的部分海外佛书古籍批量1-2\早期已陆续共享过的部分海外佛书古籍批量2\韓國中央圖書館網站\1漢文佛教舊書2141份\3論類986份\多論合刊55份\CNTS-00047996174《誡初心學人文，發心修行章，野雲自警序，皖山正凝禪師示蒙山法語，東山崇藏主送子行脚迲語，蒙山和尙示衆，古潭和尙法語，示覺悟禪人法語,蒙山和尙法語略錄》（朝鮮1536年木板本）\CNTS-00047996174-1.pdf
CreateFile(系统找不到指定的路径。3) : X:\disks\027\A.非媒体文件1.0-disk1\02.机构资源\机构\大国学基金会115（已有）\早期已陆续共享过的部分海外佛书古籍批量1-2\早期已陆续共享过的部分海外佛书古籍批量2\韓國中央圖書館網站\1漢文佛教舊書2141份\3論類986份\多論合刊55份\CNTS-00047996174《誡初心學人文，發心修行章，野雲自警序，皖山正凝禪師示蒙山法語，東山崇藏主送子行脚迲語，蒙山和尙示衆，古潭和尙法語，示覺悟禪人法語,蒙山和尙法語略錄》（朝鮮1536年木板本）\CNTS-00047996174書目信息.doc
CreateDirectory(文件名、目录名或卷标语法不正确。123) : X:\disks\027\A.非媒体文件1.0-disk1\02.机构资源\机构\大国学基金会115（已有）\早期已陆续共享过的部分海外佛书古籍批量1-2\早期已陆续共享过的部分海外佛书古籍批量2\韓國中央圖書館網站\1漢文佛教舊書2141份\6叢書合集210份\《成簣堂叢書》2份\CNTS-00047695801《成簣堂叢書（含白隱和尙垂示、淮海挐音、目江和尙錄、大梅夜話解說、一絲和尙行狀、佛頂國師年譜、南浦文之和尙、江湖風月集等等》（24冊）（德富猪一郞編）（日本1913年民友社木板本）{1頁壞}
CreateFile(系统找不到指定的路径。3) : X:\disks\027\A.非媒体文件1.0-disk1\02.机构资源\机构\大国学基金会115（已有）\早期已陆续共享过的部分海外佛书古籍批量1-2\早期已陆续共享过的部分海外佛书古籍批量2\韓國中央圖書館網站\1漢文佛教舊書2141份\6叢書合集210份\《成簣堂叢書》2份\CNTS-00047695801《成簣堂叢書（含白隱和尙垂示、淮海挐音、目江和尙錄、大梅夜話解說、一絲和尙行狀、佛頂國師年譜、南浦文之和尙、江湖風月集等等》（24冊）（德富猪一郞編）（日本1913年民友社木板本）{1頁壞}\CNTS-00047695801-1.pdf
CreateFile(系统找不到指定的路径。3) : X:\disks\027\A.非媒体文件1.0-disk1\02.机构资源\机构\大国学基金会115（已有）\早期已陆续共享过的部分海外佛书古籍批量1-2\早期已陆续共享过的部分海外佛书古籍批量2\韓國中央圖書館網站\1漢文佛教舊書2141份\6叢書合集210份\《成簣堂叢書》2份\CNTS-00047695801《成簣堂叢書（含白隱和尙垂示、淮海挐音、目江和尙錄、大梅夜話解說、一絲和尙行狀、佛頂國師年譜、南浦文之和尙、江湖風月集等等》（24冊）（德富猪一郞編）（日本1913年民友社木板本）{1頁壞}\CNTS-00047695801-10.pdf
CreateFile(系统找不到指定的路径。3) : X:\disks\027\A.非媒体文件1.0-disk1\02.机构资源\机构\大国学基金会115（已有）\早期已陆续共享过的部分海外佛书古籍批量1-2\早期已陆续共享过的部分海外佛书古籍批量2\韓國中央圖書館網站\1漢文佛教舊書2141份\6叢書合集210份\《成簣堂叢書》2份\CNTS-00047695801《成簣堂叢書（含白隱和尙垂示、淮海挐音、目江和尙錄、大梅夜話解說、一絲和尙行狀、佛頂國師年譜、南浦文之和尙、江湖風月集等等》（24冊）（德富猪一郞編）（日本1913年民友社木板本）{1頁壞}\CNTS-00047695801-11.pdf
CreateFile(系统找不到指定的路径。3) : X:\disks\027\A.非媒体文件1.0-disk1\02.机构资源\机构\大国学基金会115（已有）\早期已陆续共享过的部分海外佛书古籍批量1-2\早期已陆续共享过的部分海外佛书古籍批量2\韓國中央圖書館網站\1漢文佛教舊書2141份\6叢書合集210份\《成簣堂叢書》2份\CNTS-00047695801《成簣堂叢書（含白隱和尙垂示、淮海挐音、目江和尙錄、大梅夜話解說、一絲和尙行狀、佛頂國師年譜、南浦文之和尙、江湖風月集等等》（24冊）（德富猪一郞編）（日本1913年民友社木板本）{1頁壞}\CNTS-00047695801-12.pdf
CreateFile(系统找不到指定的路径。3) : X:\disks\027\A.非媒体文件1.0-disk1\02.机构资源\机构\大国学基金会115（已有）\早期已陆续共享过的部分海外佛书古籍批量1-2\早期已陆续共享过的部分海外佛书古籍批量2\韓國中央圖書館網站\1漢文佛教舊書2141份\6叢書合集210份\《成簣堂叢書》2份\CNTS-00047695801《成簣堂叢書（含白隱和尙垂示、淮海挐音、目江和尙錄、大梅夜話解說、一絲和尙行狀、佛頂國師年譜、南浦文之和尙、江湖風月集等等》（24冊）（德富猪一郞編）（日本1913年民友社木板本）{1頁壞}\CNTS-00047695801-13.pdf
CreateFile(系统找不到指定的路径。3) : X:\disks\027\A.非媒体文件1.0-disk1\02.机构资源\机构\大国学基金会115（已有）\早期已陆续共享过的部分海外佛书古籍批量1-2\早期已陆续共享过的部分海外佛书古籍批量2\韓國中央圖書館網站\1漢文佛教舊書2141份\6叢書合集210份\《成簣堂叢書》2份\CNTS-00047695801《成簣堂叢書（含白隱和尙垂示、淮海挐音、目江和尙錄、大梅夜話解說、一絲和尙行狀、佛頂國師年譜、南浦文之和尙、江湖風月集等等》（24冊）（德富猪一郞編）（日本1913年民友社木板本）{1頁壞}\CNTS-00047695801-14.pdf
CreateFile(系统找不到指定的路径。3) : X:\disks\027\A.非媒体文件1.0-disk1\02.机构资源\机构\大国学基金会115（已有）\早期已陆续共享过的部分海外佛书古籍批量1-2\早期已陆续共享过的部分海外佛书古籍批量2\韓國中央圖書館網站\1漢文佛教舊書2141份\6叢書合集210份\《成簣堂叢書》2份\CNTS-00047695801《成簣堂叢書（含白隱和尙垂示、淮海挐音、目江和尙錄、大梅夜話解說、一絲和尙行狀、佛頂國師年譜、南浦文之和尙、江湖風月集等等》（24冊）（德富猪一郞編）（日本1913年民友社木板本）{1頁壞}\CNTS-00047695801-15.pdf
CreateFile(系统找不到指定的路径。3) : X:\disks\027\A.非媒体文件1.0-disk1\02.机构资源\机构\大国学基金会115（已有）\早期已陆续共享过的部分海外佛书古籍批量1-2\早期已陆续共享过的部分海外佛书古籍批量2\韓國中央圖書館網站\1漢文佛教舊書2141份\6叢書合集210份\《成簣堂叢書》2份\CNTS-00047695801《成簣堂叢書（含白隱和尙垂示、淮海挐音、目江和尙錄、大梅夜話解說、一絲和尙行狀、佛頂國師年譜、南浦文之和尙、江湖風月集等等》（24冊）（德富猪一郞編）（日本1913年民友社木板本）{1頁壞}\CNTS-00047695801-16.pdf
CreateFile(系统找不到指定的路径。3) : X:\disks\027\A.非媒体文件1.0-disk1\02.机构资源\机构\大国学基金会115（已有）\早期已陆续共享过的部分海外佛书古籍批量1-2\早期已陆续共享过的部分海外佛书古籍批量2\韓國中央圖書館網站\1漢文佛教舊書2141份\6叢書合集210份\《成簣堂叢書》2份\CNTS-00047695801《成簣堂叢書（含白隱和尙垂示、淮海挐音、目江和尙錄、大梅夜話解說、一絲和尙行狀、佛頂國師年譜、南浦文之和尙、江湖風月集等等》（24冊）（德富猪一郞編）（日本1913年民友社木板本）{1頁壞}\CNTS-00047695801-17.pdf
CreateFile(系统找不到指定的路径。3) : X:\disks\027\A.非媒体文件1.0-disk1\02.机构资源\机构\大国学基金会115（已有）\早期已陆续共享过的部分海外佛书古籍批量1-2\早期已陆续共享过的部分海外佛书古籍批量2\韓國中央圖書館網站\1漢文佛教舊書2141份\6叢書合集210份\《成簣堂叢書》2份\CNTS-00047695801《成簣堂叢書（含白隱和尙垂示、淮海挐音、目江和尙錄、大梅夜話解說、一絲和尙行狀、佛頂國師年譜、南浦文之和尙、江湖風月集等等》（24冊）（德富猪一郞編）（日本1913年民友社木板本）{1頁壞}\CNTS-00047695801-18.pdf
CreateFile(系统找不到指定的路径。3) : X:\disks\027\A.非媒体文件1.0-disk1\02.机构资源\机构\大国学基金会115（已有）\早期已陆续共享过的部分海外佛书古籍批量1-2\早期已陆续共享过的部分海外佛书古籍批量2\韓國中央圖書館網站\1漢文佛教舊書2141份\6叢書合集210份\《成簣堂叢書》2份\CNTS-00047695801《成簣堂叢書（含白隱和尙垂示、淮海挐音、目江和尙錄、大梅夜話解說、一絲和尙行狀、佛頂國師年譜、南浦文之和尙、江湖風月集等等》（24冊）（德富猪一郞編）（日本1913年民友社木板本）{1頁壞}\CNTS-00047695801-19.pdf
CreateFile(系统找不到指定的路径。3) : X:\disks\027\A.非媒体文件1.0-disk1\02.机构资源\机构\大国学基金会115（已有）\早期已陆续共享过的部分海外佛书古籍批量1-2\早期已陆续共享过的部分海外佛书古籍批量2\韓國中央圖書館網站\1漢文佛教舊書2141份\6叢書合集210份\《成簣堂叢書》2份\CNTS-00047695801《成簣堂叢書（含白隱和尙垂示、淮海挐音、目江和尙錄、大梅夜話解說、一絲和尙行狀、佛頂國師年譜、南浦文之和尙、江湖風月集等等》（24冊）（德富猪一郞編）（日本1913年民友社木板本）{1頁壞}\CNTS-00047695801-2.pdf
CreateFile(系统找不到指定的路径。3) : X:\disks\027\A.非媒体文件1.0-disk1\02.机构资源\机构\大国学基金会115（已有）\早期已陆续共享过的部分海外佛书古籍批量1-2\早期已陆续共享过的部分海外佛书古籍批量2\韓國中央圖書館網站\1漢文佛教舊書2141份\6叢書合集210份\《成簣堂叢書》2份\CNTS-00047695801《成簣堂叢書（含白隱和尙垂示、淮海挐音、目江和尙錄、大梅夜話解說、一絲和尙行狀、佛頂國師年譜、南浦文之和尙、江湖風月集等等》（24冊）（德富猪一郞編）（日本1913年民友社木板本）{1頁壞}\CNTS-00047695801-20.pdf
CreateFile(系统找不到指定的路径。3) : X:\disks\027\A.非媒体文件1.0-disk1\02.机构资源\机构\大国学基金会115（已有）\早期已陆续共享过的部分海外佛书古籍批量1-2\早期已陆续共享过的部分海外佛书古籍批量2\韓國中央圖書館網站\1漢文佛教舊書2141份\6叢書合集210份\《成簣堂叢書》2份\CNTS-00047695801《成簣堂叢書（含白隱和尙垂示、淮海挐音、目江和尙錄、大梅夜話解說、一絲和尙行狀、佛頂國師年譜、南浦文之和尙、江湖風月集等等》（24冊）（德富猪一郞編）（日本1913年民友社木板本）{1頁壞}\CNTS-00047695801-21.pdf
CreateFile(系统找不到指定的路径。3) : X:\disks\027\A.非媒体文件1.0-disk1\02.机构资源\机构\大国学基金会115（已有）\早期已陆续共享过的部分海外佛书古籍批量1-2\早期已陆续共享过的部分海外佛书古籍批量2\韓國中央圖書館網站\1漢文佛教舊書2141份\6叢書合集210份\《成簣堂叢書》2份\CNTS-00047695801《成簣堂叢書（含白隱和尙垂示、淮海挐音、目江和尙錄、大梅夜話解說、一絲和尙行狀、佛頂國師年譜、南浦文之和尙、江湖風月集等等》（24冊）（德富猪一郞編）（日本1913年民友社木板本）{1頁壞}\CNTS-00047695801-22.pdf
CreateFile(系统找不到指定的路径。3) : X:\disks\027\A.非媒体文件1.0-disk1\02.机构资源\机构\大国学基金会115（已有）\早期已陆续共享过的部分海外佛书古籍批量1-2\早期已陆续共享过的部分海外佛书古籍批量2\韓國中央圖書館網站\1漢文佛教舊書2141份\6叢書合集210份\《成簣堂叢書》2份\CNTS-00047695801《成簣堂叢書（含白隱和尙垂示、淮海挐音、目江和尙錄、大梅夜話解說、一絲和尙行狀、佛頂國師年譜、南浦文之和尙、江湖風月集等等》（24冊）（德富猪一郞編）（日本1913年民友社木板本）{1頁壞}\CNTS-00047695801-23{p46壞}.pdf
CreateFile(系统找不到指定的路径。3) : X:\disks\027\A.非媒体文件1.0-disk1\02.机构资源\机构\大国学基金会115（已有）\早期已陆续共享过的部分海外佛书古籍批量1-2\早期已陆续共享过的部分海外佛书古籍批量2\韓國中央圖書館網站\1漢文佛教舊書2141份\6叢書合集210份\《成簣堂叢書》2份\CNTS-00047695801《成簣堂叢書（含白隱和尙垂示、淮海挐音、目江和尙錄、大梅夜話解說、一絲和尙行狀、佛頂國師年譜、南浦文之和尙、江湖風月集等等》（24冊）（德富猪一郞編）（日本1913年民友社木板本）{1頁壞}\CNTS-00047695801-24.pdf
CreateFile(系统找不到指定的路径。3) : X:\disks\027\A.非媒体文件1.0-disk1\02.机构资源\机构\大国学基金会115（已有）\早期已陆续共享过的部分海外佛书古籍批量1-2\早期已陆续共享过的部分海外佛书古籍批量2\韓國中央圖書館網站\1漢文佛教舊書2141份\6叢書合集210份\《成簣堂叢書》2份\CNTS-00047695801《成簣堂叢書（含白隱和尙垂示、淮海挐音、目江和尙錄、大梅夜話解說、一絲和尙行狀、佛頂國師年譜、南浦文之和尙、江湖風月集等等》（24冊）（德富猪一郞編）（日本1913年民友社木板本）{1頁壞}\CNTS-00047695801-3.pdf
CreateFile(系统找不到指定的路径。3) : X:\disks\027\A.非媒体文件1.0-disk1\02.机构资源\机构\大国学基金会115（已有）\早期已陆续共享过的部分海外佛书古籍批量1-2\早期已陆续共享过的部分海外佛书古籍批量2\韓國中央圖書館網站\1漢文佛教舊書2141份\6叢書合集210份\《成簣堂叢書》2份\CNTS-00047695801《成簣堂叢書（含白隱和尙垂示、淮海挐音、目江和尙錄、大梅夜話解說、一絲和尙行狀、佛頂國師年譜、南浦文之和尙、江湖風月集等等》（24冊）（德富猪一郞編）（日本1913年民友社木板本）{1頁壞}\CNTS-00047695801-4.pdf
CreateFile(系统找不到指定的路径。3) : X:\disks\027\A.非媒体文件1.0-disk1\02.机构资源\机构\大国学基金会115（已有）\早期已陆续共享过的部分海外佛书古籍批量1-2\早期已陆续共享过的部分海外佛书古籍批量2\韓國中央圖書館網站\1漢文佛教舊書2141份\6叢書合集210份\《成簣堂叢書》2份\CNTS-00047695801《成簣堂叢書（含白隱和尙垂示、淮海挐音、目江和尙錄、大梅夜話解說、一絲和尙行狀、佛頂國師年譜、南浦文之和尙、江湖風月集等等》（24冊）（德富猪一郞編）（日本1913年民友社木板本）{1頁壞}\CNTS-00047695801-5.pdf
CreateFile(系统找不到指定的路径。3) : X:\disks\027\A.非媒体文件1.0-disk1\02.机构资源\机构\大国学基金会115（已有）\早期已陆续共享过的部分海外佛书古籍批量1-2\早期已陆续共享过的部分海外佛书古籍批量2\韓國中央圖書館網站\1漢文佛教舊書2141份\6叢書合集210份\《成簣堂叢書》2份\CNTS-00047695801《成簣堂叢書（含白隱和尙垂示、淮海挐音、目江和尙錄、大梅夜話解說、一絲和尙行狀、佛頂國師年譜、南浦文之和尙、江湖風月集等等》（24冊）（德富猪一郞編）（日本1913年民友社木板本）{1頁壞}\CNTS-00047695801-6.pdf
CreateFile(系统找不到指定的路径。3) : X:\disks\027\A.非媒体文件1.0-disk1\02.机构资源\机构\大国学基金会115（已有）\早期已陆续共享过的部分海外佛书古籍批量1-2\早期已陆续共享过的部分海外佛书古籍批量2\韓國中央圖書館網站\1漢文佛教舊書2141份\6叢書合集210份\《成簣堂叢書》2份\CNTS-00047695801《成簣堂叢書（含白隱和尙垂示、淮海挐音、目江和尙錄、大梅夜話解說、一絲和尙行狀、佛頂國師年譜、南浦文之和尙、江湖風月集等等》（24冊）（德富猪一郞編）（日本1913年民友社木板本）{1頁壞}\CNTS-00047695801-7.pdf
CreateFile(系统找不到指定的路径。3) : X:\disks\027\A.非媒体文件1.0-disk1\02.机构资源\机构\大国学基金会115（已有）\早期已陆续共享过的部分海外佛书古籍批量1-2\早期已陆续共享过的部分海外佛书古籍批量2\韓國中央圖書館網站\1漢文佛教舊書2141份\6叢書合集210份\《成簣堂叢書》2份\CNTS-00047695801《成簣堂叢書（含白隱和尙垂示、淮海挐音、目江和尙錄、大梅夜話解說、一絲和尙行狀、佛頂國師年譜、南浦文之和尙、江湖風月集等等》（24冊）（德富猪一郞編）（日本1913年民友社木板本）{1頁壞}\CNTS-00047695801-8.pdf
CreateFile(系统找不到指定的路径。3) : X:\disks\027\A.非媒体文件1.0-disk1\02.机构资源\机构\大国学基金会115（已有）\早期已陆续共享过的部分海外佛书古籍批量1-2\早期已陆续共享过的部分海外佛书古籍批量2\韓國中央圖書館網站\1漢文佛教舊書2141份\6叢書合集210份\《成簣堂叢書》2份\CNTS-00047695801《成簣堂叢書（含白隱和尙垂示、淮海挐音、目江和尙錄、大梅夜話解說、一絲和尙行狀、佛頂國師年譜、南浦文之和尙、江湖風月集等等》（24冊）（德富猪一郞編）（日本1913年民友社木板本）{1頁壞}\CNTS-00047695801-9.pdf
CreateFile(系统找不到指定的路径。3) : X:\disks\027\A.非媒体文件1.0-disk1\02.机构资源\机构\大国学基金会115（已有）\早期已陆续共享过的部分海外佛书古籍批量1-2\早期已陆续共享过的部分海外佛书古籍批量2\韓國中央圖書館網站\1漢文佛教舊書2141份\6叢書合集210份\《成簣堂叢書》2份\CNTS-00047695801《成簣堂叢書（含白隱和尙垂示、淮海挐音、目江和尙錄、大梅夜話解說、一絲和尙行狀、佛頂國師年譜、南浦文之和尙、江湖風月集等等》（24冊）（德富猪一郞編）（日本1913年民友社木板本）{1頁壞}\CNTS-00047695801書目信息.doc
CreateDirectory(文件名、目录名或卷标语法不正确。123) : X:\disks\027\A.非媒体文件1.0-disk1\02.机构资源\机构\大国学基金会115（已有）\早期已陆续共享过的部分海外佛书古籍批量1-2\早期已陆续共享过的部分海外佛书古籍批量2\韓國中央圖書館網站\1漢文佛教舊書2141份\6叢書合集210份\單叢80份\CNTS-00047820059《解深密經疏，占察經玄義，盂蘭盆經疏新記，盂蘭盆經疏會古通今記，盂蘭盆經新疏，盂蘭盆經疏折中疏，盂蘭盆經略疏，藥師經古迹，藥師經直解，地藏經綸貫，地藏經科註，彌勒經遊意，彌勒上生經宗要，觀彌勒上生經疏，彌勒上生經疏，彌勒上生經瑞應鈔》（寶蓮閣1980年刊）{1頁壞}
CreateFile(系统找不到指定的路径。3) : X:\disks\027\A.非媒体文件1.0-disk1\02.机构资源\机构\大国学基金会115（已有）\早期已陆续共享过的部分海外佛书古籍批量1-2\早期已陆续共享过的部分海外佛书古籍批量2\韓國中央圖書館網站\1漢文佛教舊書2141份\6叢書合集210份\單叢80份\CNTS-00047820059《解深密經疏，占察經玄義，盂蘭盆經疏新記，盂蘭盆經疏會古通今記，盂蘭盆經新疏，盂蘭盆經疏折中疏，盂蘭盆經略疏，藥師經古迹，藥師經直解，地藏經綸貫，地藏經科註，彌勒經遊意，彌勒上生經宗要，觀彌勒上生經疏，彌勒上生經疏，彌勒上生經瑞應鈔》（寶蓮閣1980年刊）{1頁壞}\CNTS-00047...p723壞}.pdf
CreateFile(系统找不到指定的路径。3) : X:\disks\027\A.非媒体文件1.0-disk1\02.机构资源\机构\大国学基金会115（已有）\早期已陆续共享过的部分海外佛书古籍批量1-2\早期已陆续共享过的部分海外佛书古籍批量2\韓國中央圖書館網站\1漢文佛教舊書2141份\6叢書合集210份\單叢80份\CNTS-00047820059《解深密經疏，占察經玄義，盂蘭盆經疏新記，盂蘭盆經疏會古通今記，盂蘭盆經新疏，盂蘭盆經疏折中疏，盂蘭盆經略疏，藥師經古迹，藥師經直解，地藏經綸貫，地藏經科註，彌勒經遊意，彌勒上生經宗要，觀彌勒上生經疏，彌勒上生經疏，彌勒上生經瑞應鈔》（寶蓮閣1980年刊）{1頁壞}\CNTS-00047820059書目信息.doc
CreateDirectory(文件名、目录名或卷标语法不正确。123) : X:\disks\027\A.非媒体文件1.0-disk1\02.机构资源\机构\大国学基金会115（已有）\早期已陆续共享过的部分海外佛书古籍批量1-2\早期已陆续共享过的部分海外佛书古籍批量2\韓國中央圖書館網站\1漢文佛教舊書2141份\6叢書合集210份\單叢80份\CNTS-00047976340《諸經序（楞嚴經要解序，起信論序，金剛經序，圭峰密禪師疏論纂要序，圓覺經略鈔序，清涼國師碑銘，拈頌序，都序敘文，節要序，佛陀經序，禪要序，緇門序，華嚴經隨疏演義鈔序，宗鏡提頌綱要序，金刚经疏記會編序）》（1929年寫本）{1頁壞}
CreateFile(系统找不到指定的路径。3) : X:\disks\027\A.非媒体文件1.0-disk1\02.机构资源\机构\大国学基金会115（已有）\早期已陆续共享过的部分海外佛书古籍批量1-2\早期已陆续共享过的部分海外佛书古籍批量2\韓國中央圖書館網站\1漢文佛教舊書2141份\6叢書合集210份\單叢80份\CNTS-00047976340《諸經序（楞嚴經要解序，起信論序，金剛經序，圭峰密禪師疏論纂要序，圓覺經略鈔序，清涼國師碑銘，拈頌序，都序敘文，節要序，佛陀經序，禪要序，緇門序，華嚴經隨疏演義鈔序，宗鏡提頌綱要序，金刚经疏記會編序）》（1929年寫本）{1頁壞}\CNTS-00047976340-1{p11壞}.pdf
CreateFile(系统找不到指定的路径。3) : X:\disks\027\A.非媒体文件1.0-disk1\02.机构资源\机构\大国学基金会115（已有）\早期已陆续共享过的部分海外佛书古籍批量1-2\早期已陆续共享过的部分海外佛书古籍批量2\韓國中央圖書館網站\1漢文佛教舊書2141份\6叢書合集210份\單叢80份\CNTS-00047976340《諸經序（楞嚴經要解序，起信論序，金剛經序，圭峰密禪師疏論纂要序，圓覺經略鈔序，清涼國師碑銘，拈頌序，都序敘文，節要序，佛陀經序，禪要序，緇門序，華嚴經隨疏演義鈔序，宗鏡提頌綱要序，金刚经疏記會編序）》（1929年寫本）{1頁壞}\CNTS-00047976340書目信息.doc
CreateDirectory(文件名、目录名或卷标语法不正确。123) : X:\disks\027\A.非媒体文件1.0-disk1\02.机构资源\机构\大国学基金会115（已有）\早期已陆续共享过的部分海外佛书古籍批量1-2\早期已陆续共享过的部分海外佛书古籍批量2\韓國中央圖書館網站\1漢文佛教舊書2141份\6叢書合集210份\單叢80份\CNTS-00047979349《高麗版零葉集：十門和諍論、起信論疏、起信抄、持犯宗要、華嚴疏、華嚴孔目章、華嚴隨疏演義抄、起信論筆削記、佛說上天王天帝釋請命長生經、華嚴經如來出現品、修西方淨業儀》（高麗木板本，韓國海印寺1943年後刷）
CreateFile(系统找不到指定的路径。3) : X:\disks\027\A.非媒体文件1.0-disk1\02.机构资源\机构\大国学基金会115（已有）\早期已陆续共享过的部分海外佛书古籍批量1-2\早期已陆续共享过的部分海外佛书古籍批量2\韓國中央圖書館網站\1漢文佛教舊書2141份\6叢書合集210份\單叢80份\CNTS-00047979349《高麗版零葉集：十門和諍論、起信論疏、起信抄、持犯宗要、華嚴疏、華嚴孔目章、華嚴隨疏演義抄、起信論筆削記、佛說上天王天帝釋請命長生經、華嚴經如來出現品、修西方淨業儀》（高麗木板本，韓國海印寺1943年後刷）\CNTS-00047979349-1.pdf
CreateFile(系统找不到指定的路径。3) : X:\disks\027\A.非媒体文件1.0-disk1\02.机构资源\机构\大国学基金会115（已有）\早期已陆续共享过的部分海外佛书古籍批量1-2\早期已陆续共享过的部分海外佛书古籍批量2\韓國中央圖書館網站\1漢文佛教舊書2141份\6叢書合集210份\單叢80份\CNTS-00047979349《高麗版零葉集：十門和諍論、起信論疏、起信抄、持犯宗要、華嚴疏、華嚴孔目章、華嚴隨疏演義抄、起信論筆削記、佛說上天王天帝釋請命長生經、華嚴經如來出現品、修西方淨業儀》（高麗木板本，韓國海印寺1943年後刷）\CNTS-00047979349書目信息.doc
CreateDirectory(文件名、目录名或卷标语法不正确。123) : X:\disks\027\A.非媒体文件1.0-disk1\02.机构资源\机构\大国学基金会115（已有）\早期已陆续共享过的部分海外佛书古籍批量1-2\早期已陆续共享过的部分海外佛书古籍批量2\韓國中央圖書館網站\1漢文佛教舊書2141份\6叢書合集210份\單叢80份\CNTS-00047983662《（解厄吉昌）佛寶遺集（道場淸淨誦經法、會中施食誦經法等，度厄經，三災經，橫煞經，牛馬長生經，佛說眼目淸淨經，佛說金神七煞經》（金大震編）（慶北經卜組合1937年鉛活字本）｛漢韓文對照｝
CreateFile(系统找不到指定的路径。3) : X:\disks\027\A.非媒体文件1.0-disk1\02.机构资源\机构\大国学基金会115（已有）\早期已陆续共享过的部分海外佛书古籍批量1-2\早期已陆续共享过的部分海外佛书古籍批量2\韓國中央圖書館網站\1漢文佛教舊書2141份\6叢書合集210份\單叢80份\CNTS-00047983662《（解厄吉昌）佛寶遺集（道場淸淨誦經法、會中施食誦經法等，度厄經，三災經，橫煞經，牛馬長生經，佛說眼目淸淨經，佛說金神七煞經》（金大震編）（慶北經卜組合1937年鉛活字本）｛漢韓文對照｝\CNTS-00047983662-1.pdf
CreateFile(系统找不到指定的路径。3) : X:\disks\027\A.非媒体文件1.0-disk1\02.机构资源\机构\大国学基金会115（已有）\早期已陆续共享过的部分海外佛书古籍批量1-2\早期已陆续共享过的部分海外佛书古籍批量2\韓國中央圖書館網站\1漢文佛教舊書2141份\6叢書合集210份\單叢80份\CNTS-00047983662《（解厄吉昌）佛寶遺集（道場淸淨誦經法、會中施食誦經法等，度厄經，三災經，橫煞經，牛馬長生經，佛說眼目淸淨經，佛說金神七煞經》（金大震編）（慶北經卜組合1937年鉛活字本）｛漢韓文對照｝\CNTS-00047983662書目信息.doc
CreateDirectory(文件名、目录名或卷标语法不正确。123) : X:\disks\027\A.非媒体文件1.0-disk1\02.机构资源\机构\大国学基金会115（已有）\早期已陆续共享过的部分海外佛书古籍批量1-2\早期已陆续共享过的部分海外佛书古籍批量2\韓國中央圖書館網站\1漢文佛教舊書2141份\6叢書合集210份\單叢80份\CNTS-00061062004《佛說廣本大歲經；地心陀羅尼經（帶序）；天地八陽神咒經（帶序）；竈王經；歡喜竈王經；安宅神咒經；百煞神咒經；金神七煞經；龍王三昧經；敗目神咒經；度厄經；五姓反支經；堗堀經；明堂神經；救護身命經；牛馬長生經；三災消滅經；重眼神經》（龍藏寺1635年木板本）
CreateFile(系统找不到指定的路径。3) : X:\disks\027\A.非媒体文件1.0-disk1\02.机构资源\机构\大国学基金会115（已有）\早期已陆续共享过的部分海外佛书古籍批量1-2\早期已陆续共享过的部分海外佛书古籍批量2\韓國中央圖書館網站\1漢文佛教舊書2141份\6叢書合集210份\單叢80份\CNTS-00061062004《佛說廣本大歲經；地心陀羅尼經（帶序）；天地八陽神咒經（帶序）；竈王經；歡喜竈王經；安宅神咒經；百煞神咒經；金神七煞經；龍王三昧經；敗目神咒經；度厄經；五姓反支經；堗堀經；明堂神經；救護身命經；牛馬長生經；三災消滅經；重眼神經》（龍藏寺1635年木板本）\CNTS-00061062004-1.pdf
CreateFile(系统找不到指定的路径。3) : X:\disks\027\A.非媒体文件1.0-disk1\02.机构资源\机构\大国学基金会115（已有）\早期已陆续共享过的部分海外佛书古籍批量1-2\早期已陆续共享过的部分海外佛书古籍批量2\韓國中央圖書館網站\1漢文佛教舊書2141份\6叢書合集210份\單叢80份\CNTS-00061062004《佛說廣本大歲經；地心陀羅尼經（帶序）；天地八陽神咒經（帶序）；竈王經；歡喜竈王經；安宅神咒經；百煞神咒經；金神七煞經；龍王三昧經；敗目神咒經；度厄經；五姓反支經；堗堀經；明堂神經；救護身命經；牛馬長生經；三災消滅經；重眼神經》（龍藏寺1635年木板本）\CNTS-00061062004書目信息.doc
CreateDirectory(文件名、目录名或卷标语法不正确。123) : X:\disks\027\A.非媒体文件1.0-disk1\02.机构资源\网站\柯日密咒洲整站(文件核对版303G)普巴扎西仁波切 2022年8月下载\05 佛法答疑\02 佛教闻思 纯文字\014以妄语诓骗供养之皈依处上师与菩萨是忘失菩提心第一因，这一点绝不能犯。因为我们所依止的上师乃十方三世一切诸佛菩萨的总集，欺骗导师就是在欺骗十方三世一切诸佛菩萨，这是忘失菩提心的根本，应该及时断除。
CreateFile(文件名、目录名或卷标语法不正确。123) : X:\disks\027\A.非媒体文件1.0-disk1\02.机构资源\网站\柯日密咒洲整站(文件核对版303G)普巴扎西仁波切 2022年8月下载\05 佛法答疑\03 禅定精要 纯文字\11-15页\问：以前我早上坐着修法两个小时都没有问题，但是现在超过一个小时，昏沉就控制不住了。请上师开示，我能否将时间控制到一小时左右，并且多坐几次。这样一来，虽然时间每次减少了，但总长度并不少，这样是否可以.pdf
CreateFile(文件名、目录名或卷标语法不正确。123) : X:\disks\027\A.非媒体文件1.0-disk1\02.机构资源\网站\柯日密咒洲整站(文件核对版303G)普巴扎西仁波切 2022年8月下载\05 佛法答疑\03 禅定精要 纯文字\11-15页\问：在《如意宝藏——上师瑜伽之圆满引导》中讲到，刚入门的弟子如果对皈依境不太熟悉，可以把皈依境放大置于眼前，修法时直接去观。但平时我们看皈依境时，也是用眼睛看，这与修法时的观想皈依境，有何区别.pdf
CreateFile(文件名、目录名或卷标语法不正确。123) : X:\disks\027\A.非媒体文件1.0-disk1\02.机构资源\网站\柯日密咒洲整站(文件核对版303G)普巴扎西仁波切 2022年8月下载\05 佛法答疑\03 禅定精要 纯文字\11-15页\问：弟子修上师瑜伽有一段时间了，现在每座都以观察修和安住修交替修行，但妄念还是难以控制。妄念来的时候，自己不知道，就会跟着跑，跑了一会儿发现不对，就把心收回来，赶紧观察修，后面好不容易安住了，妄念又来了。我修上师瑜伽时，似乎永远是在跟妄念赛跑、拔河。不知道有没有什么办法.pdf
CreateFile(文件名、目录名或卷标语法不正确。123) : X:\disks\027\A.非媒体文件1.0-disk1\02.机构资源\网站\柯日密咒洲整站(文件核对版303G)普巴扎西仁波切 2022年8月下载\05 佛法答疑\03 禅定精要 纯文字\11-15页\问：弟子还想讲一个梦，大约二十年前，弟子发愿三步一拜朝拜圣地，快到的时候我头痛得快死了，但我还是坚持拜到目的地。当天晚上就梦到法王如意宝，伸出大手摸了一下我的头，我感觉特别清凉，醒来就不头痛了.pdf
CreateFile(文件名、目录名或卷标语法不正确。123) : X:\disks\027\A.非媒体文件1.0-disk1\02.机构资源\网站\柯日密咒洲整站(文件核对版303G)普巴扎西仁波切 2022年8月下载\05 佛法答疑\03 禅定精要 纯文字\11-15页\问：我以前修习禅定的时候感觉很好，但最近修习禅定和念诵仪轨感觉提不起正念的力量，似乎只是坐在那里走个过程，和以前大不一样。而且祈祷您的时候也觉得您特别远。我现在很迷惑，感觉自己信心退转得很厉害。请问上师，现在这种情况该怎么调伏？.pdf
CreateFile(文件名、目录名或卷标语法不正确。123) : X:\disks\027\A.非媒体文件1.0-disk1\02.机构资源\网站\柯日密咒洲整站(文件核对版303G)普巴扎西仁波切 2022年8月下载\05 佛法答疑\03 禅定精要 纯文字\11-15页\问：有些人会问：“在实际修行中，前行之前行、入座前行不会花很长时间，但若思维共同外前行，可能时间会长一些，随之后面正行中的念诵仪轨和打坐的时间就会缩短。但若不观想共同外前行，又该怎么修呢？正行之前的这些过程一般需要多长时间呢？.pdf
CreateFile(文件名、目录名或卷标语法不正确。123) : X:\disks\027\A.非媒体文件1.0-disk1\02.机构资源\网站\柯日密咒洲整站(文件核对版303G)普巴扎西仁波切 2022年8月下载\05 佛法答疑\03 禅定精要 纯文字\11-15页\问：请教上师，我在座上或在修梦光明时，通过上师瑜伽的各种调伏方法，能进入一种比较稳定的状态：有一定的清明度，知道自己看到的是什么、听见的是什么，有时身上有一些感觉，都能知道，同时不会起什么念头，一直在这种状态里。请问就修行而言，这种状态对吗.pdf
CreateFile(文件名、目录名或卷标语法不正确。123) : X:\disks\027\A.非媒体文件1.0-disk1\02.机构资源\网站\柯日密咒洲整站(文件核对版303G)普巴扎西仁波切 2022年8月下载\05 佛法答疑\03 禅定精要 纯文字\16-19页\问：修上师瑜伽导修时，需要尽力念颂莲师心咒。弟子的困惑是：平常习惯念观音心咒，此时是否可以念观音心咒或者其它心咒来对治妄念？记得以往您讲授过如果改造一部车子，速度可能不及改造前。.pdf
CreateFile(文件名、目录名或卷标语法不正确。123) : X:\disks\027\A.非媒体文件1.0-disk1\02.机构资源\网站\柯日密咒洲整站(文件核对版303G)普巴扎西仁波切 2022年8月下载\05 佛法答疑\03 禅定精要 纯文字\16-19页\问：初步修行有相止时，将上师皈依境观想在自己对面，依靠意念造作观想上师圆满具足“遍知、大悲、救度众生之力量”三种功德，但是内心总是没有特别具体而深刻的感受。然而有时想到上师对我说的几句话或是一个微笑，心里会特别温暖。请问此时我是否应该以此境相作为皈依境？.pdf
CreateFile(文件名、目录名或卷标语法不正确。123) : X:\disks\027\A.非媒体文件1.0-disk1\02.机构资源\网站\柯日密咒洲整站(文件核对版303G)普巴扎西仁波切 2022年8月下载\05 佛法答疑\03 禅定精要 纯文字\16-19页\问：弟子在座上，心收回来，感觉比较清净，没有很粗大的妄念，感觉后面的念诵好像是在给自己听，自己在和自己发愿。弟子知道空性是上师，那么弟子座下的时候可不可以也这样念诵，而不用观想对面虚空中的上师而祈祷发愿念诵呢？.pdf
CreateFile(文件名、目录名或卷标语法不正确。123) : X:\disks\027\A.非媒体文件1.0-disk1\02.机构资源\网站\柯日密咒洲整站(文件核对版303G)普巴扎西仁波切 2022年8月下载\05 佛法答疑\03 禅定精要 纯文字\16-19页\问：我修上师瑜伽的观察修时，念诵莲师心咒，念一会儿发现妄念越来越多。此时，我马上觉察，提起正念。过一会儿，妄念又来了。请问上师，此时我是继续观察修，还是停止念诵心咒，观共同外前行好，还是把心安住一会儿，等平静下来，进行安住修？.pdf
CreateFile(文件名、目录名或卷标语法不正确。123) : X:\disks\027\A.非媒体文件1.0-disk1\02.机构资源\网站\柯日密咒洲整站(文件核对版303G)普巴扎西仁波切 2022年8月下载\05 佛法答疑\03 禅定精要 纯文字\16-19页\问：我在打坐的时候见到房间内云烟滚滚飘来，（上师说：起火了吧？）这时候我呼吸几乎停止了，（上师说：哇！天哪！）此后见到窗外房屋村庄如镜中影，心底有乐、明、无念觉受，不知如是觉受是否正确？.pdf
CreateFile(文件名、目录名或卷标语法不正确。123) : X:\disks\027\A.非媒体文件1.0-disk1\02.机构资源\网站\柯日密咒洲整站(文件核对版303G)普巴扎西仁波切 2022年8月下载\05 佛法答疑\03 禅定精要 纯文字\16-19页\问：我思维菩提心四无量心全是自我对话，心越想越灵活，越来越丰富，沒有跑题，但不可能感到累，二小时也津津有味，还都在一个題上，理解不了怎么能想得累了自然安住。当初座上思维修，是为了止观交修而止观交修，想明白一点，就安住一会儿，但不是因为心累了自然安住，而是刻意停住思维的心，祈请大恩上师指点。.pdf
CreateFile(文件名、目录名或卷标语法不正确。123) : X:\disks\027\A.非媒体文件1.0-disk1\02.机构资源\网站\柯日密咒洲整站(文件核对版303G)普巴扎西仁波切 2022年8月下载\05 佛法答疑\03 禅定精要 纯文字\16-19页\问：现前很多修学者往往有如下弊端：念诵心咒时随心而诵，随意而止，甚至间或应答世俗语；禅修时若遇琐事，起座即走；有者觉得每次修法后当下回向麻烦，意欲晚间集中回向。如上未及时回向之行持有何过失？.pdf
CreateFile(文件名、目录名或卷标语法不正确。123) : X:\disks\027\A.非媒体文件1.0-disk1\02.机构资源\网站\柯日密咒洲整站(文件核对版303G)普巴扎西仁波切 2022年8月下载\05 佛法答疑\03 禅定精要 纯文字\16-19页\问：禅修时，有时能看见光、佛菩萨的坛城或是山川河流；：有时觉得自己禅修的状态甚佳，有一种宁静的喜悦，怎么也不想出定；有时感觉自己好像能知道别人在想什么；有时感觉一切都是空的；有时感觉身体好象消失了；有时内心一片光明，一念不生……请问这些现象说明了什么？是见解增上的功德吗？遇到这种情况应该如何处理？.pdf
CreateFile(文件名、目录名或卷标语法不正确。123) : X:\disks\027\A.非媒体文件1.0-disk1\02.机构资源\网站\柯日密咒洲整站(文件核对版303G)普巴扎西仁波切 2022年8月下载\05 佛法答疑\03 禅定精要 纯文字\20-29页\问：修上师瑜伽导修时，需要尽力念颂莲师心咒。弟子的困惑是：平常习惯念观音心咒，此时是否可以念观音心咒或者其它心咒来对治妄念？记得以往您讲授过一部车子，如果改动，速度可能不及改造前。.pdf
CreateFile(文件名、目录名或卷标语法不正确。123) : X:\disks\027\A.非媒体文件1.0-disk1\02.机构资源\网站\柯日密咒洲整站(文件核对版303G)普巴扎西仁波切 2022年8月下载\05 佛法答疑\03 禅定精要 纯文字\20-29页\问：初步修行有相止时，将上师皈依境观想在自己对面，依靠意念造作观想上师圆满具足“遍知、大悲、救度众生之力量”三种功德，但是内心总是没有特别具体而深刻的感受。然而有时想到上师对我说的几句话或是一个微笑，心里会特别温暖。请问此时我是否应该以此境相作为皈依境？.pdf
CreateFile(文件名、目录名或卷标语法不正确。123) : X:\disks\027\A.非媒体文件1.0-disk1\02.机构资源\网站\柯日密咒洲整站(文件核对版303G)普巴扎西仁波切 2022年8月下载\05 佛法答疑\03 禅定精要 纯文字\20-29页\问：在修有相定观想皈依境的时候，心安住在皈依境之上。随着妄念逐渐澄清，皈依境也随之消失，此时心当下安住在无念清明状态之中，但眼前能看到景象，不是第八识，五根识也未遮止。内心明了，有觉性，这样修可不可以？还是一直都不能丢掉皈依境，必须一直观皈依境？.pdf
CreateFile(文件名、目录名或卷标语法不正确。123) : X:\disks\027\A.非媒体文件1.0-disk1\02.机构资源\网站\柯日密咒洲整站(文件核对版303G)普巴扎西仁波切 2022年8月下载\05 佛法答疑\03 禅定精要 纯文字\20-29页\问：在修粗直视调伏妄念即共同观察心之来住去的时候，观想：对外——山河大地，内——自身皮肉血骨分析为空性。身分析为空性，所观的心没有来住去，能观的心也没有。最后反观能观的心时，没有形状、颜色、大小，也不是单空。这时候，自然安住在说不出来的状态中，是否可以这么修？.pdf
CreateFile(文件名、目录名或卷标语法不正确。123) : X:\disks\027\A.非媒体文件1.0-disk1\02.机构资源\网站\柯日密咒洲整站(文件核对版303G)普巴扎西仁波切 2022年8月下载\05 佛法答疑\03 禅定精要 纯文字\20-29页\问：在观轮回过患比如地狱有情的痛苦时，有时会十分强烈地感受到身体痛紧，由此可生起大悲菩提心；如果感受不是十分强烈，出离心和悲心也不是很强烈。请问如何将强烈感受与空性修法结合到一起？.pdf
CreateFile(文件名、目录名或卷标语法不正确。123) : X:\disks\027\A.非媒体文件1.0-disk1\02.机构资源\网站\柯日密咒洲整站(文件核对版303G)普巴扎西仁波切 2022年8月下载\05 佛法答疑\03 禅定精要 纯文字\20-29页\问：我修上师瑜伽的观察修时，念诵莲师心咒，念一会儿发现妄念越来越多。此时，我马上觉察，提起正念。过一会儿，妄念又来了。请问上师，此时我是继续观察修，还是停止念诵心咒，观共同外前行好，还是把心安住一会儿，等平静下来，进行安住修？.pdf
CreateFile(文件名、目录名或卷标语法不正确。123) : X:\disks\027\A.非媒体文件1.0-disk1\02.机构资源\网站\柯日密咒洲整站(文件核对版303G)普巴扎西仁波切 2022年8月下载\05 佛法答疑\03 禅定精要 纯文字\20-29页\问：有时听闻及思考教言，心里真正觉得一切事物如此虚幻，好像墙壁、地板等都好像可以穿透一样。心中对一切事物的执著减轻，很轻松愉快，但这种状态一会儿就消失了。请问上师如何护持这种状态？.pdf
CreateFile(文件名、目录名或卷标语法不正确。123) : X:\disks\027\A.非媒体文件1.0-disk1\02.机构资源\网站\柯日密咒洲整站(文件核对版303G)普巴扎西仁波切 2022年8月下载\05 佛法答疑\03 禅定精要 纯文字\20-29页\问：现前很多修学者往往有如下弊端：念诵心咒时随心而诵，随意而止，甚至间或应答世俗语；禅修时若遇琐事，起座即走；有者觉得每次修法后当下回向麻烦，意欲晚间集中回向。如上未及时回向之行持有何过失？.pdf
CreateFile(文件名、目录名或卷标语法不正确。123) : X:\disks\027\A.非媒体文件1.0-disk1\02.机构资源\网站\柯日密咒洲整站(文件核对版303G)普巴扎西仁波切 2022年8月下载\05 佛法答疑\03 禅定精要 纯文字\20-29页\问：禅修时，有时能看见光、佛菩萨的坛城或是山川河流；：有时觉得自己禅修的状态甚佳，有一种宁静的喜悦，怎么也不想出定；有时感觉自己好像能知道别人在想什么；有时感觉一切都是空的；有时感觉身体好象消失了；有时内心一片光明，一念不生……请问这些现象说明了什么？是见解增上的功德吗？遇到这种情况应该如何处理？.pdf
CreateFile(文件名、目录名或卷标语法不正确。123) : X:\disks\027\A.非媒体文件1.0-disk1\02.机构资源\网站\柯日密咒洲整站(文件核对版303G)普巴扎西仁波切 2022年8月下载\05 佛法答疑\03 禅定精要 纯文字\20-29页\问：第二本净显现的时候出现幻相，是否因为意识没有完全离开身体？若要是没有离开的话，没有修行过的人，为亡者修破瓦法能否成功？修破瓦法成功与否是不是与亡者的根机和施破瓦者的功德有关？若意识离开亡者的身体了，为死者修破瓦法有用吗？.pdf
CreateFile(文件名、目录名或卷标语法不正确。123) : X:\disks\027\A.非媒体文件1.0-disk1\02.机构资源\网站\柯日密咒洲整站(文件核对版303G)普巴扎西仁波切 2022年8月下载\05 佛法答疑\03 禅定精要 纯文字\20-29页\问：请问排九节风时，第一步“右手结印成三股金刚杵，以中指抵住右鼻孔，从左鼻孔以先缓、中快、后缓的方式排气三次，所排之气如小麦形状（两头细中间粗），观无始以来至今嗔心所造一切罪业及病魔，如灰白色之垢气排出而获得清净”，其原理是什么？.pdf
CreateFile(文件名、目录名或卷标语法不正确。123) : X:\disks\027\A.非媒体文件1.0-disk1\02.机构资源\网站\柯日密咒洲整站(文件核对版303G)普巴扎西仁波切 2022年8月下载\05 佛法答疑\03 禅定精要 纯文字\20-29页\问：请问排九节风时，第二步“右手结金刚拳，置于右大腿动脉之上；左手结三股金刚杵，以中指抵住左鼻孔从右鼻孔排气三次，观无始以来由贪心所造一切罪业及病魔如暗红色的风排出而获得清净。”其原理是什么？.pdf
CreateFile(文件名、目录名或卷标语法不正确。123) : X:\disks\027\A.非媒体文件1.0-disk1\02.机构资源\网站\柯日密咒洲整站(文件核对版303G)普巴扎西仁波切 2022年8月下载\05 佛法答疑\03 禅定精要 纯文字\20-29页\问：顶礼大恩根本上师！祈请大恩上师慈悲开示：《如意宝藏》中说，“从有相止趋入无相止之时，一切所缘自然消尽，于无有昏掉之清明中安住。”请问这里所指的所缘境，是指的眼前依然看得见听得着，但心已松开了，没那么执著，所见所闻在心中自然呈现，而不是造作出来的，心已不顺着飘动了，而不是眼前什么东西都没有了，消失不见了。这样是对的吗？.pdf
CreateFile(文件名、目录名或卷标语法不正确。123) : X:\disks\027\A.非媒体文件1.0-disk1\03.弘法大德\10【汉传】\宣化上人【373.54GB】12431\宣化上人图片629\大陆及香港时期——34\a31——59年农历七月，延请十方大德师僧，为虚老顶礼消灾延寿药师宝忏，延生普佛。农历十月十二日（农历九月十一日，下午一时四十五分）虚老圆寂于云居山真如禅寺。农历十月初四，遣薛果凤、马果仙两居士赴云居山，迎虚老舍利及灵骨供养。图为59年纪念虚公120岁
CreateFile(文件名、目录名或卷标语法不正确。123) : X:\disks\027\A.非媒体文件1.0-disk1\03.弘法大德\10【汉传】\宣化上人【373.54GB】12431\宣化上人图片629\美国60年代——28\b21b——68年暑期楞严班之后，一花开五叶——五位美国人在上人座下出家，至台湾基隆海会寺受具足戒，是美国始有僧相的记录.（68年春节时上人预言当年美国佛教会有五朵莲花出现，意当指此）.jpg
CreateFile(文件名、目录名或卷标语法不正确。123) : X:\disks\027\A.非媒体文件1.0-disk1\03.弘法大德\10【汉传】\宣化上人【373.54GB】12431\宣化上人图片629\美国70年代——70\b40——73年金山禅寺剃度仪式(六位新出家人分别是香港佛教讲堂的捐赠人恒夫、曾带着一把斧头拜访上人而被上人揭穿的恒斧、西班牙文弥陀经的翻译恒珍、打过72天饿七的恒空、三藩市一位商人的独子恒禄、来自南非的恒沈.jpg
CreateFile(文件名、目录名或卷标语法不正确。123) : X:\disks\027\A.非媒体文件1.0-disk1\03.弘法大德\10【汉传】\宣化上人【373.54GB】12431\宣化上人图片629\美国70年代——70\b46——74年美籍出家弟子恒具、恒由两行者，为祈世界和平，73年开始由三藩市三步一拜至西雅图金峰圣寺，创美国佛教史第一次三步一拜的先例，上人于三藩市庆祝从三藩市三步一拜拜到华盛顿以祈求世界和平的恒具比丘朝拜圆满.jpg
CreateFile(文件名、目录名或卷标语法不正确。123) : X:\disks\027\A.非媒体文件1.0-disk1\03.弘法大德\10【汉传】\宣化上人【373.54GB】12431\宣化上人图片629\美国70年代——70\b54——75年上人与慧僧法师在为大学生讲法（多年来上人曾在柏克莱加大、戴维斯加大、洛杉矶南加大、史旦福大学、威斯康辛大学、明尼苏达大学、汉堡大学、奥立岡大学、华盛顿大学、夏威夷大学、加拿大卑诗大学讲演佛法）.jpg
CreateFile(文件名、目录名或卷标语法不正确。123) : X:\disks\027\A.非媒体文件1.0-disk1\03.弘法大德\10【汉传】\宣化上人【373.54GB】12431\宣化上人图片629\美国70年代——70\b73——1978 年，宣化上人率领‘中美佛教总会暨万佛城法界大学亚洲访问团’莅马，在马全国各地宣讲 地藏经 。在四十二天的弘法及参观访问中，归依三宝者达六千余人，打破全马佛教弘法纪录。.jpg
CreateFile(文件名、目录名或卷标语法不正确。123) : X:\disks\027\A.非媒体文件1.0-disk1\03.弘法大德\10【汉传】\宣化上人【373.54GB】12431\宣化上人图片629\美国80年代——43\b116——87年应上人邀请包括明旸法师、真禅法师、妙善法师在内的中国佛教法务团来圣城举办水陆空大法会，这是中国佛教史上，人数最多，路途最远的一次法务活动，从海内外赴会者有数千人.jpg
CreateFile(文件名、目录名或卷标语法不正确。123) : X:\disks\027\A.非媒体文件1.0-disk1\03.弘法大德\10【汉传】\宣化上人【373.54GB】12431\宣化上人图片629\美国80年代——43\b118——88年、89年两次至加拿大卑诗大学讲演：大学要旨，儒教：做人的根本、如何在现代社会发扬中国传统美德、智能及和谐之追寻；我们对社会国家及世界之责任、科技之根本、如何以佛教观点掌握生命
CreateFile(文件名、目录名或卷标语法不正确。123) : X:\disks\027\A.非媒体文件1.0-disk1\03.弘法大德\10【汉传】\宣化上人【373.54GB】12431\宣化上人图片629\美国80年代——43\b118——88年、89年两次至加拿大卑诗大学讲演：大学要旨，儒教：做人的根本、如何在现代社会发扬中国传统美德、智能及和谐之追寻；我们对社会国家及世界之责任、科技之根本、如何以佛教观点掌握生命.jpg
CreateFile(文件名、目录名或卷标语法不正确。123) : X:\disks\027\A.非媒体文件1.0-disk1\03.弘法大德\10【汉传】\宣化上人【373.54GB】12431\宣化上人图片629\美国80年代——43\b129——89年10、11月上人率领法界佛教总会、法界佛教大学第四次国际弘法团赴台湾举行护国息灾法会，其间三藩市发生强烈地震，上人立即返美救灾（上人曾说他在三藩市一天就不允许三藩市地震）.jpg
CreateDirectory(文件名、目录名或卷标语法不正确。123) : X:\disks\027\A.非媒体文件1.0-disk1\04.热门经典\D.佛经\大般若波羅蜜多經網購\21874-大乘中观释论-顺中论义入大般若波罗蜜经初品法门-百字论-百论-广百论本-十八空论-取因假设论-观总相论颂-掌中论-解卷论-入大乘论-佛性论-究竟一乘宝性论(1913年版)-频伽精舍-大藏经-21874(1)
CreateFile(系统找不到指定的路径。3) : X:\disks\027\A.非媒体文件1.0-disk1\04.热门经典\D.佛经\大般若波羅蜜多經網購\21874-大乘中观释论-顺中论义入大般若波罗蜜经初品法门-百字论-百论-广百论本-十八空论-取因假设论-观总相论颂-掌中论-解卷论-入大乘论-佛性论-究竟一乘宝性论(1913年版)-频伽精舍-大藏经-21874(1)\21874-大乘中观释论-顺中论义入大般若波罗蜜经初品法门-百字论-百论-广百论本-十八空论-取因假设论-观总相论颂-掌中论-解卷论-入大乘论-佛性论-究竟一乘宝性论(1913年版)-频伽精舍-大藏经-21874
CreateDirectory(文件名、目录名或卷标语法不正确。123) : X:\disks\027\A.非媒体文件1.0-disk1\04.热门经典\D.佛经1\大般若波羅蜜多經網購\21874-大乘中观释论-顺中论义入大般若波罗蜜经初品法门-百字论-百论-广百论本-十八空论-取因假设论-观总相论颂-掌中论-解卷论-入大乘论-佛性论-究竟一乘宝性论(1913年版)-频伽精舍-大藏经-21874(1)
CreateFile(系统找不到指定的路径。3) : X:\disks\027\A.非媒体文件1.0-disk1\04.热门经典\D.佛经1\大般若波羅蜜多經網購\21874-大乘中观释论-顺中论义入大般若波罗蜜经初品法门-百字论-百论-广百论本-十八空论-取因假设论-观总相论颂-掌中论-解卷论-入大乘论-佛性论-究竟一乘宝性论(1913年版)-频伽精舍-大藏经-21874(1)\21874-大乘中观释论-顺中论义入大般若波罗蜜经初品法门-百字论-百论-广百论本-十八空论-取因假设论-观总相论颂-掌中论-解卷论-入大乘论-佛性论-究竟一乘宝性论(1913年版)-频伽精舍-大藏经-21874
CreateFile(文件名、目录名或卷标语法不正确。123) : X:\disks\027\A.非媒体文件1.0-disk1\04.热门经典\E.论及论疏\【俱舍论】\俱舍論及頌疏諸註對照\txt\梵藏\TD4421.01(tho001)ཆོས་མངོན་པ་མཛོད་ཀྱི་བཤད་པའི་རྒྱ་ཆེར་འགྲེལ་པ་དོན་གྱི་དེ་ཁོ་ན་ཉིད་ཅེས་བྱ་བ། བློ་གྲོས་བརྟན་པ།.txt
CreateFile(文件名、目录名或卷标语法不正确。123) : X:\disks\027\A.非媒体文件1.0-disk1\04.热门经典\E.论及论疏\【俱舍论】\俱舍論及頌疏諸註對照\txt\梵藏\མཆིམས་ནམ་མཁའ་གྲགས་ཀྱི་རྣམ་ཐར། (ནམ་མཁའ་གྲགས་པ། རྣར་ཐང་མཁན་ཆེན་07། 1210-1267)(1285 སྨོན་ལམ་ཚུལ་ཁྲིམས སྐྱོ་སྟོན། 1219-1299)_མཆིམས་འཇམ་པའི་དབྱངས་ W26623-5290-1-102-any.pdf
CreateFile(文件名、目录名或卷标语法不正确。123) : X:\disks\027\A.非媒体文件1.0-disk1\04.热门经典\E.论及论疏\【俱舍论】\俱舍論及頌疏諸註對照\txt\梵藏\རྗེ་གུང་ཐང་བློ་གྲོས་རྒྱ་མཚོའི་མཛོད། ཆོས་མངོན་རྒྱ་མཚོའི་དགོངས་དོན་བརྗེད་བྱང་དུ་བཀོད་པ། .pdf
CreateFile(文件名、目录名或卷标语法不正确。123) : X:\disks\027\A.非媒体文件1.0-disk1\04.热门经典\E.论及论疏\【俱舍论】\俱舍論及頌疏諸註對照(1)\txt\梵藏\TD4093.02(chu001)ཆོས་མངོན་པའི་མཛོད་ཀྱི་འགྲེལ་བཤད་མཚན་ཉིད་ཀྱི་རྗེས་སུ་འབྲང་བ་ཞེས་བྱ་བ། གང་བ་སྤེལ།.txt
CreateFile(文件名、目录名或卷标语法不正确。123) : X:\disks\027\A.非媒体文件1.0-disk1\04.热门经典\E.论及论疏1\【俱舍论】\俱舍論及頌疏諸註對照\txt\梵藏\TD4093.02(chu001)ཆོས་མངོན་པའི་མཛོད་ཀྱི་འགྲེལ་བཤད་མཚན་ཉིད་ཀྱི་རྗེས་སུ་འབྲང་བ་ཞེས་བྱ་བ། གང་བ་སྤེལ།.txt
CreateFile(文件名、目录名或卷标语法不正确。123) : X:\disks\027\A.非媒体文件1.0-disk1\04.热门经典\E.论及论疏1\【俱舍论】\俱舍論及頌疏諸註對照\txt\梵藏\TD4421.01(tho001)ཆོས་མངོན་པ་མཛོད་ཀྱི་བཤད་པའི་རྒྱ་ཆེར་འགྲེལ་པ་དོན་གྱི་དེ་ཁོ་ན་ཉིད་ཅེས་བྱ་བ། བློ་གྲོས་བརྟན་པ།.txt
CreateFile(文件名、目录名或卷标语法不正确。123) : X:\disks\027\A.非媒体文件1.0-disk1\04.热门经典\E.论及论疏1\【俱舍论】\俱舍論及頌疏諸註對照\txt\梵藏\མཆིམས་ནམ་མཁའ་གྲགས་ཀྱི་རྣམ་ཐར། (ནམ་མཁའ་གྲགས་པ། རྣར་ཐང་མཁན་ཆེན་07། 1210-1267)(1285 སྨོན་ལམ་ཚུལ་ཁྲིམས སྐྱོ་སྟོན། 1219-1299)_མཆིམས་འཇམ་པའི་དབྱངས་ W26623-5290-1-102-any.pdf
CreateFile(文件名、目录名或卷标语法不正确。123) : X:\disks\027\A.非媒体文件1.0-disk1\04.热门经典\E.论及论疏1\【俱舍论】\俱舍論及頌疏諸註對照\txt\梵藏\རྗེ་གུང་ཐང་བློ་གྲོས་རྒྱ་མཚོའི་མཛོད། ཆོས་མངོན་རྒྱ་མཚོའི་དགོངས་དོན་བརྗེད་བྱང་དུ་བཀོད་པ། .pdf
CreateFile(文件名、目录名或卷标语法不正确。123) : X:\disks\027\A.非媒体文件1.0-disk1\04.热门经典\E.论及论疏1\【俱舍论】\俱舍論及頌疏諸註對照(1)\txt\梵藏\TD4093.02(chu001)ཆོས་མངོན་པའི་མཛོད་ཀྱི་འགྲེལ་བཤད་མཚན་ཉིད་ཀྱི་རྗེས་སུ་འབྲང་བ་ཞེས་བྱ་བ། གང་བ་སྤེལ།.txt
CreateFile(文件名、目录名或卷标语法不正确。123) : X:\disks\027\A.非媒体文件1.0-disk1\04.热门经典\E.论及论疏1\【俱舍论】\俱舍論及頌疏諸註對照(1)\txt\梵藏\TD4421.01(tho001)ཆོས་མངོན་པ་མཛོད་ཀྱི་བཤད་པའི་རྒྱ་ཆེར་འགྲེལ་པ་དོན་གྱི་དེ་ཁོ་ན་ཉིད་ཅེས་བྱ་བ། བློ་གྲོས་བརྟན་པ།.txt
CreateFile(文件名、目录名或卷标语法不正确。123) : X:\disks\027\A.非媒体文件1.0-disk1\04.热门经典\E.论及论疏1\【俱舍论】\俱舍論及頌疏諸註對照(1)\txt\梵藏\མཆིམས་ནམ་མཁའ་གྲགས་ཀྱི་རྣམ་ཐར། (ནམ་མཁའ་གྲགས་པ། རྣར་ཐང་མཁན་ཆེན་07། 1210-1267)(1285 སྨོན་ལམ་ཚུལ་ཁྲིམས སྐྱོ་སྟོན། 1219-1299)_མཆིམས་འཇམ་པའི་དབྱངས་ W26623-5290-1-102-any.pdf
CreateFile(文件名、目录名或卷标语法不正确。123) : X:\disks\027\A.非媒体文件1.0-disk1\04.热门经典\E.论及论疏1\【俱舍论】\俱舍論及頌疏諸註對照(1)\txt\梵藏\རྗེ་གུང་ཐང་བློ་གྲོས་རྒྱ་མཚོའི་མཛོད། ཆོས་མངོན་རྒྱ་མཚོའི་དགོངས་དོན་བརྗེད་བྱང་དུ་བཀོད་པ། .pdf

CreateDirectory(文件名、目录名或卷标语法不正确。123) : X:\disks\025\B.媒体文件\03.讲法音视频\普巴扎西仁波切\单人等多个文件\普巴扎西(3)\柯日密咒洲整站(文件核对版303G)普巴扎西仁波切 2022年8月下载\05 佛法答疑\02 佛教闻思 纯文字\014以妄语诓骗供养之皈依处上师与菩萨是忘失菩提心第一因，这一点绝不能犯。因为我们所依止的上师乃十方三世一切诸佛菩萨的总集，欺骗导师就是在欺骗十方三世一切诸佛菩萨，这是忘失菩提心的根本，应该及时断除。
CreateFile(文件名、目录名或卷标语法不正确。123) : X:\disks\025\B.媒体文件\03.讲法音视频\普巴扎西仁波切\单人等多个文件\普巴扎西(3)\柯日密咒洲整站(文件核对版303G)普巴扎西仁波切 2022年8月下载\05 佛法答疑\03 禅定精要 纯文字\11-15页\问：以前我早上坐着修法两个小时都没有问题，但是现在超过一个小时，昏沉就控制不住了。请上师开示，我能否将时间控制到一小时左右，并且多坐几次。这样一来，虽然时间每次减少了，但总长度并不少，这样是否可以.pdf
CreateFile(文件名、目录名或卷标语法不正确。123) : X:\disks\025\B.媒体文件\03.讲法音视频\普巴扎西仁波切\单人等多个文件\普巴扎西(3)\柯日密咒洲整站(文件核对版303G)普巴扎西仁波切 2022年8月下载\05 佛法答疑\03 禅定精要 纯文字\11-15页\问：在《如意宝藏——上师瑜伽之圆满引导》中讲到，刚入门的弟子如果对皈依境不太熟悉，可以把皈依境放大置于眼前，修法时直接去观。但平时我们看皈依境时，也是用眼睛看，这与修法时的观想皈依境，有何区别.pdf
CreateFile(文件名、目录名或卷标语法不正确。123) : X:\disks\025\B.媒体文件\03.讲法音视频\普巴扎西仁波切\单人等多个文件\普巴扎西(3)\柯日密咒洲整站(文件核对版303G)普巴扎西仁波切 2022年8月下载\05 佛法答疑\03 禅定精要 纯文字\11-15页\问：弟子修上师瑜伽有一段时间了，现在每座都以观察修和安住修交替修行，但妄念还是难以控制。妄念来的时候，自己不知道，就会跟着跑，跑了一会儿发现不对，就把心收回来，赶紧观察修，后面好不容易安住了，妄念又来了。我修上师瑜伽时，似乎永远是在跟妄念赛跑、拔河。不知道有没有什么办法.pdf
CreateFile(文件名、目录名或卷标语法不正确。123) : X:\disks\025\B.媒体文件\03.讲法音视频\普巴扎西仁波切\单人等多个文件\普巴扎西(3)\柯日密咒洲整站(文件核对版303G)普巴扎西仁波切 2022年8月下载\05 佛法答疑\03 禅定精要 纯文字\11-15页\问：弟子还想讲一个梦，大约二十年前，弟子发愿三步一拜朝拜圣地，快到的时候我头痛得快死了，但我还是坚持拜到目的地。当天晚上就梦到法王如意宝，伸出大手摸了一下我的头，我感觉特别清凉，醒来就不头痛了.pdf
CreateFile(文件名、目录名或卷标语法不正确。123) : X:\disks\025\B.媒体文件\03.讲法音视频\普巴扎西仁波切\单人等多个文件\普巴扎西(3)\柯日密咒洲整站(文件核对版303G)普巴扎西仁波切 2022年8月下载\05 佛法答疑\03 禅定精要 纯文字\11-15页\问：我以前修习禅定的时候感觉很好，但最近修习禅定和念诵仪轨感觉提不起正念的力量，似乎只是坐在那里走个过程，和以前大不一样。而且祈祷您的时候也觉得您特别远。我现在很迷惑，感觉自己信心退转得很厉害。请问上师，现在这种情况该怎么调伏？.pdf
CreateFile(文件名、目录名或卷标语法不正确。123) : X:\disks\025\B.媒体文件\03.讲法音视频\普巴扎西仁波切\单人等多个文件\普巴扎西(3)\柯日密咒洲整站(文件核对版303G)普巴扎西仁波切 2022年8月下载\05 佛法答疑\03 禅定精要 纯文字\11-15页\问：有些人会问：“在实际修行中，前行之前行、入座前行不会花很长时间，但若思维共同外前行，可能时间会长一些，随之后面正行中的念诵仪轨和打坐的时间就会缩短。但若不观想共同外前行，又该怎么修呢？正行之前的这些过程一般需要多长时间呢？.pdf
CreateFile(文件名、目录名或卷标语法不正确。123) : X:\disks\025\B.媒体文件\03.讲法音视频\普巴扎西仁波切\单人等多个文件\普巴扎西(3)\柯日密咒洲整站(文件核对版303G)普巴扎西仁波切 2022年8月下载\05 佛法答疑\03 禅定精要 纯文字\11-15页\问：请教上师，我在座上或在修梦光明时，通过上师瑜伽的各种调伏方法，能进入一种比较稳定的状态：有一定的清明度，知道自己看到的是什么、听见的是什么，有时身上有一些感觉，都能知道，同时不会起什么念头，一直在这种状态里。请问就修行而言，这种状态对吗.pdf
CreateFile(文件名、目录名或卷标语法不正确。123) : X:\disks\025\B.媒体文件\03.讲法音视频\普巴扎西仁波切\单人等多个文件\普巴扎西(3)\柯日密咒洲整站(文件核对版303G)普巴扎西仁波切 2022年8月下载\05 佛法答疑\03 禅定精要 纯文字\16-19页\问：修上师瑜伽导修时，需要尽力念颂莲师心咒。弟子的困惑是：平常习惯念观音心咒，此时是否可以念观音心咒或者其它心咒来对治妄念？记得以往您讲授过如果改造一部车子，速度可能不及改造前。.pdf
CreateFile(文件名、目录名或卷标语法不正确。123) : X:\disks\025\B.媒体文件\03.讲法音视频\普巴扎西仁波切\单人等多个文件\普巴扎西(3)\柯日密咒洲整站(文件核对版303G)普巴扎西仁波切 2022年8月下载\05 佛法答疑\03 禅定精要 纯文字\16-19页\问：初步修行有相止时，将上师皈依境观想在自己对面，依靠意念造作观想上师圆满具足“遍知、大悲、救度众生之力量”三种功德，但是内心总是没有特别具体而深刻的感受。然而有时想到上师对我说的几句话或是一个微笑，心里会特别温暖。请问此时我是否应该以此境相作为皈依境？.pdf
CreateFile(文件名、目录名或卷标语法不正确。123) : X:\disks\025\B.媒体文件\03.讲法音视频\普巴扎西仁波切\单人等多个文件\普巴扎西(3)\柯日密咒洲整站(文件核对版303G)普巴扎西仁波切 2022年8月下载\05 佛法答疑\03 禅定精要 纯文字\16-19页\问：弟子在座上，心收回来，感觉比较清净，没有很粗大的妄念，感觉后面的念诵好像是在给自己听，自己在和自己发愿。弟子知道空性是上师，那么弟子座下的时候可不可以也这样念诵，而不用观想对面虚空中的上师而祈祷发愿念诵呢？.pdf
CreateFile(文件名、目录名或卷标语法不正确。123) : X:\disks\025\B.媒体文件\03.讲法音视频\普巴扎西仁波切\单人等多个文件\普巴扎西(3)\柯日密咒洲整站(文件核对版303G)普巴扎西仁波切 2022年8月下载\05 佛法答疑\03 禅定精要 纯文字\16-19页\问：我修上师瑜伽的观察修时，念诵莲师心咒，念一会儿发现妄念越来越多。此时，我马上觉察，提起正念。过一会儿，妄念又来了。请问上师，此时我是继续观察修，还是停止念诵心咒，观共同外前行好，还是把心安住一会儿，等平静下来，进行安住修？.pdf
CreateFile(文件名、目录名或卷标语法不正确。123) : X:\disks\025\B.媒体文件\03.讲法音视频\普巴扎西仁波切\单人等多个文件\普巴扎西(3)\柯日密咒洲整站(文件核对版303G)普巴扎西仁波切 2022年8月下载\05 佛法答疑\03 禅定精要 纯文字\16-19页\问：我在打坐的时候见到房间内云烟滚滚飘来，（上师说：起火了吧？）这时候我呼吸几乎停止了，（上师说：哇！天哪！）此后见到窗外房屋村庄如镜中影，心底有乐、明、无念觉受，不知如是觉受是否正确？.pdf
CreateFile(文件名、目录名或卷标语法不正确。123) : X:\disks\025\B.媒体文件\03.讲法音视频\普巴扎西仁波切\单人等多个文件\普巴扎西(3)\柯日密咒洲整站(文件核对版303G)普巴扎西仁波切 2022年8月下载\05 佛法答疑\03 禅定精要 纯文字\16-19页\问：现前很多修学者往往有如下弊端：念诵心咒时随心而诵，随意而止，甚至间或应答世俗语；禅修时若遇琐事，起座即走；有者觉得每次修法后当下回向麻烦，意欲晚间集中回向。如上未及时回向之行持有何过失？.pdf
CreateFile(文件名、目录名或卷标语法不正确。123) : X:\disks\025\B.媒体文件\03.讲法音视频\普巴扎西仁波切\单人等多个文件\普巴扎西(3)\柯日密咒洲整站(文件核对版303G)普巴扎西仁波切 2022年8月下载\05 佛法答疑\03 禅定精要 纯文字\20-29页\问：修上师瑜伽导修时，需要尽力念颂莲师心咒。弟子的困惑是：平常习惯念观音心咒，此时是否可以念观音心咒或者其它心咒来对治妄念？记得以往您讲授过一部车子，如果改动，速度可能不及改造前。.pdf
CreateFile(文件名、目录名或卷标语法不正确。123) : X:\disks\025\B.媒体文件\03.讲法音视频\普巴扎西仁波切\单人等多个文件\普巴扎西(3)\柯日密咒洲整站(文件核对版303G)普巴扎西仁波切 2022年8月下载\05 佛法答疑\03 禅定精要 纯文字\20-29页\问：初步修行有相止时，将上师皈依境观想在自己对面，依靠意念造作观想上师圆满具足“遍知、大悲、救度众生之力量”三种功德，但是内心总是没有特别具体而深刻的感受。然而有时想到上师对我说的几句话或是一个微笑，心里会特别温暖。请问此时我是否应该以此境相作为皈依境？.pdf
CreateFile(文件名、目录名或卷标语法不正确。123) : X:\disks\025\B.媒体文件\03.讲法音视频\普巴扎西仁波切\单人等多个文件\普巴扎西(3)\柯日密咒洲整站(文件核对版303G)普巴扎西仁波切 2022年8月下载\05 佛法答疑\03 禅定精要 纯文字\20-29页\问：在修有相定观想皈依境的时候，心安住在皈依境之上。随着妄念逐渐澄清，皈依境也随之消失，此时心当下安住在无念清明状态之中，但眼前能看到景象，不是第八识，五根识也未遮止。内心明了，有觉性，这样修可不可以？还是一直都不能丢掉皈依境，必须一直观皈依境？.pdf
CreateFile(文件名、目录名或卷标语法不正确。123) : X:\disks\025\B.媒体文件\03.讲法音视频\普巴扎西仁波切\单人等多个文件\普巴扎西(3)\柯日密咒洲整站(文件核对版303G)普巴扎西仁波切 2022年8月下载\05 佛法答疑\03 禅定精要 纯文字\20-29页\问：在修粗直视调伏妄念即共同观察心之来住去的时候，观想：对外——山河大地，内——自身皮肉血骨分析为空性。身分析为空性，所观的心没有来住去，能观的心也没有。最后反观能观的心时，没有形状、颜色、大小，也不是单空。这时候，自然安住在说不出来的状态中，是否可以这么修？.pdf
CreateFile(文件名、目录名或卷标语法不正确。123) : X:\disks\025\B.媒体文件\03.讲法音视频\普巴扎西仁波切\单人等多个文件\普巴扎西(3)\柯日密咒洲整站(文件核对版303G)普巴扎西仁波切 2022年8月下载\05 佛法答疑\03 禅定精要 纯文字\20-29页\问：在观轮回过患比如地狱有情的痛苦时，有时会十分强烈地感受到身体痛紧，由此可生起大悲菩提心；如果感受不是十分强烈，出离心和悲心也不是很强烈。请问如何将强烈感受与空性修法结合到一起？.pdf
CreateFile(文件名、目录名或卷标语法不正确。123) : X:\disks\025\B.媒体文件\03.讲法音视频\普巴扎西仁波切\单人等多个文件\普巴扎西(3)\柯日密咒洲整站(文件核对版303G)普巴扎西仁波切 2022年8月下载\05 佛法答疑\03 禅定精要 纯文字\20-29页\问：我修上师瑜伽的观察修时，念诵莲师心咒，念一会儿发现妄念越来越多。此时，我马上觉察，提起正念。过一会儿，妄念又来了。请问上师，此时我是继续观察修，还是停止念诵心咒，观共同外前行好，还是把心安住一会儿，等平静下来，进行安住修？.pdf
CreateFile(文件名、目录名或卷标语法不正确。123) : X:\disks\025\B.媒体文件\03.讲法音视频\普巴扎西仁波切\单人等多个文件\普巴扎西(3)\柯日密咒洲整站(文件核对版303G)普巴扎西仁波切 2022年8月下载\05 佛法答疑\03 禅定精要 纯文字\20-29页\问：有时听闻及思考教言，心里真正觉得一切事物如此虚幻，好像墙壁、地板等都好像可以穿透一样。心中对一切事物的执著减轻，很轻松愉快，但这种状态一会儿就消失了。请问上师如何护持这种状态？.pdf
CreateFile(文件名、目录名或卷标语法不正确。123) : X:\disks\025\B.媒体文件\03.讲法音视频\普巴扎西仁波切\单人等多个文件\普巴扎西(3)\柯日密咒洲整站(文件核对版303G)普巴扎西仁波切 2022年8月下载\05 佛法答疑\03 禅定精要 纯文字\20-29页\问：现前很多修学者往往有如下弊端：念诵心咒时随心而诵，随意而止，甚至间或应答世俗语；禅修时若遇琐事，起座即走；有者觉得每次修法后当下回向麻烦，意欲晚间集中回向。如上未及时回向之行持有何过失？.pdf
CreateFile(文件名、目录名或卷标语法不正确。123) : X:\disks\025\B.媒体文件\03.讲法音视频\普巴扎西仁波切\单人等多个文件\普巴扎西(3)\柯日密咒洲整站(文件核对版303G)普巴扎西仁波切 2022年8月下载\05 佛法答疑\03 禅定精要 纯文字\20-29页\问：第二本净显现的时候出现幻相，是否因为意识没有完全离开身体？若要是没有离开的话，没有修行过的人，为亡者修破瓦法能否成功？修破瓦法成功与否是不是与亡者的根机和施破瓦者的功德有关？若意识离开亡者的身体了，为死者修破瓦法有用吗？.pdf
CreateFile(文件名、目录名或卷标语法不正确。123) : X:\disks\025\B.媒体文件\03.讲法音视频\普巴扎西仁波切\单人等多个文件\普巴扎西(3)\柯日密咒洲整站(文件核对版303G)普巴扎西仁波切 2022年8月下载\05 佛法答疑\03 禅定精要 纯文字\20-29页\问：请问排九节风时，第一步“右手结印成三股金刚杵，以中指抵住右鼻孔，从左鼻孔以先缓、中快、后缓的方式排气三次，所排之气如小麦形状（两头细中间粗），观无始以来至今嗔心所造一切罪业及病魔，如灰白色之垢气排出而获得清净”，其原理是什么？.pdf
CreateFile(文件名、目录名或卷标语法不正确。123) : X:\disks\025\B.媒体文件\03.讲法音视频\普巴扎西仁波切\单人等多个文件\普巴扎西(3)\柯日密咒洲整站(文件核对版303G)普巴扎西仁波切 2022年8月下载\05 佛法答疑\03 禅定精要 纯文字\20-29页\问：请问排九节风时，第二步“右手结金刚拳，置于右大腿动脉之上；左手结三股金刚杵，以中指抵住左鼻孔从右鼻孔排气三次，观无始以来由贪心所造一切罪业及病魔如暗红色的风排出而获得清净。”其原理是什么？.pdf




